******************************************************************************
                  TI ARM Linker PC v16.9.6                     
******************************************************************************
>> Linked Thu Feb 22 21:58:42 2018

OUTPUT FILE NAME:   <int_sw.out>
ENTRY POINT SYMBOL: "_c_int00"  address: 2000882d


MEMORY CONFIGURATION

         name            origin    length      used     unused   attr    fill
----------------------  --------  ---------  --------  --------  ----  --------
  SRAM_CODE             20004000   00019000  00005320  00013ce0  RW X
  SRAM_DATA             2001d000   00023000  00001b68  00021498  RW X


SEGMENT ALLOCATION MAP

run origin  load origin   length   init length attrs members
----------  ----------- ---------- ----------- ----- -------
20004000    20004000    00005320   00005320    r-x
  20004000    20004000    00000400   00000400    r-- .intvecs
  20004400    20004400    00004b04   00004b04    r-x .text
  20008f04    20008f04    0000034c   0000034c    r-- .const
  20009250    20009250    000000d0   000000d0    r-- .cinit
2001d000    2001d000    0000136c   00000000    rw-
  2001d000    2001d000    0000093c   00000000    rw- .bss
  2001d940    2001d940    00000800   00000000    rw- .sysmem
  2001e140    2001e140    0000022c   00000000    rw- .data
2003f800    2003f800    00000800   00000000    rw-
  2003f800    2003f800    00000800   00000000    rw- .stack


SECTION ALLOCATION MAP

 output                                  attributes/
section   page    origin      length       input sections
--------  ----  ----------  ----------   ----------------
.intvecs   0    20004000    00000400     
                  20004000    00000400     startup_ccs.obj (.intvecs)

.init_array 
*          0    20004000    00000000     UNINITIALIZED

.text      0    20004400    00004b04     
                  20004400    00001122     rtsv7M4_T_le_eabi.lib : _printfi.obj (.text)
                  20005522    00000002                           : mpu_init.obj (.text)
                  20005524    00000a30     main.obj (.text)
                  20005f54    00000476     Adafruit_OLED.obj (.text)
                  200063ca    00000002     rtsv7M4_T_le_eabi.lib : startup.obj (.text)
                  200063cc    000003d0                           : memory.obj (.text)
                  2000679c    00000280     uart_if.obj (.text)
                  20006a1c    000001f4     rtsv7M4_T_le_eabi.lib : ull_div_t2.obj (.text)
                  20006c10    000001c4                           : fopen.obj (.text)
                  20006dd4    000001b6                           : fd_add_t2.obj (.text)
                  20006f8a    00000002     --HOLE-- [fill = 0]
                  20006f8c    00000178     driverlib.a : prcm.obj (.text:PRCMCC3200MCUInit)
                  20007104    00000136     rtsv7M4_T_le_eabi.lib : fd_div_t2.obj (.text)
                  2000723a    00000002     --HOLE-- [fill = 0]
                  2000723c    00000134                           : fputs.obj (.text)
                  20007370    00000128     pin_mux_config.obj (.text)
                  20007498    000000fc     rtsv7M4_T_le_eabi.lib : fd_mul_t2.obj (.text)
                  20007594    000000dc                           : setvbuf.obj (.text)
                  20007670    000000d0                           : s_scalbn.obj (.text)
                  20007740    000000c8                           : fflush.obj (.text)
                  20007808    000000bc                           : open.obj (.text)
                  200078c4    000000ac                           : _io_perm.obj (.text)
                  20007970    000000a8     driverlib.a : interrupt.obj (.text:IntEnable)
                  20007a18    000000a0                 : spi.obj (.text:SPIConfigSetExpClk)
                  20007ab8    0000009c     rtsv7M4_T_le_eabi.lib : memcpy_t2.obj (.text)
                  20007b54    00000098                           : fclose.obj (.text)
                  20007bec    00000098                           : fputc.obj (.text)
                  20007c84    00000094     driverlib.a : prcm.obj (.text:PRCMPeripheralClockGet)
                  20007d18    00000088                 : pin.obj (.text:PinConfigSet)
                  20007da0    00000088     rtsv7M4_T_le_eabi.lib : vsnprintf.obj (.text)
                  20007e28    00000086                           : fd_cmp_t2.obj (.text:__aeabi_cdcmple)
                  20007eae    00000086                           : fd_cmp_t2.obj (.text:__aeabi_cdrcmple)
                  20007f34    0000007a                           : memset_t2.obj (.text)
                  20007fae    00000076     driverlib.a : uart.obj (.text:UARTConfigSetExpClk)
                  20008024    00000070     rtsv7M4_T_le_eabi.lib : autoinit.obj (.text)
                  20008094    00000070                           : getdevice.obj (.text)
                  20008104    00000070                           : printf.obj (.text)
                  20008174    00000068                           : copy_decompress_lzss.obj (.text:decompress:lzss)
                  200081dc    00000068                           : hostlseek.obj (.text)
                  20008244    00000068                           : hostrename.obj (.text)
                  200082ac    00000068                           : trgmsg.obj (.text)
                  20008314    00000064                           : fseek.obj (.text)
                  20008378    00000060                           : hostopen.obj (.text)
                  200083d8    0000005c                           : close.obj (.text)
                  20008434    0000005c                           : s_frexp.obj (.text)
                  20008490    00000058     driverlib.a : prcm.obj (.text:PRCMPeripheralReset)
                  200084e8    00000058     rtsv7M4_T_le_eabi.lib : hostread.obj (.text)
                  20008540    00000058                           : hostwrite.obj (.text)
                  20008598    00000054                           : exit.obj (.text)
                  200085ec    00000054                           : ltoa.obj (.text)
                  20008640    0000004c                           : atoi.obj (.text)
                  2000868c    0000004c                           : cpy_tbl.obj (.text)
                  200086d8    00000048                           : fd_toi_t2.obj (.text)
                  20008720    00000044     driverlib.a : uart.obj (.text:UARTIntNumberGet)
                  20008764    00000044     rtsv7M4_T_le_eabi.lib : hostclose.obj (.text)
                  200087a8    00000044                           : hostunlink.obj (.text)
                  200087ec    00000040     driverlib.a : pin.obj (.text:PinModeSet)
                  2000882c    00000040     rtsv7M4_T_le_eabi.lib : boot.obj (.text)
                  2000886c    0000003c     driverlib.a : prcm.obj (.text:PRCMPeripheralClkEnable)
                  200088a8    00000036                 : gpio.obj (.text:GPIODirModeSet)
                  200088de    00000036     rtsv7M4_T_le_eabi.lib : strncpy.obj (.text)
                  20008914    00000030     driverlib.a : pin.obj (.text:PinTypeGPIO)
                  20008944    00000030                 : uart.obj (.text:UARTDisable)
                  20008974    0000002e     rtsv7M4_T_le_eabi.lib : i_tofd_t2.obj (.text)
                  200089a2    00000002     --HOLE-- [fill = 0]
                  200089a4    0000002c     driverlib.a : prcm.obj (.text:PRCMSysResetCauseGet)
                  200089d0    0000002c     rtsv7M4_T_le_eabi.lib : unlink.obj (.text)
                  200089fc    00000028     driverlib.a : prcm.obj (.text:PRCMPeripheralClkDisable)
                  20008a24    00000028     rtsv7M4_T_le_eabi.lib : lseek.obj (.text)
                  20008a4c    00000028                           : write.obj (.text)
                  20008a74    00000024     driverlib.a : uart.obj (.text:UARTEnable)
                  20008a98    00000024     rtsv7M4_T_le_eabi.lib : memmov.obj (.text)
                  20008abc    00000022     driverlib.a : spi.obj (.text:SPIReset)
                  20008ade    00000020                 : gpio.obj (.text:GPIOPinWrite)
                  20008afe    00000002     --HOLE-- [fill = 0]
                  20008b00    00000020                 : interrupt.obj (.text:IntRegister)
                  20008b20    00000020                 : spi.obj (.text:SPIDataGet)
                  20008b40    00000020     rtsv7M4_T_le_eabi.lib : memchr.obj (.text)
                  20008b60    0000001e     driverlib.a : spi.obj (.text:SPIDataPut)
                  20008b7e    0000001e                 : timer.obj (.text:TimerIntStatus)
                  20008b9c    0000001e                 : uart.obj (.text:UARTCharPut)
                  20008bba    0000001e                 : uart.obj (.text:UARTIntRegister)
                  20008bd8    0000001e                 : uart.obj (.text:UARTIntStatus)
                  20008bf6    00000002     --HOLE-- [fill = 0]
                  20008bf8    0000001c                 : systick.obj (.text:SysTickIntRegister)
                  20008c14    0000001c                 : uart.obj (.text:UARTCharGetNonBlocking)
                  20008c30    0000001c     rtsv7M4_T_le_eabi.lib : memccpy.obj (.text)
                  20008c4c    0000001a     driverlib.a : pin.obj (.text:PinTypeSPI)
                  20008c66    0000001a                 : pin.obj (.text:PinTypeUART)
                  20008c80    0000001a                 : spi.obj (.text:SPIFIFOEnable)
                  20008c9a    00000018                 : spi.obj (.text:SPICSDisable)
                  20008cb2    00000018                 : spi.obj (.text:SPICSEnable)
                  20008cca    00000018                 : spi.obj (.text:SPIEnable)
                  20008ce2    00000002     --HOLE-- [fill = 0]
                  20008ce4    00000018                 : systick.obj (.text:SysTickPeriodSet)
                  20008cfc    00000018                 : uart.obj (.text:UARTCharsAvail)
                  20008d14    00000018                 : uart.obj (.text:UARTIntDisable)
                  20008d2c    00000018                 : uart.obj (.text:UARTIntEnable)
                  20008d44    00000018     rtsv7M4_T_le_eabi.lib : args_main.obj (.text)
                  20008d5c    00000018                           : strcmp.obj (.text)
                  20008d74    00000016     driverlib.a : prcm.obj (.text:PRCMHIBRegRead)
                  20008d8a    00000016                 : prcm.obj (.text:PRCMHIBRegWrite)
                  20008da0    00000016                 : uart.obj (.text:UARTCharGet)
                  20008db6    00000016                 : uart.obj (.text:UARTFIFODisable)
                  20008dcc    00000016                 : uart.obj (.text:UARTFIFOEnable)
                  20008de2    00000016     rtsv7M4_T_le_eabi.lib : strchr.obj (.text)
                  20008df8    00000014     driverlib.a : cpu.obj (.text:CPUcpsie)
                  20008e0c    00000014                 : interrupt.obj (.text:IntVTableBaseSet)
                  20008e20    00000014     rtsv7M4_T_le_eabi.lib : _lock.obj (.text)
                  20008e34    00000014                           : strcpy.obj (.text)
                  20008e48    00000014                           : strlen.obj (.text)
                  20008e5c    00000012     driverlib.a : timer.obj (.text:TimerIntClear)
                  20008e6e    00000012                 : uart.obj (.text:UARTIntClear)
                  20008e80    00000010                 : systick.obj (.text:SysTickDisable)
                  20008e90    00000010                 : systick.obj (.text:SysTickEnable)
                  20008ea0    00000010                 : systick.obj (.text:SysTickIntDisable)
                  20008eb0    00000010                 : systick.obj (.text:SysTickIntEnable)
                  20008ec0    0000000e     rtsv7M4_T_le_eabi.lib : copy_decompress_none.obj (.text:decompress:none)
                  20008ece    0000000e     startup_ccs.obj (.text)
                  20008edc    0000000c     rtsv7M4_T_le_eabi.lib : copy_zero_init.obj (.text:decompress:ZI)
                  20008ee8    0000000a     driverlib.a : interrupt.obj (.text:IntMasterEnable)
                  20008ef2    00000008     rtsv7M4_T_le_eabi.lib : s_copysign.obj (.text)
                  20008efa    00000006     driverlib.a : utils.obj (.text:UtilsDelay)
                  20008f00    00000004     rtsv7M4_T_le_eabi.lib : pre_init.obj (.text)

.const     0    20008f04    0000034c     
                  20008f04    00000101     rtsv7M4_T_le_eabi.lib : ctype.obj (.const:.string:_ctypes_)
                  20009005    00000003     --HOLE-- [fill = 0]
                  20009008    00000100     driverlib.a : pin.obj (.const:g_ulPinToPadMap)
                  20009108    000000a8                 : prcm.obj (.const:PRCM_PeriphRegsList)
                  200091b0    00000080                 : interrupt.obj (.const)
                  20009230    00000010     main.obj (.const:$P$T0$1)
                  20009240    00000010     driverlib.a : uart.obj (.const)

.cinit     0    20009250    000000d0     
                  20009250    000000a9     (.cinit..data.load) [load image, compression = lzss]
                  200092f9    00000003     --HOLE-- [fill = 0]
                  200092fc    0000000c     (__TI_handler_table)
                  20009308    00000008     (.cinit..bss.load) [load image, compression = zero_init]
                  20009310    00000010     (__TI_cinit_table)

.bss       0    2001d000    0000093c     UNINITIALIZED
                  2001d000    00000668     (.common:buffer)
                  2001d668    00000120     rtsv7M4_T_le_eabi.lib : trgmsg.obj (.bss:_CIOBUF_)
                  2001d788    000000a0     (.common:__TI_tmpnams)
                  2001d828    00000040     (.common:pressedButtons)
                  2001d868    00000040     (.common:readBuffer)
                  2001d8a8    00000040     (.common:receiverBuffer)
                  2001d8e8    00000020     (.common:power_all)
                  2001d908    00000008     (.common:parmbuf)
                  2001d910    00000004     uart_if.obj (.bss)
                  2001d914    00000004     (.common:_readTime)
                  2001d918    00000004     (.common:_time)
                  2001d91c    00000004     (.common:bPressed)
                  2001d920    00000004     (.common:charRead)
                  2001d924    00000004     (.common:delFlag)
                  2001d928    00000004     (.common:fPressed)
                  2001d92c    00000004     (.common:goertzelsFlag)
                  2001d930    00000004     (.common:new_dig)
                  2001d934    00000004     (.common:receiverLineNumber)
                  2001d938    00000004     (.common:sysTickFlag)

.sysmem    0    2001d940    00000800     UNINITIALIZED
                  2001d940    00000008     rtsv7M4_T_le_eabi.lib : memory.obj (.sysmem)
                  2001d948    000007f8     --HOLE--

.data      0    2001e140    0000022c     UNINITIALIZED
                  2001e140    000000f0     rtsv7M4_T_le_eabi.lib : defs.obj (.data:_ftable)
                  2001e230    00000078                           : write.obj (.data:_device)
                  2001e2a8    00000050                           : write.obj (.data:_stream)
                  2001e2f8    00000020     main.obj (.data:coeff)
                  2001e318    00000010     rtsv7M4_T_le_eabi.lib : defs.obj (.data)
                  2001e328    0000000c                           : exit.obj (.data:$O1$$)
                  2001e334    0000000c                           : memory.obj (.data:$O1$$)
                  2001e340    0000000c     main.obj (.data)
                  2001e34c    00000008     rtsv7M4_T_le_eabi.lib : _lock.obj (.data:$O1$$)
                  2001e354    00000008     main.obj (.data:adc)
                  2001e35c    00000004     rtsv7M4_T_le_eabi.lib : errno.obj (.data)
                  2001e360    00000004                           : fopen.obj (.data)
                  2001e364    00000004                           : open.obj (.data)
                  2001e368    00000004                           : stkdepth_vars.obj (.data)

.stack     0    2003f800    00000800     UNINITIALIZED
                  2003f800    00000800     --HOLE--

MODULE SUMMARY

       Module                     code    ro data   rw data
       ------                     ----    -------   -------
    .\
       main.obj                   2608    16        1956   
       Adafruit_OLED.obj          1142    0         0      
       startup_ccs.obj            14      1024      0      
       uart_if.obj                640     0         4      
       pin_mux_config.obj         296     0         0      
    +--+--------------------------+-------+---------+---------+
       Total:                     4700    1040      1960   
                                                           
    C:/ti/CC3200SDK_1.3.0/cc3200-sdk/driverlib/ccs/Release/driverlib.a
       prcm.obj                   800     168       0      
       uart.obj                   544     16        0      
       pin.obj                    300     256       0      
       interrupt.obj              230     128       0      
       spi.obj                    354     0         0      
       systick.obj                116     0         0      
       gpio.obj                   86      0         0      
       timer.obj                  48      0         0      
       cpu.obj                    20      0         0      
       utils.obj                  6       0         0      
    +--+--------------------------+-------+---------+---------+
       Total:                     2504    568       0      
                                                           
    C:\ti\ccsv7\tools\compiler\ti-cgt-arm_16.9.6.LTS\lib\rtsv7M4_T_le_eabi.lib
       _printfi.obj               4386    0         0      
       memory.obj                 976     0         12     
       ull_div_t2.obj             500     0         0      
       fopen.obj                  452     0         4      
       fd_add_t2.obj              438     0         0      
       defs.obj                   0       0         416    
       trgmsg.obj                 104     0         288    
       fd_div_t2.obj              310     0         0      
       fputs.obj                  308     0         0      
       fd_cmp_t2.obj              268     0         0      
       ctype.obj                  0       257       0      
       fd_mul_t2.obj              252     0         0      
       write.obj                  40      0         200    
       setvbuf.obj                220     0         0      
       s_scalbn.obj               208     0         0      
       fflush.obj                 200     0         0      
       open.obj                   188     0         4      
       _io_perm.obj               172     0         0      
       memcpy_t2.obj              156     0         0      
       fclose.obj                 152     0         0      
       fputc.obj                  152     0         0      
       vsnprintf.obj              136     0         0      
       memset_t2.obj              122     0         0      
       autoinit.obj               112     0         0      
       getdevice.obj              112     0         0      
       printf.obj                 112     0         0      
       copy_decompress_lzss.obj   104     0         0      
       hostlseek.obj              104     0         0      
       hostopen.obj               96      0         8      
       hostrename.obj             104     0         0      
       fseek.obj                  100     0         0      
       exit.obj                   84      0         12     
       close.obj                  92      0         0      
       s_frexp.obj                92      0         0      
       hostread.obj               88      0         0      
       hostwrite.obj              88      0         0      
       ltoa.obj                   84      0         0      
       atoi.obj                   76      0         0      
       cpy_tbl.obj                76      0         0      
       fd_toi_t2.obj              72      0         0      
       hostclose.obj              68      0         0      
       hostunlink.obj             68      0         0      
       boot.obj                   64      0         0      
       strncpy.obj                54      0         0      
       i_tofd_t2.obj              46      0         0      
       unlink.obj                 44      0         0      
       lseek.obj                  40      0         0      
       memmov.obj                 36      0         0      
       memchr.obj                 32      0         0      
       _lock.obj                  20      0         8      
       memccpy.obj                28      0         0      
       args_main.obj              24      0         0      
       strcmp.obj                 24      0         0      
       strchr.obj                 22      0         0      
       strcpy.obj                 20      0         0      
       strlen.obj                 20      0         0      
       copy_decompress_none.obj   14      0         0      
       copy_zero_init.obj         12      0         0      
       s_copysign.obj             8       0         0      
       errno.obj                  0       0         4      
       pre_init.obj               4       0         0      
       stkdepth_vars.obj          0       0         4      
       mpu_init.obj               2       0         0      
       startup.obj                2       0         0      
    +--+--------------------------+-------+---------+---------+
       Total:                     11988   257       960    
                                                           
       Heap:                      0       0         2048   
       Stack:                     0       0         2048   
       Linker Generated:          0       205       0      
    +--+--------------------------+-------+---------+---------+
       Grand Total:               19192   2070      7016   


LINKER GENERATED COPY TABLES

__TI_cinit_table @ 20009310 records: 2, size/record: 8, table size: 16
	.data: load addr=20009250, load size=000000a9 bytes, run addr=2001e140, run size=0000022c bytes, compression=lzss
	.bss: load addr=20009308, load size=00000008 bytes, run addr=2001d000, run size=0000093c bytes, compression=zero_init


LINKER GENERATED HANDLER TABLE

__TI_handler_table @ 200092fc records: 3, size/record: 4, table size: 12
	index: 0, handler: __TI_decompress_lzss
	index: 1, handler: __TI_decompress_none
	index: 2, handler: __TI_zero_init


GLOBAL SYMBOLS: SORTED ALPHABETICALLY BY Name 

address   name                           
-------   ----                           
20005fb5  Adafruit_Init                  
20008599  C$$EXIT                        
200082db  C$$IO$$                        
20008df9  CPUcpsie                       
200067dd  ClearTerm                      
2000612b  Color565                       
20005809  DisplayBanner                  
200067e7  Error                          
200088a9  GPIODirModeSet                 
20008adf  GPIOPinWrite                   
2000681f  GetCmd                         
2000574d  GetData                        
20008765  HOSTclose                      
200081dd  HOSTlseek                      
20008379  HOSTopen                       
200084e9  HOSTread                       
20008245  HOSTrename                     
200087a9  HOSTunlink                     
20008541  HOSTwrite                      
2000679d  InitTerm                       
20007971  IntEnable                      
20008ee9  IntMasterEnable                
20008b01  IntRegister                    
20008e0d  IntVTableBaseSet               
2001e344  MAX_BUFFER_COUNT               
200067bb  Message                        
20006f8d  PRCMCC3200MCUInit              
20008d75  PRCMHIBRegRead                 
20008d8b  PRCMHIBRegWrite                
200089fd  PRCMPeripheralClkDisable       
2000886d  PRCMPeripheralClkEnable        
20007c85  PRCMPeripheralClockGet         
20008491  PRCMPeripheralReset            
200089a5  PRCMSysResetCauseGet           
20007d19  PinConfigSet                   
200087ed  PinModeSet                     
20007371  PinMuxConfig                   
20008915  PinTypeGPIO                    
20008c4d  PinTypeSPI                     
20008c67  PinTypeUART                    
2000695d  Report                         
20008ecf  ResetISR                       
UNDEFED   SHT$$INIT_ARRAY$$Base          
UNDEFED   SHT$$INIT_ARRAY$$Limit         
20008c9b  SPICSDisable                   
20008cb3  SPICSEnable                    
20007a19  SPIConfigSetExpClk             
20008b21  SPIDataGet                     
20008b61  SPIDataPut                     
20008ccb  SPIEnable                      
20008c81  SPIFIFOEnable                  
20008abd  SPIReset                       
200056d9  SPI_Init                       
20008e81  SysTickDisable                 
20008e91  SysTickEnable                  
20008ea1  SysTickIntDisable              
20008eb1  SysTickIntEnable               
20008bf9  SysTickIntRegister             
20008ce5  SysTickPeriodSet               
20008e5d  TimerIntClear                  
20008b7f  TimerIntStatus                 
20005525  TimerRefIntHandler             
200068c5  TrimSpace                      
20008da1  UARTCharGet                    
20008c15  UARTCharGetNonBlocking         
20008b9d  UARTCharPut                    
20008cfd  UARTCharsAvail                 
20007faf  UARTConfigSetExpClk            
20008945  UARTDisable                    
20008a75  UARTEnable                     
20008db7  UARTFIFODisable                
20008dcd  UARTFIFOEnable                 
20008e6f  UARTIntClear                   
20008d15  UARTIntDisable                 
20008d2d  UARTIntEnable                  
20008bbb  UARTIntRegister                
20008bd9  UARTIntStatus                  
2000570b  UARTInt_Init                   
20008efb  UtilsDelay                     
2001d668  __CIOBUF_                      
20040000  __STACK_END                    
00000800  __STACK_SIZE                   
00000800  __SYSMEM_SIZE                  
20009310  __TI_CINIT_Base                
20009320  __TI_CINIT_Limit               
200092fc  __TI_Handler_Table_Base        
20009308  __TI_Handler_Table_Limit       
20008025  __TI_auto_init                 
20006cd9  __TI_cleanup                   
2001e328  __TI_cleanup_ptr               
20007b55  __TI_closefile                 
20008175  __TI_decompress_lzss           
20008ec1  __TI_decompress_none           
20007741  __TI_doflush                   
2001e32c  __TI_dtors_ptr                 
2001e330  __TI_enable_exit_profile_output
2001e318  __TI_ft_end                    
ffffffff  __TI_pprof_out_hndl            
20004c39  __TI_printfi                   
ffffffff  __TI_prof_data_size            
ffffffff  __TI_prof_data_start           
20007927  __TI_rd_ok                     
200082df  __TI_readmsg                   
20009250  __TI_static_base__             
2001d788  __TI_tmpnams                   
200082ad  __TI_writemsg                  
200078c5  __TI_wrt_ok                    
20008edd  __TI_zero_init                 
20007e29  __aeabi_cdcmpeq                
20007e29  __aeabi_cdcmple                
20007eaf  __aeabi_cdrcmple               
200086d9  __aeabi_d2iz                   
20006ddf  __aeabi_dadd                   
20007105  __aeabi_ddiv                   
20007499  __aeabi_dmul                   
20006dd5  __aeabi_dsub                   
20008975  __aeabi_i2d                    
20007f35  __aeabi_memclr                 
20007f35  __aeabi_memclr4                
20007f35  __aeabi_memclr8                
20007ab9  __aeabi_memcpy                 
20007ab9  __aeabi_memcpy4                
20007ab9  __aeabi_memcpy8                
20007f37  __aeabi_memset                 
20007f37  __aeabi_memset4                
20007f37  __aeabi_memset8                
2001e324  __aeabi_stderr                 
2001e31c  __aeabi_stdin                  
2001e320  __aeabi_stdout                 
20006a1d  __aeabi_uldivmod               
ffffffff  __binit__                      
ffffffff  __c_args__                     
20005523  __mpu_init                     
2003f800  __stack                        
20008d45  _args_main                     
2000882d  _c_int00                       
20008f04  _ctypes_                       
2001e230  _device                        
2001e140  _ftable                        
2001e34c  _lock                          
20008e2f  _nop                           
2001d914  _readTime                      
20008e27  _register_lock                 
20008e21  _register_unlock               
2001e2a8  _stream                        
2001d940  _sys_memory                    
200063cb  _system_post_cinit             
20008f01  _system_pre_init               
2001d918  _time                          
2001e350  _unlock                        
2000859d  abort                          
20008641  atoi                           
2001d91c  bPressed                       
ffffffff  binit                          
2001d000  buffer                         
2001e348  bufferCount                    
2000676d  calloc                         
2001e340  ch                             
2001d920  charRead                       
200083d9  close                          
2001e2f8  coeff                          
2000868d  copy_in                        
20008ef3  copysign                       
20008ef3  copysignl                      
2001d924  delFlag                        
200062d5  drawFastHLine                  
20006239  drawFastVLine                  
20006371  drawPixel                      
2001e35c  errno                          
200085a5  exit                           
2001d928  fPressed                       
20007bbb  fclose                         
2000778d  fflush                         
20006183  fillRect                       
2000616d  fillScreen                     
20008095  finddevice                     
20006d2f  fopen                          
20007bed  fputc                          
2000723d  fputs                          
200064b7  free                           
20006d05  freopen                        
20008435  frexp                          
20008435  frexpl                         
20008315  fseek                          
20004000  g_pfnVectors                   
200080bf  getdevice                      
200060e7  goTo                           
20005835  goertzel                       
2001d92c  goertzelsFlag                  
20005599  initializeArr                  
200063af  invert                         
20007671  ldexp                          
20007671  ldexpl                         
20008a25  lseek                          
200085ed  ltoa                           
20005a79  main                           
2001e368  main_func_sp                   
2000644d  malloc                         
20006681  memalign                       
20008c31  memccpy                        
20008b41  memchr                         
20007ab9  memcpy                         
20008a99  memmove                        
20007f3d  memset                         
200063cd  minit                          
2001d930  new_dig                        
20007809  open                           
2001d908  parmbuf                        
200058ed  post_test                      
2001d8e8  power_all                      
2001d828  pressedButtons                 
200055c5  printArr                       
200055f9  printBuffer                    
2000810d  printf                         
20007bed  putc                           
20007c71  putchar                        
20007349  puts                           
2001d868  readBuffer                     
20006577  realloc                        
2000566b  receiveMessage                 
2001d8a8  receiverBuffer                 
2001d934  receiverLineNumber             
200089d1  remove                         
20007671  scalbn                         
20007671  scalbnl                        
2000562d  sendMessage                    
20007595  setvbuf                        
20008de3  strchr                         
20008d5d  strcmp                         
20008e35  strcpy                         
20008e49  strlen                         
200088df  strncpy                        
2001d938  sysTickFlag                    
2000557b  timerInit                      
200089d1  unlink                         
20007da1  vsnprintf                      
20008a4d  write                          
20005f55  writeCommand                   
20005f85  writeData                      


GLOBAL SYMBOLS: SORTED BY Symbol Address 

address   name                           
-------   ----                           
00000800  __STACK_SIZE                   
00000800  __SYSMEM_SIZE                  
20004000  g_pfnVectors                   
20004c39  __TI_printfi                   
20005523  __mpu_init                     
20005525  TimerRefIntHandler             
2000557b  timerInit                      
20005599  initializeArr                  
200055c5  printArr                       
200055f9  printBuffer                    
2000562d  sendMessage                    
2000566b  receiveMessage                 
200056d9  SPI_Init                       
2000570b  UARTInt_Init                   
2000574d  GetData                        
20005809  DisplayBanner                  
20005835  goertzel                       
200058ed  post_test                      
20005a79  main                           
20005f55  writeCommand                   
20005f85  writeData                      
20005fb5  Adafruit_Init                  
200060e7  goTo                           
2000612b  Color565                       
2000616d  fillScreen                     
20006183  fillRect                       
20006239  drawFastVLine                  
200062d5  drawFastHLine                  
20006371  drawPixel                      
200063af  invert                         
200063cb  _system_post_cinit             
200063cd  minit                          
2000644d  malloc                         
200064b7  free                           
20006577  realloc                        
20006681  memalign                       
2000676d  calloc                         
2000679d  InitTerm                       
200067bb  Message                        
200067dd  ClearTerm                      
200067e7  Error                          
2000681f  GetCmd                         
200068c5  TrimSpace                      
2000695d  Report                         
20006a1d  __aeabi_uldivmod               
20006cd9  __TI_cleanup                   
20006d05  freopen                        
20006d2f  fopen                          
20006dd5  __aeabi_dsub                   
20006ddf  __aeabi_dadd                   
20006f8d  PRCMCC3200MCUInit              
20007105  __aeabi_ddiv                   
2000723d  fputs                          
20007349  puts                           
20007371  PinMuxConfig                   
20007499  __aeabi_dmul                   
20007595  setvbuf                        
20007671  ldexp                          
20007671  ldexpl                         
20007671  scalbn                         
20007671  scalbnl                        
20007741  __TI_doflush                   
2000778d  fflush                         
20007809  open                           
200078c5  __TI_wrt_ok                    
20007927  __TI_rd_ok                     
20007971  IntEnable                      
20007a19  SPIConfigSetExpClk             
20007ab9  __aeabi_memcpy                 
20007ab9  __aeabi_memcpy4                
20007ab9  __aeabi_memcpy8                
20007ab9  memcpy                         
20007b55  __TI_closefile                 
20007bbb  fclose                         
20007bed  fputc                          
20007bed  putc                           
20007c71  putchar                        
20007c85  PRCMPeripheralClockGet         
20007d19  PinConfigSet                   
20007da1  vsnprintf                      
20007e29  __aeabi_cdcmpeq                
20007e29  __aeabi_cdcmple                
20007eaf  __aeabi_cdrcmple               
20007f35  __aeabi_memclr                 
20007f35  __aeabi_memclr4                
20007f35  __aeabi_memclr8                
20007f37  __aeabi_memset                 
20007f37  __aeabi_memset4                
20007f37  __aeabi_memset8                
20007f3d  memset                         
20007faf  UARTConfigSetExpClk            
20008025  __TI_auto_init                 
20008095  finddevice                     
200080bf  getdevice                      
2000810d  printf                         
20008175  __TI_decompress_lzss           
200081dd  HOSTlseek                      
20008245  HOSTrename                     
200082ad  __TI_writemsg                  
200082db  C$$IO$$                        
200082df  __TI_readmsg                   
20008315  fseek                          
20008379  HOSTopen                       
200083d9  close                          
20008435  frexp                          
20008435  frexpl                         
20008491  PRCMPeripheralReset            
200084e9  HOSTread                       
20008541  HOSTwrite                      
20008599  C$$EXIT                        
2000859d  abort                          
200085a5  exit                           
200085ed  ltoa                           
20008641  atoi                           
2000868d  copy_in                        
200086d9  __aeabi_d2iz                   
20008765  HOSTclose                      
200087a9  HOSTunlink                     
200087ed  PinModeSet                     
2000882d  _c_int00                       
2000886d  PRCMPeripheralClkEnable        
200088a9  GPIODirModeSet                 
200088df  strncpy                        
20008915  PinTypeGPIO                    
20008945  UARTDisable                    
20008975  __aeabi_i2d                    
200089a5  PRCMSysResetCauseGet           
200089d1  remove                         
200089d1  unlink                         
200089fd  PRCMPeripheralClkDisable       
20008a25  lseek                          
20008a4d  write                          
20008a75  UARTEnable                     
20008a99  memmove                        
20008abd  SPIReset                       
20008adf  GPIOPinWrite                   
20008b01  IntRegister                    
20008b21  SPIDataGet                     
20008b41  memchr                         
20008b61  SPIDataPut                     
20008b7f  TimerIntStatus                 
20008b9d  UARTCharPut                    
20008bbb  UARTIntRegister                
20008bd9  UARTIntStatus                  
20008bf9  SysTickIntRegister             
20008c15  UARTCharGetNonBlocking         
20008c31  memccpy                        
20008c4d  PinTypeSPI                     
20008c67  PinTypeUART                    
20008c81  SPIFIFOEnable                  
20008c9b  SPICSDisable                   
20008cb3  SPICSEnable                    
20008ccb  SPIEnable                      
20008ce5  SysTickPeriodSet               
20008cfd  UARTCharsAvail                 
20008d15  UARTIntDisable                 
20008d2d  UARTIntEnable                  
20008d45  _args_main                     
20008d5d  strcmp                         
20008d75  PRCMHIBRegRead                 
20008d8b  PRCMHIBRegWrite                
20008da1  UARTCharGet                    
20008db7  UARTFIFODisable                
20008dcd  UARTFIFOEnable                 
20008de3  strchr                         
20008df9  CPUcpsie                       
20008e0d  IntVTableBaseSet               
20008e21  _register_unlock               
20008e27  _register_lock                 
20008e2f  _nop                           
20008e35  strcpy                         
20008e49  strlen                         
20008e5d  TimerIntClear                  
20008e6f  UARTIntClear                   
20008e81  SysTickDisable                 
20008e91  SysTickEnable                  
20008ea1  SysTickIntDisable              
20008eb1  SysTickIntEnable               
20008ec1  __TI_decompress_none           
20008ecf  ResetISR                       
20008edd  __TI_zero_init                 
20008ee9  IntMasterEnable                
20008ef3  copysign                       
20008ef3  copysignl                      
20008efb  UtilsDelay                     
20008f01  _system_pre_init               
20008f04  _ctypes_                       
20009250  __TI_static_base__             
200092fc  __TI_Handler_Table_Base        
20009308  __TI_Handler_Table_Limit       
20009310  __TI_CINIT_Base                
20009320  __TI_CINIT_Limit               
2001d000  buffer                         
2001d668  __CIOBUF_                      
2001d788  __TI_tmpnams                   
2001d828  pressedButtons                 
2001d868  readBuffer                     
2001d8a8  receiverBuffer                 
2001d8e8  power_all                      
2001d908  parmbuf                        
2001d914  _readTime                      
2001d918  _time                          
2001d91c  bPressed                       
2001d920  charRead                       
2001d924  delFlag                        
2001d928  fPressed                       
2001d92c  goertzelsFlag                  
2001d930  new_dig                        
2001d934  receiverLineNumber             
2001d938  sysTickFlag                    
2001d940  _sys_memory                    
2001e140  _ftable                        
2001e230  _device                        
2001e2a8  _stream                        
2001e2f8  coeff                          
2001e318  __TI_ft_end                    
2001e31c  __aeabi_stdin                  
2001e320  __aeabi_stdout                 
2001e324  __aeabi_stderr                 
2001e328  __TI_cleanup_ptr               
2001e32c  __TI_dtors_ptr                 
2001e330  __TI_enable_exit_profile_output
2001e340  ch                             
2001e344  MAX_BUFFER_COUNT               
2001e348  bufferCount                    
2001e34c  _lock                          
2001e350  _unlock                        
2001e35c  errno                          
2001e368  main_func_sp                   
2003f800  __stack                        
20040000  __STACK_END                    
ffffffff  __TI_pprof_out_hndl            
ffffffff  __TI_prof_data_size            
ffffffff  __TI_prof_data_start           
ffffffff  __binit__                      
ffffffff  __c_args__                     
ffffffff  binit                          
UNDEFED   SHT$$INIT_ARRAY$$Base          
UNDEFED   SHT$$INIT_ARRAY$$Limit         

[239 symbols]
