******************************************************************************
                  TI ARM Linker PC v16.9.6                     
******************************************************************************
>> Linked Sun Feb 11 02:13:11 2018

OUTPUT FILE NAME:   <int_sw.out>
ENTRY POINT SYMBOL: "_c_int00"  address: 20007605


MEMORY CONFIGURATION

         name            origin    length      used     unused   attr    fill
----------------------  --------  ---------  --------  --------  ----  --------
  SRAM_CODE             20004000   00019000  00003ffe  00015002  RW X
  SRAM_DATA             2001d000   00023000  00001885  0002177b  RW X


SEGMENT ALLOCATION MAP

run origin  load origin   length   init length attrs members
----------  ----------- ---------- ----------- ----- -------
20004000    20004000    00004000   00004000    r-x
  20004000    20004000    00000400   00000400    r-- .intvecs
  20004400    20004400    00003756   00003756    r-x .text
  20007b58    20007b58    00000400   00000400    r-- .const
  20007f58    20007f58    000000a8   000000a8    r-- .cinit
2001d000    2001d000    00001085   00000000    rw-
  2001d000    2001d000    00000800   00000000    rw- .sysmem
  2001d800    2001d800    000006c0   00000000    rw- .data
  2001dec0    2001dec0    000001c5   00000000    rw- .bss
2003f800    2003f800    00000800   00000000    rw-
  2003f800    2003f800    00000800   00000000    rw- .stack


SECTION ALLOCATION MAP

 output                                  attributes/
section   page    origin      length       input sections
--------  ----  ----------  ----------   ----------------
.intvecs   0    20004000    00000400     
                  20004000    00000400     startup_ccs.obj (.intvecs)

.init_array 
*          0    20004000    00000000     UNINITIALIZED

.text      0    20004400    00003756     
                  20004400    00001122     rtsv7M4_T_le_eabi.lib : _printfi.obj (.text)
                  20005522    00000002     driverlib.a : interrupt.obj (.text:IntDefaultHandler)
                  20005524    000004d4     main.obj (.text)
                  200059f8    000003d0     rtsv7M4_T_le_eabi.lib : memory.obj (.text)
                  20005dc8    00000280     uart_if.obj (.text)
                  20006048    000001f4     rtsv7M4_T_le_eabi.lib : ull_div_t2.obj (.text)
                  2000623c    000001b6                           : fd_add_t2.obj (.text)
                  200063f2    00000002                           : mpu_init.obj (.text)
                  200063f4    00000198     timer_if.obj (.text)
                  2000658c    00000178     driverlib.a : prcm.obj (.text:PRCMCC3200MCUInit)
                  20006704    00000136     rtsv7M4_T_le_eabi.lib : fd_div_t2.obj (.text)
                  2000683a    000000fc                           : fd_mul_t2.obj (.text)
                  20006936    000000e2     pin_mux_config.obj (.text)
                  20006a18    000000d0     rtsv7M4_T_le_eabi.lib : s_scalbn.obj (.text)
                  20006ae8    000000a8     driverlib.a : interrupt.obj (.text:IntDisable)
                  20006b90    000000a8                 : interrupt.obj (.text:IntEnable)
                  20006c38    0000009c     rtsv7M4_T_le_eabi.lib : memcpy_t2.obj (.text)
                  20006cd4    00000094     driverlib.a : prcm.obj (.text:PRCMPeripheralClockGet)
                  20006d68    00000088                 : pin.obj (.text:PinConfigSet)
                  20006df0    00000088     rtsv7M4_T_le_eabi.lib : vsnprintf.obj (.text)
                  20006e78    00000086                           : fd_cmp_t2.obj (.text:__aeabi_cdcmple)
                  20006efe    00000086                           : fd_cmp_t2.obj (.text:__aeabi_cdrcmple)
                  20006f84    00000082     driverlib.a : gpio.obj (.text:GPIOIntTypeSet)
                  20007006    0000007a     rtsv7M4_T_le_eabi.lib : memset_t2.obj (.text)
                  20007080    00000076     driverlib.a : uart.obj (.text:UARTConfigSetExpClk)
                  200070f6    00000002     rtsv7M4_T_le_eabi.lib : startup.obj (.text)
                  200070f8    00000070     driverlib.a : timer.obj (.text:TimerIntRegister)
                  20007168    00000070     rtsv7M4_T_le_eabi.lib : autoinit.obj (.text)
                  200071d8    00000068     driverlib.a : timer.obj (.text:TimerIntUnregister)
                  20007240    00000068     rtsv7M4_T_le_eabi.lib : copy_decompress_lzss.obj (.text:decompress:lzss)
                  200072a8    0000005c                           : s_frexp.obj (.text)
                  20007304    00000058     driverlib.a : prcm.obj (.text:PRCMPeripheralReset)
                  2000735c    00000054                 : interrupt.obj (.text:IntPrioritySet)
                  200073b0    00000054     rtsv7M4_T_le_eabi.lib : exit.obj (.text)
                  20007404    00000054                           : ltoa.obj (.text)
                  20007458    0000004c                           : atoi.obj (.text)
                  200074a4    0000004c                           : cpy_tbl.obj (.text)
                  200074f0    00000048     driverlib.a : gpio.obj (.text:GPIOGetIntNumber)
                  20007538    00000048     rtsv7M4_T_le_eabi.lib : fd_toi_t2.obj (.text)
                  20007580    00000044     driverlib.a : timer.obj (.text:TimerConfigure)
                  200075c4    00000040                 : pin.obj (.text:PinModeSet)
                  20007604    00000040     rtsv7M4_T_le_eabi.lib : boot.obj (.text)
                  20007644    0000003c     driverlib.a : prcm.obj (.text:PRCMPeripheralClkEnable)
                  20007680    00000036                 : gpio.obj (.text:GPIODirModeSet)
                  200076b6    00000030                 : pin.obj (.text:PinTypeGPIO)
                  200076e6    00000002     --HOLE-- [fill = 0]
                  200076e8    00000030                 : uart.obj (.text:UARTDisable)
                  20007718    0000002e     rtsv7M4_T_le_eabi.lib : i_tofd_t2.obj (.text)
                  20007746    00000002     --HOLE-- [fill = 0]
                  20007748    0000002c     driverlib.a : prcm.obj (.text:PRCMSysResetCauseGet)
                  20007774    0000002a                 : timer.obj (.text:TimerLoadSet)
                  2000779e    0000002a                 : timer.obj (.text:TimerPrescaleSet)
                  200077c8    00000028                 : prcm.obj (.text:PRCMPeripheralClkDisable)
                  200077f0    00000024                 : interrupt.obj (.text:IntUnregister)
                  20007814    00000024                 : uart.obj (.text:UARTEnable)
                  20007838    00000024     rtsv7M4_T_le_eabi.lib : memmov.obj (.text)
                  2000785c    00000022     driverlib.a : gpio.obj (.text:GPIOIntStatus)
                  2000787e    00000022                 : timer.obj (.text:TimerValueSet)
                  200078a0    00000020                 : interrupt.obj (.text:IntRegister)
                  200078c0    0000001e                 : gpio.obj (.text:GPIOIntRegister)
                  200078de    0000001e                 : timer.obj (.text:TimerDisable)
                  200078fc    0000001e                 : timer.obj (.text:TimerEnable)
                  2000791a    0000001e                 : timer.obj (.text:TimerIntStatus)
                  20007938    0000001e                 : uart.obj (.text:UARTCharPut)
                  20007956    0000001c                 : timer.obj (.text:TimerValueGet)
                  20007972    0000001c                 : uart.obj (.text:UARTCharGetNonBlocking)
                  2000798e    0000001c     rtsv7M4_T_le_eabi.lib : memccpy.obj (.text)
                  200079aa    0000001a     driverlib.a : gpio.obj (.text:GPIOIntDisable)
                  200079c4    0000001a                 : gpio.obj (.text:GPIOIntEnable)
                  200079de    0000001a                 : pin.obj (.text:PinTypeUART)
                  200079f8    00000018                 : timer.obj (.text:TimerIntDisable)
                  20007a10    00000018                 : timer.obj (.text:TimerIntEnable)
                  20007a28    00000018                 : uart.obj (.text:UARTCharsAvail)
                  20007a40    00000018     rtsv7M4_T_le_eabi.lib : args_main.obj (.text)
                  20007a58    00000016     driverlib.a : prcm.obj (.text:PRCMHIBRegRead)
                  20007a6e    00000016                 : prcm.obj (.text:PRCMHIBRegWrite)
                  20007a84    00000016     rtsv7M4_T_le_eabi.lib : strchr.obj (.text)
                  20007a9a    00000014     driverlib.a : cpu.obj (.text:CPUcpsie)
                  20007aae    00000014                 : gpio.obj (.text:GPIOIntClear)
                  20007ac2    00000002     --HOLE-- [fill = 0]
                  20007ac4    00000014                 : interrupt.obj (.text:IntVTableBaseSet)
                  20007ad8    00000014     rtsv7M4_T_le_eabi.lib : _lock.obj (.text)
                  20007aec    00000014                           : strlen.obj (.text)
                  20007b00    00000012     driverlib.a : timer.obj (.text:TimerIntClear)
                  20007b12    0000000e     rtsv7M4_T_le_eabi.lib : copy_decompress_none.obj (.text:decompress:none)
                  20007b20    0000000e     startup_ccs.obj (.text)
                  20007b2e    0000000c     rtsv7M4_T_le_eabi.lib : copy_zero_init.obj (.text:decompress:ZI)
                  20007b3a    0000000a     driverlib.a : interrupt.obj (.text:IntMasterEnable)
                  20007b44    00000008     rtsv7M4_T_le_eabi.lib : s_copysign.obj (.text)
                  20007b4c    00000006     driverlib.a : utils.obj (.text:UtilsDelay)
                  20007b52    00000004     rtsv7M4_T_le_eabi.lib : pre_init.obj (.text)

.const     0    20007b58    00000400     
                  20007b58    00000101     rtsv7M4_T_le_eabi.lib : ctype.obj (.const:.string:_ctypes_)
                  20007c59    00000003     --HOLE-- [fill = 0]
                  20007c5c    00000100     driverlib.a : pin.obj (.const:g_ulPinToPadMap)
                  20007d5c    000000d4                 : interrupt.obj (.const:g_pulRegs)
                  20007e30    000000a8                 : prcm.obj (.const:PRCM_PeriphRegsList)
                  20007ed8    00000080                 : interrupt.obj (.const)

.cinit     0    20007f58    000000a8     
                  20007f58    0000007d     (.cinit..data.load) [load image, compression = lzss]
                  20007fd5    00000003     --HOLE-- [fill = 0]
                  20007fd8    0000000c     (__TI_handler_table)
                  20007fe4    00000004     --HOLE-- [fill = 0]
                  20007fe8    00000008     (.cinit..bss.load) [load image, compression = zero_init]
                  20007ff0    00000010     (__TI_cinit_table)

.sysmem    0    2001d000    00000800     UNINITIALIZED
                  2001d000    00000008     rtsv7M4_T_le_eabi.lib : memory.obj (.sysmem)
                  2001d008    000007f8     --HOLE--

.data      0    2001d800    000006c0     UNINITIALIZED
                  2001d800    00000690     main.obj (.data:buttons)
                  2001de90    0000000c     rtsv7M4_T_le_eabi.lib : exit.obj (.data:$O1$$)
                  2001de9c    0000000c                           : memory.obj (.data:$O1$$)
                  2001dea8    00000008                           : _lock.obj (.data:$O1$$)
                  2001deb0    00000008     main.obj (.data:gpioin)
                  2001deb8    00000004     rtsv7M4_T_le_eabi.lib : errno.obj (.data)
                  2001debc    00000004                           : stkdepth_vars.obj (.data)

.bss       0    2001dec0    000001c5     UNINITIALIZED
                  2001dec0    0000008c     (.common:bitSequence)
                  2001df4c    0000008c     (.common:timeInterval)
                  2001dfd8    0000008c     (.common:timeOfInterrupt)
                  2001e064    00000004     uart_if.obj (.bss)
                  2001e068    00000004     (.common:_readTime)
                  2001e06c    00000004     (.common:_time)
                  2001e070    00000004     (.common:buffer)
                  2001e074    00000004     (.common:interruptCounter)
                  2001e078    00000004     (.common:pulseCounter)
                  2001e07c    00000004     (.common:readIndex)
                  2001e080    00000004     (.common:time)
                  2001e084    00000001     (.common:currRead)

.stack     0    2003f800    00000800     UNINITIALIZED
                  2003f800    00000800     --HOLE--

MODULE SUMMARY

       Module                     code    ro data   rw data
       ------                     ----    -------   -------
    .\
       main.obj                   1236    0         2137   
       startup_ccs.obj            14      1024      0      
       uart_if.obj                640     0         4      
       timer_if.obj               408     0         0      
       pin_mux_config.obj         226     0         0      
    +--+--------------------------+-------+---------+---------+
       Total:                     2524    1024      2141   
                                                           
    C:/ti/CC3200SDK_1.3.0/cc3200-sdk/driverlib/ccs/Release/driverlib.a
       prcm.obj                   800     168       0      
       interrupt.obj              520     340       0      
       timer.obj                  586     0         0      
       pin.obj                    274     256       0      
       gpio.obj                   392     0         0      
       uart.obj                   284     0         0      
       cpu.obj                    20      0         0      
       utils.obj                  6       0         0      
    +--+--------------------------+-------+---------+---------+
       Total:                     2882    764       0      
                                                           
    C:\ti\ccsv7\tools\compiler\ti-cgt-arm_16.9.6.LTS\lib\rtsv7M4_T_le_eabi.lib
       _printfi.obj               4386    0         0      
       memory.obj                 976     0         12     
       ull_div_t2.obj             500     0         0      
       fd_add_t2.obj              438     0         0      
       fd_div_t2.obj              310     0         0      
       fd_cmp_t2.obj              268     0         0      
       ctype.obj                  0       257       0      
       fd_mul_t2.obj              252     0         0      
       s_scalbn.obj               208     0         0      
       memcpy_t2.obj              156     0         0      
       vsnprintf.obj              136     0         0      
       memset_t2.obj              122     0         0      
       autoinit.obj               112     0         0      
       copy_decompress_lzss.obj   104     0         0      
       exit.obj                   84      0         12     
       s_frexp.obj                92      0         0      
       ltoa.obj                   84      0         0      
       atoi.obj                   76      0         0      
       cpy_tbl.obj                76      0         0      
       fd_toi_t2.obj              72      0         0      
       boot.obj                   64      0         0      
       i_tofd_t2.obj              46      0         0      
       memmov.obj                 36      0         0      
       _lock.obj                  20      0         8      
       memccpy.obj                28      0         0      
       args_main.obj              24      0         0      
       strchr.obj                 22      0         0      
       strlen.obj                 20      0         0      
       copy_decompress_none.obj   14      0         0      
       copy_zero_init.obj         12      0         0      
       s_copysign.obj             8       0         0      
       errno.obj                  0       0         4      
       pre_init.obj               4       0         0      
       stkdepth_vars.obj          0       0         4      
       mpu_init.obj               2       0         0      
       startup.obj                2       0         0      
    +--+--------------------------+-------+---------+---------+
       Total:                     8754    257       40     
                                                           
       Heap:                      0       0         2048   
       Stack:                     0       0         2048   
       Linker Generated:          0       161       0      
    +--+--------------------------+-------+---------+---------+
       Grand Total:               14160   2206      6277   


LINKER GENERATED COPY TABLES

__TI_cinit_table @ 20007ff0 records: 2, size/record: 8, table size: 16
	.data: load addr=20007f58, load size=0000007d bytes, run addr=2001d800, run size=000006c0 bytes, compression=lzss
	.bss: load addr=20007fe8, load size=00000008 bytes, run addr=2001dec0, run size=000001c5 bytes, compression=zero_init


LINKER GENERATED HANDLER TABLE

__TI_handler_table @ 20007fd8 records: 3, size/record: 4, table size: 12
	index: 0, handler: __TI_decompress_lzss
	index: 1, handler: __TI_decompress_none
	index: 2, handler: __TI_zero_init


GLOBAL SYMBOLS: SORTED ALPHABETICALLY BY Name 

address   name                           
-------   ----                           
200073b1  C$$EXIT                        
20007a9b  CPUcpsie                       
20005e09  ClearTerm                      
20005e13  Error                          
20007681  GPIODirModeSet                 
20007aaf  GPIOIntClear                   
200079ab  GPIOIntDisable                 
200079c5  GPIOIntEnable                  
200078c1  GPIOIntRegister                
2000785d  GPIOIntStatus                  
20006f85  GPIOIntTypeSet                 
20005e4b  GetCmd                         
20005dc9  InitTerm                       
20006ae9  IntDisable                     
20006b91  IntEnable                      
20007b3b  IntMasterEnable                
2000735d  IntPrioritySet                 
200078a1  IntRegister                    
200077f1  IntUnregister                  
20007ac5  IntVTableBaseSet               
20005de7  Message                        
2000658d  PRCMCC3200MCUInit              
20007a59  PRCMHIBRegRead                 
20007a6f  PRCMHIBRegWrite                
200077c9  PRCMPeripheralClkDisable       
20007645  PRCMPeripheralClkEnable        
20006cd5  PRCMPeripheralClockGet         
20007305  PRCMPeripheralReset            
20007749  PRCMSysResetCauseGet           
20006d69  PinConfigSet                   
200075c5  PinModeSet                     
20006937  PinMuxConfig                   
200076b7  PinTypeGPIO                    
200079df  PinTypeUART                    
20005543  ReadTimeIntHandler             
20005f89  Report                         
20007b21  ResetISR                       
UNDEFED   SHT$$INIT_ARRAY$$Base          
UNDEFED   SHT$$INIT_ARRAY$$Limit         
20007581  TimerConfigure                 
200078df  TimerDisable                   
200078fd  TimerEnable                    
20007b01  TimerIntClear                  
200079f9  TimerIntDisable                
20007a11  TimerIntEnable                 
200070f9  TimerIntRegister               
2000791b  TimerIntStatus                 
200071d9  TimerIntUnregister             
20007775  TimerLoadSet                   
2000779f  TimerPrescaleSet               
20005525  TimerRefIntHandler             
20007957  TimerValueGet                  
2000787f  TimerValueSet                  
2000653b  Timer_IF_DeInit                
2000656d  Timer_IF_GetCount              
20006475  Timer_IF_Init                  
200064a7  Timer_IF_IntSetup              
200064f3  Timer_IF_InterruptClear        
20006555  Timer_IF_ReLoad                
2000650b  Timer_IF_Start                 
2000652b  Timer_IF_Stop                  
20005ef1  TrimSpace                      
20007973  UARTCharGetNonBlocking         
20007939  UARTCharPut                    
20007a29  UARTCharsAvail                 
20007081  UARTConfigSetExpClk            
200076e9  UARTDisable                    
20007815  UARTEnable                     
20007b4d  UtilsDelay                     
20040000  __STACK_END                    
00000800  __STACK_SIZE                   
00000800  __SYSMEM_SIZE                  
20007ff0  __TI_CINIT_Base                
20008000  __TI_CINIT_Limit               
20007fd8  __TI_Handler_Table_Base        
20007fe4  __TI_Handler_Table_Limit       
20007169  __TI_auto_init                 
2001de90  __TI_cleanup_ptr               
20007241  __TI_decompress_lzss           
20007b13  __TI_decompress_none           
2001de94  __TI_dtors_ptr                 
2001de98  __TI_enable_exit_profile_output
ffffffff  __TI_pprof_out_hndl            
20004c39  __TI_printfi                   
ffffffff  __TI_prof_data_size            
ffffffff  __TI_prof_data_start           
20007f58  __TI_static_base__             
20007b2f  __TI_zero_init                 
20006e79  __aeabi_cdcmpeq                
20006e79  __aeabi_cdcmple                
20006eff  __aeabi_cdrcmple               
20007539  __aeabi_d2iz                   
20006247  __aeabi_dadd                   
20006705  __aeabi_ddiv                   
2000683b  __aeabi_dmul                   
2000623d  __aeabi_dsub                   
20007719  __aeabi_i2d                    
20007007  __aeabi_memclr                 
20007007  __aeabi_memclr4                
20007007  __aeabi_memclr8                
20006c39  __aeabi_memcpy                 
20006c39  __aeabi_memcpy4                
20006c39  __aeabi_memcpy8                
20007009  __aeabi_memset                 
20007009  __aeabi_memset4                
20007009  __aeabi_memset8                
20006049  __aeabi_uldivmod               
ffffffff  __binit__                      
ffffffff  __c_args__                     
200063f3  __mpu_init                     
2003f800  __stack                        
20007a41  _args_main                     
20007605  _c_int00                       
20007b58  _ctypes_                       
2001dea8  _lock                          
20007ae7  _nop                           
2001e068  _readTime                      
20007adf  _register_lock                 
20007ad9  _register_unlock               
2001d000  _sys_memory                    
200070f7  _system_post_cinit             
20007b53  _system_pre_init               
2001e06c  _time                          
2001deac  _unlock                        
200073b5  abort                          
20007459  atoi                           
ffffffff  binit                          
2001dec0  bitSequence                    
2001e070  buffer                         
2001d800  buttons                        
20005d99  calloc                         
2000559d  compareBitPatterns             
20005561  compareTwoSequence             
200074a5  copy_in                        
20007b45  copysign                       
20007b45  copysignl                      
2001e084  currRead                       
2001deb8  errno                          
200073bd  exit                           
20005ae3  free                           
200072a9  frexp                          
200072a9  frexpl                         
20004000  g_pfnVectors                   
200056d7  initializeArr                  
2001e074  interruptCounter               
20006a19  ldexp                          
20006a19  ldexpl                         
20007405  ltoa                           
200057c9  main                           
2001debc  main_func_sp                   
20005a79  malloc                         
20005cad  memalign                       
2000798f  memccpy                        
20006c39  memcpy                         
20007839  memmove                        
2000700f  memset                         
200059f9  minit                          
20005713  printArr                       
2001e078  pulseCounter                   
2001e07c  readIndex                      
20005ba3  realloc                        
20006a19  scalbn                         
20006a19  scalbnl                        
20007a85  strchr                         
20007aed  strlen                         
2001e080  time                           
2001df4c  timeInterval                   
2001dfd8  timeOfInterrupt                
20006df1  vsnprintf                      


GLOBAL SYMBOLS: SORTED BY Symbol Address 

address   name                           
-------   ----                           
00000800  __STACK_SIZE                   
00000800  __SYSMEM_SIZE                  
20004000  g_pfnVectors                   
20004c39  __TI_printfi                   
20005525  TimerRefIntHandler             
20005543  ReadTimeIntHandler             
20005561  compareTwoSequence             
2000559d  compareBitPatterns             
200056d7  initializeArr                  
20005713  printArr                       
200057c9  main                           
200059f9  minit                          
20005a79  malloc                         
20005ae3  free                           
20005ba3  realloc                        
20005cad  memalign                       
20005d99  calloc                         
20005dc9  InitTerm                       
20005de7  Message                        
20005e09  ClearTerm                      
20005e13  Error                          
20005e4b  GetCmd                         
20005ef1  TrimSpace                      
20005f89  Report                         
20006049  __aeabi_uldivmod               
2000623d  __aeabi_dsub                   
20006247  __aeabi_dadd                   
200063f3  __mpu_init                     
20006475  Timer_IF_Init                  
200064a7  Timer_IF_IntSetup              
200064f3  Timer_IF_InterruptClear        
2000650b  Timer_IF_Start                 
2000652b  Timer_IF_Stop                  
2000653b  Timer_IF_DeInit                
20006555  Timer_IF_ReLoad                
2000656d  Timer_IF_GetCount              
2000658d  PRCMCC3200MCUInit              
20006705  __aeabi_ddiv                   
2000683b  __aeabi_dmul                   
20006937  PinMuxConfig                   
20006a19  ldexp                          
20006a19  ldexpl                         
20006a19  scalbn                         
20006a19  scalbnl                        
20006ae9  IntDisable                     
20006b91  IntEnable                      
20006c39  __aeabi_memcpy                 
20006c39  __aeabi_memcpy4                
20006c39  __aeabi_memcpy8                
20006c39  memcpy                         
20006cd5  PRCMPeripheralClockGet         
20006d69  PinConfigSet                   
20006df1  vsnprintf                      
20006e79  __aeabi_cdcmpeq                
20006e79  __aeabi_cdcmple                
20006eff  __aeabi_cdrcmple               
20006f85  GPIOIntTypeSet                 
20007007  __aeabi_memclr                 
20007007  __aeabi_memclr4                
20007007  __aeabi_memclr8                
20007009  __aeabi_memset                 
20007009  __aeabi_memset4                
20007009  __aeabi_memset8                
2000700f  memset                         
20007081  UARTConfigSetExpClk            
200070f7  _system_post_cinit             
200070f9  TimerIntRegister               
20007169  __TI_auto_init                 
200071d9  TimerIntUnregister             
20007241  __TI_decompress_lzss           
200072a9  frexp                          
200072a9  frexpl                         
20007305  PRCMPeripheralReset            
2000735d  IntPrioritySet                 
200073b1  C$$EXIT                        
200073b5  abort                          
200073bd  exit                           
20007405  ltoa                           
20007459  atoi                           
200074a5  copy_in                        
20007539  __aeabi_d2iz                   
20007581  TimerConfigure                 
200075c5  PinModeSet                     
20007605  _c_int00                       
20007645  PRCMPeripheralClkEnable        
20007681  GPIODirModeSet                 
200076b7  PinTypeGPIO                    
200076e9  UARTDisable                    
20007719  __aeabi_i2d                    
20007749  PRCMSysResetCauseGet           
20007775  TimerLoadSet                   
2000779f  TimerPrescaleSet               
200077c9  PRCMPeripheralClkDisable       
200077f1  IntUnregister                  
20007815  UARTEnable                     
20007839  memmove                        
2000785d  GPIOIntStatus                  
2000787f  TimerValueSet                  
200078a1  IntRegister                    
200078c1  GPIOIntRegister                
200078df  TimerDisable                   
200078fd  TimerEnable                    
2000791b  TimerIntStatus                 
20007939  UARTCharPut                    
20007957  TimerValueGet                  
20007973  UARTCharGetNonBlocking         
2000798f  memccpy                        
200079ab  GPIOIntDisable                 
200079c5  GPIOIntEnable                  
200079df  PinTypeUART                    
200079f9  TimerIntDisable                
20007a11  TimerIntEnable                 
20007a29  UARTCharsAvail                 
20007a41  _args_main                     
20007a59  PRCMHIBRegRead                 
20007a6f  PRCMHIBRegWrite                
20007a85  strchr                         
20007a9b  CPUcpsie                       
20007aaf  GPIOIntClear                   
20007ac5  IntVTableBaseSet               
20007ad9  _register_unlock               
20007adf  _register_lock                 
20007ae7  _nop                           
20007aed  strlen                         
20007b01  TimerIntClear                  
20007b13  __TI_decompress_none           
20007b21  ResetISR                       
20007b2f  __TI_zero_init                 
20007b3b  IntMasterEnable                
20007b45  copysign                       
20007b45  copysignl                      
20007b4d  UtilsDelay                     
20007b53  _system_pre_init               
20007b58  _ctypes_                       
20007f58  __TI_static_base__             
20007fd8  __TI_Handler_Table_Base        
20007fe4  __TI_Handler_Table_Limit       
20007ff0  __TI_CINIT_Base                
20008000  __TI_CINIT_Limit               
2001d000  _sys_memory                    
2001d800  buttons                        
2001de90  __TI_cleanup_ptr               
2001de94  __TI_dtors_ptr                 
2001de98  __TI_enable_exit_profile_output
2001dea8  _lock                          
2001deac  _unlock                        
2001deb8  errno                          
2001debc  main_func_sp                   
2001dec0  bitSequence                    
2001df4c  timeInterval                   
2001dfd8  timeOfInterrupt                
2001e068  _readTime                      
2001e06c  _time                          
2001e070  buffer                         
2001e074  interruptCounter               
2001e078  pulseCounter                   
2001e07c  readIndex                      
2001e080  time                           
2001e084  currRead                       
2003f800  __stack                        
20040000  __STACK_END                    
ffffffff  __TI_pprof_out_hndl            
ffffffff  __TI_prof_data_size            
ffffffff  __TI_prof_data_start           
ffffffff  __binit__                      
ffffffff  __c_args__                     
ffffffff  binit                          
UNDEFED   SHT$$INIT_ARRAY$$Base          
UNDEFED   SHT$$INIT_ARRAY$$Limit         

[169 symbols]
