******************************************************************************
                  TI ARM Linker PC v16.9.6                     
******************************************************************************
>> Linked Mon Feb 12 01:51:53 2018

OUTPUT FILE NAME:   <int_sw.out>
ENTRY POINT SYMBOL: "_c_int00"  address: 200078a5


MEMORY CONFIGURATION

         name            origin    length      used     unused   attr    fill
----------------------  --------  ---------  --------  --------  ----  --------
  SRAM_CODE             20004000   00019000  0000429e  00014d62  RW X
  SRAM_DATA             2001d000   00023000  000018c1  0002173f  RW X


SEGMENT ALLOCATION MAP

run origin  load origin   length   init length attrs members
----------  ----------- ---------- ----------- ----- -------
20004000    20004000    000042a0   000042a0    r-x
  20004000    20004000    00000400   00000400    r-- .intvecs
  20004400    20004400    000039f6   000039f6    r-x .text
  20007df8    20007df8    00000400   00000400    r-- .const
  200081f8    200081f8    000000a8   000000a8    r-- .cinit
2001d000    2001d000    000010c1   00000000    rw-
  2001d000    2001d000    00000800   00000000    rw- .sysmem
  2001d800    2001d800    000006c0   00000000    rw- .data
  2001dec0    2001dec0    00000201   00000000    rw- .bss
2003f800    2003f800    00000800   00000000    rw-
  2003f800    2003f800    00000800   00000000    rw- .stack


SECTION ALLOCATION MAP

 output                                  attributes/
section   page    origin      length       input sections
--------  ----  ----------  ----------   ----------------
.intvecs   0    20004000    00000400     
                  20004000    00000400     startup_ccs.obj (.intvecs)

.init_array 
*          0    20004000    00000000     UNINITIALIZED

.text      0    20004400    000039f6     
                  20004400    00001122     rtsv7M4_T_le_eabi.lib : _printfi.obj (.text)
                  20005522    00000002     driverlib.a : interrupt.obj (.text:IntDefaultHandler)
                  20005524    00000774     main.obj (.text)
                  20005c98    000003d0     rtsv7M4_T_le_eabi.lib : memory.obj (.text)
                  20006068    00000280     uart_if.obj (.text)
                  200062e8    000001f4     rtsv7M4_T_le_eabi.lib : ull_div_t2.obj (.text)
                  200064dc    000001b6                           : fd_add_t2.obj (.text)
                  20006692    00000002                           : mpu_init.obj (.text)
                  20006694    00000198     timer_if.obj (.text)
                  2000682c    00000178     driverlib.a : prcm.obj (.text:PRCMCC3200MCUInit)
                  200069a4    00000136     rtsv7M4_T_le_eabi.lib : fd_div_t2.obj (.text)
                  20006ada    000000fc                           : fd_mul_t2.obj (.text)
                  20006bd6    000000e2     pin_mux_config.obj (.text)
                  20006cb8    000000d0     rtsv7M4_T_le_eabi.lib : s_scalbn.obj (.text)
                  20006d88    000000a8     driverlib.a : interrupt.obj (.text:IntDisable)
                  20006e30    000000a8                 : interrupt.obj (.text:IntEnable)
                  20006ed8    0000009c     rtsv7M4_T_le_eabi.lib : memcpy_t2.obj (.text)
                  20006f74    00000094     driverlib.a : prcm.obj (.text:PRCMPeripheralClockGet)
                  20007008    00000088                 : pin.obj (.text:PinConfigSet)
                  20007090    00000088     rtsv7M4_T_le_eabi.lib : vsnprintf.obj (.text)
                  20007118    00000086                           : fd_cmp_t2.obj (.text:__aeabi_cdcmple)
                  2000719e    00000086                           : fd_cmp_t2.obj (.text:__aeabi_cdrcmple)
                  20007224    00000082     driverlib.a : gpio.obj (.text:GPIOIntTypeSet)
                  200072a6    0000007a     rtsv7M4_T_le_eabi.lib : memset_t2.obj (.text)
                  20007320    00000076     driverlib.a : uart.obj (.text:UARTConfigSetExpClk)
                  20007396    00000002     rtsv7M4_T_le_eabi.lib : startup.obj (.text)
                  20007398    00000070     driverlib.a : timer.obj (.text:TimerIntRegister)
                  20007408    00000070     rtsv7M4_T_le_eabi.lib : autoinit.obj (.text)
                  20007478    00000068     driverlib.a : timer.obj (.text:TimerIntUnregister)
                  200074e0    00000068     rtsv7M4_T_le_eabi.lib : copy_decompress_lzss.obj (.text:decompress:lzss)
                  20007548    0000005c                           : s_frexp.obj (.text)
                  200075a4    00000058     driverlib.a : prcm.obj (.text:PRCMPeripheralReset)
                  200075fc    00000054                 : interrupt.obj (.text:IntPrioritySet)
                  20007650    00000054     rtsv7M4_T_le_eabi.lib : exit.obj (.text)
                  200076a4    00000054                           : ltoa.obj (.text)
                  200076f8    0000004c                           : atoi.obj (.text)
                  20007744    0000004c                           : cpy_tbl.obj (.text)
                  20007790    00000048     driverlib.a : gpio.obj (.text:GPIOGetIntNumber)
                  200077d8    00000048     rtsv7M4_T_le_eabi.lib : fd_toi_t2.obj (.text)
                  20007820    00000044     driverlib.a : timer.obj (.text:TimerConfigure)
                  20007864    00000040                 : pin.obj (.text:PinModeSet)
                  200078a4    00000040     rtsv7M4_T_le_eabi.lib : boot.obj (.text)
                  200078e4    0000003c     driverlib.a : prcm.obj (.text:PRCMPeripheralClkEnable)
                  20007920    00000036                 : gpio.obj (.text:GPIODirModeSet)
                  20007956    00000030                 : pin.obj (.text:PinTypeGPIO)
                  20007986    00000002     --HOLE-- [fill = 0]
                  20007988    00000030                 : uart.obj (.text:UARTDisable)
                  200079b8    0000002e     rtsv7M4_T_le_eabi.lib : i_tofd_t2.obj (.text)
                  200079e6    00000002     --HOLE-- [fill = 0]
                  200079e8    0000002c     driverlib.a : prcm.obj (.text:PRCMSysResetCauseGet)
                  20007a14    0000002a                 : timer.obj (.text:TimerLoadSet)
                  20007a3e    0000002a                 : timer.obj (.text:TimerPrescaleSet)
                  20007a68    00000028                 : prcm.obj (.text:PRCMPeripheralClkDisable)
                  20007a90    00000024                 : interrupt.obj (.text:IntUnregister)
                  20007ab4    00000024                 : uart.obj (.text:UARTEnable)
                  20007ad8    00000024     rtsv7M4_T_le_eabi.lib : memmov.obj (.text)
                  20007afc    00000022     driverlib.a : gpio.obj (.text:GPIOIntStatus)
                  20007b1e    00000022                 : timer.obj (.text:TimerValueSet)
                  20007b40    00000020                 : interrupt.obj (.text:IntRegister)
                  20007b60    0000001e                 : gpio.obj (.text:GPIOIntRegister)
                  20007b7e    0000001e                 : timer.obj (.text:TimerDisable)
                  20007b9c    0000001e                 : timer.obj (.text:TimerEnable)
                  20007bba    0000001e                 : timer.obj (.text:TimerIntStatus)
                  20007bd8    0000001e                 : uart.obj (.text:UARTCharPut)
                  20007bf6    0000001c                 : timer.obj (.text:TimerValueGet)
                  20007c12    0000001c                 : uart.obj (.text:UARTCharGetNonBlocking)
                  20007c2e    0000001c     rtsv7M4_T_le_eabi.lib : memccpy.obj (.text)
                  20007c4a    0000001a     driverlib.a : gpio.obj (.text:GPIOIntDisable)
                  20007c64    0000001a                 : gpio.obj (.text:GPIOIntEnable)
                  20007c7e    0000001a                 : pin.obj (.text:PinTypeUART)
                  20007c98    00000018                 : timer.obj (.text:TimerIntDisable)
                  20007cb0    00000018                 : timer.obj (.text:TimerIntEnable)
                  20007cc8    00000018                 : uart.obj (.text:UARTCharsAvail)
                  20007ce0    00000018     rtsv7M4_T_le_eabi.lib : args_main.obj (.text)
                  20007cf8    00000016     driverlib.a : prcm.obj (.text:PRCMHIBRegRead)
                  20007d0e    00000016                 : prcm.obj (.text:PRCMHIBRegWrite)
                  20007d24    00000016     rtsv7M4_T_le_eabi.lib : strchr.obj (.text)
                  20007d3a    00000014     driverlib.a : cpu.obj (.text:CPUcpsie)
                  20007d4e    00000014                 : gpio.obj (.text:GPIOIntClear)
                  20007d62    00000002     --HOLE-- [fill = 0]
                  20007d64    00000014                 : interrupt.obj (.text:IntVTableBaseSet)
                  20007d78    00000014     rtsv7M4_T_le_eabi.lib : _lock.obj (.text)
                  20007d8c    00000014                           : strlen.obj (.text)
                  20007da0    00000012     driverlib.a : timer.obj (.text:TimerIntClear)
                  20007db2    0000000e     rtsv7M4_T_le_eabi.lib : copy_decompress_none.obj (.text:decompress:none)
                  20007dc0    0000000e     startup_ccs.obj (.text)
                  20007dce    0000000c     rtsv7M4_T_le_eabi.lib : copy_zero_init.obj (.text:decompress:ZI)
                  20007dda    0000000a     driverlib.a : interrupt.obj (.text:IntMasterEnable)
                  20007de4    00000008     rtsv7M4_T_le_eabi.lib : s_copysign.obj (.text)
                  20007dec    00000006     driverlib.a : utils.obj (.text:UtilsDelay)
                  20007df2    00000004     rtsv7M4_T_le_eabi.lib : pre_init.obj (.text)

.const     0    20007df8    00000400     
                  20007df8    00000101     rtsv7M4_T_le_eabi.lib : ctype.obj (.const:.string:_ctypes_)
                  20007ef9    00000003     --HOLE-- [fill = 0]
                  20007efc    00000100     driverlib.a : pin.obj (.const:g_ulPinToPadMap)
                  20007ffc    000000d4                 : interrupt.obj (.const:g_pulRegs)
                  200080d0    000000a8                 : prcm.obj (.const:PRCM_PeriphRegsList)
                  20008178    00000080                 : interrupt.obj (.const)

.cinit     0    200081f8    000000a8     
                  200081f8    0000007d     (.cinit..data.load) [load image, compression = lzss]
                  20008275    00000003     --HOLE-- [fill = 0]
                  20008278    0000000c     (__TI_handler_table)
                  20008284    00000004     --HOLE-- [fill = 0]
                  20008288    00000008     (.cinit..bss.load) [load image, compression = zero_init]
                  20008290    00000010     (__TI_cinit_table)

.sysmem    0    2001d000    00000800     UNINITIALIZED
                  2001d000    00000008     rtsv7M4_T_le_eabi.lib : memory.obj (.sysmem)
                  2001d008    000007f8     --HOLE--

.data      0    2001d800    000006c0     UNINITIALIZED
                  2001d800    00000690     main.obj (.data:buttons)
                  2001de90    0000000c     rtsv7M4_T_le_eabi.lib : exit.obj (.data:$O1$$)
                  2001de9c    0000000c                           : memory.obj (.data:$O1$$)
                  2001dea8    00000008                           : _lock.obj (.data:$O1$$)
                  2001deb0    00000008     main.obj (.data:gpioin)
                  2001deb8    00000004     rtsv7M4_T_le_eabi.lib : errno.obj (.data)
                  2001debc    00000004                           : stkdepth_vars.obj (.data)

.bss       0    2001dec0    00000201     UNINITIALIZED
                  2001dec0    0000008c     (.common:bitSequence)
                  2001df4c    0000008c     (.common:timeInterval)
                  2001dfd8    0000008c     (.common:timeOfInterrupt)
                  2001e064    00000040     (.common:buffer)
                  2001e0a4    00000004     uart_if.obj (.bss)
                  2001e0a8    00000004     (.common:_readTime)
                  2001e0ac    00000004     (.common:_time)
                  2001e0b0    00000004     (.common:interruptCounter)
                  2001e0b4    00000004     (.common:pulseCounter)
                  2001e0b8    00000004     (.common:readIndex)
                  2001e0bc    00000004     (.common:time)
                  2001e0c0    00000001     (.common:currRead)

.stack     0    2003f800    00000800     UNINITIALIZED
                  2003f800    00000800     --HOLE--

MODULE SUMMARY

       Module                     code    ro data   rw data
       ------                     ----    -------   -------
    .\
       main.obj                   1908    0         2197   
       startup_ccs.obj            14      1024      0      
       uart_if.obj                640     0         4      
       timer_if.obj               408     0         0      
       pin_mux_config.obj         226     0         0      
    +--+--------------------------+-------+---------+---------+
       Total:                     3196    1024      2201   
                                                           
    C:/ti/CC3200SDK_1.3.0/cc3200-sdk/driverlib/ccs/Release/driverlib.a
       prcm.obj                   800     168       0      
       interrupt.obj              520     340       0      
       timer.obj                  586     0         0      
       pin.obj                    274     256       0      
       gpio.obj                   392     0         0      
       uart.obj                   284     0         0      
       cpu.obj                    20      0         0      
       utils.obj                  6       0         0      
    +--+--------------------------+-------+---------+---------+
       Total:                     2882    764       0      
                                                           
    C:\ti\ccsv7\tools\compiler\ti-cgt-arm_16.9.6.LTS\lib\rtsv7M4_T_le_eabi.lib
       _printfi.obj               4386    0         0      
       memory.obj                 976     0         12     
       ull_div_t2.obj             500     0         0      
       fd_add_t2.obj              438     0         0      
       fd_div_t2.obj              310     0         0      
       fd_cmp_t2.obj              268     0         0      
       ctype.obj                  0       257       0      
       fd_mul_t2.obj              252     0         0      
       s_scalbn.obj               208     0         0      
       memcpy_t2.obj              156     0         0      
       vsnprintf.obj              136     0         0      
       memset_t2.obj              122     0         0      
       autoinit.obj               112     0         0      
       copy_decompress_lzss.obj   104     0         0      
       exit.obj                   84      0         12     
       s_frexp.obj                92      0         0      
       ltoa.obj                   84      0         0      
       atoi.obj                   76      0         0      
       cpy_tbl.obj                76      0         0      
       fd_toi_t2.obj              72      0         0      
       boot.obj                   64      0         0      
       i_tofd_t2.obj              46      0         0      
       memmov.obj                 36      0         0      
       _lock.obj                  20      0         8      
       memccpy.obj                28      0         0      
       args_main.obj              24      0         0      
       strchr.obj                 22      0         0      
       strlen.obj                 20      0         0      
       copy_decompress_none.obj   14      0         0      
       copy_zero_init.obj         12      0         0      
       s_copysign.obj             8       0         0      
       errno.obj                  0       0         4      
       pre_init.obj               4       0         0      
       stkdepth_vars.obj          0       0         4      
       mpu_init.obj               2       0         0      
       startup.obj                2       0         0      
    +--+--------------------------+-------+---------+---------+
       Total:                     8754    257       40     
                                                           
       Heap:                      0       0         2048   
       Stack:                     0       0         2048   
       Linker Generated:          0       161       0      
    +--+--------------------------+-------+---------+---------+
       Grand Total:               14832   2206      6337   


LINKER GENERATED COPY TABLES

__TI_cinit_table @ 20008290 records: 2, size/record: 8, table size: 16
	.data: load addr=200081f8, load size=0000007d bytes, run addr=2001d800, run size=000006c0 bytes, compression=lzss
	.bss: load addr=20008288, load size=00000008 bytes, run addr=2001dec0, run size=00000201 bytes, compression=zero_init


LINKER GENERATED HANDLER TABLE

__TI_handler_table @ 20008278 records: 3, size/record: 4, table size: 12
	index: 0, handler: __TI_decompress_lzss
	index: 1, handler: __TI_decompress_none
	index: 2, handler: __TI_zero_init


GLOBAL SYMBOLS: SORTED ALPHABETICALLY BY Name 

address   name                           
-------   ----                           
20007651  C$$EXIT                        
20007d3b  CPUcpsie                       
200060a9  ClearTerm                      
200060b3  Error                          
20007921  GPIODirModeSet                 
20007d4f  GPIOIntClear                   
20007c4b  GPIOIntDisable                 
20007c65  GPIOIntEnable                  
20007b61  GPIOIntRegister                
20007afd  GPIOIntStatus                  
20007225  GPIOIntTypeSet                 
200060eb  GetCmd                         
20006069  InitTerm                       
20006d89  IntDisable                     
20006e31  IntEnable                      
20007ddb  IntMasterEnable                
200075fd  IntPrioritySet                 
20007b41  IntRegister                    
20007a91  IntUnregister                  
20007d65  IntVTableBaseSet               
20006087  Message                        
2000682d  PRCMCC3200MCUInit              
20007cf9  PRCMHIBRegRead                 
20007d0f  PRCMHIBRegWrite                
20007a69  PRCMPeripheralClkDisable       
200078e5  PRCMPeripheralClkEnable        
20006f75  PRCMPeripheralClockGet         
200075a5  PRCMPeripheralReset            
200079e9  PRCMSysResetCauseGet           
20007009  PinConfigSet                   
20007865  PinModeSet                     
20006bd7  PinMuxConfig                   
20007957  PinTypeGPIO                    
20007c7f  PinTypeUART                    
2000554b  ReadTimeIntHandler             
20006229  Report                         
20007dc1  ResetISR                       
UNDEFED   SHT$$INIT_ARRAY$$Base          
UNDEFED   SHT$$INIT_ARRAY$$Limit         
20007821  TimerConfigure                 
20007b7f  TimerDisable                   
20007b9d  TimerEnable                    
20007da1  TimerIntClear                  
20007c99  TimerIntDisable                
20007cb1  TimerIntEnable                 
20007399  TimerIntRegister               
20007bbb  TimerIntStatus                 
20007479  TimerIntUnregister             
20007a15  TimerLoadSet                   
20007a3f  TimerPrescaleSet               
20005525  TimerRefIntHandler             
20007bf7  TimerValueGet                  
20007b1f  TimerValueSet                  
200067db  Timer_IF_DeInit                
2000680d  Timer_IF_GetCount              
20006715  Timer_IF_Init                  
20006747  Timer_IF_IntSetup              
20006793  Timer_IF_InterruptClear        
200067f5  Timer_IF_ReLoad                
200067ab  Timer_IF_Start                 
200067cb  Timer_IF_Stop                  
20006191  TrimSpace                      
20007c13  UARTCharGetNonBlocking         
20007bd9  UARTCharPut                    
20007cc9  UARTCharsAvail                 
20007321  UARTConfigSetExpClk            
20007989  UARTDisable                    
20007ab5  UARTEnable                     
20007ded  UtilsDelay                     
20040000  __STACK_END                    
00000800  __STACK_SIZE                   
00000800  __SYSMEM_SIZE                  
20008290  __TI_CINIT_Base                
200082a0  __TI_CINIT_Limit               
20008278  __TI_Handler_Table_Base        
20008284  __TI_Handler_Table_Limit       
20007409  __TI_auto_init                 
2001de90  __TI_cleanup_ptr               
200074e1  __TI_decompress_lzss           
20007db3  __TI_decompress_none           
2001de94  __TI_dtors_ptr                 
2001de98  __TI_enable_exit_profile_output
ffffffff  __TI_pprof_out_hndl            
20004c39  __TI_printfi                   
ffffffff  __TI_prof_data_size            
ffffffff  __TI_prof_data_start           
200081f8  __TI_static_base__             
20007dcf  __TI_zero_init                 
20007119  __aeabi_cdcmpeq                
20007119  __aeabi_cdcmple                
2000719f  __aeabi_cdrcmple               
200077d9  __aeabi_d2iz                   
200064e7  __aeabi_dadd                   
200069a5  __aeabi_ddiv                   
20006adb  __aeabi_dmul                   
200064dd  __aeabi_dsub                   
200079b9  __aeabi_i2d                    
200072a7  __aeabi_memclr                 
200072a7  __aeabi_memclr4                
200072a7  __aeabi_memclr8                
20006ed9  __aeabi_memcpy                 
20006ed9  __aeabi_memcpy4                
20006ed9  __aeabi_memcpy8                
200072a9  __aeabi_memset                 
200072a9  __aeabi_memset4                
200072a9  __aeabi_memset8                
200062e9  __aeabi_uldivmod               
ffffffff  __binit__                      
ffffffff  __c_args__                     
20006693  __mpu_init                     
2003f800  __stack                        
20007ce1  _args_main                     
200078a5  _c_int00                       
20007df8  _ctypes_                       
2001dea8  _lock                          
20007d87  _nop                           
2001e0a8  _readTime                      
20007d7f  _register_lock                 
20007d79  _register_unlock               
2001d000  _sys_memory                    
20007397  _system_post_cinit             
20007df3  _system_pre_init               
2001e0ac  _time                          
2001deac  _unlock                        
20007655  abort                          
200076f9  atoi                           
ffffffff  binit                          
2001dec0  bitSequence                    
2001e064  buffer                         
2001d800  buttons                        
20006039  calloc                         
200055a5  compareBitPatterns             
20005569  compareTwoSequence             
20007745  copy_in                        
20007de5  copysign                       
20007de5  copysignl                      
2001e0c0  currRead                       
2001deb8  errno                          
2000765d  exit                           
20005d83  free                           
20007549  frexp                          
20007549  frexpl                         
20004000  g_pfnVectors                   
200056a7  initializeArr                  
2001e0b0  interruptCounter               
20006cb9  ldexp                          
20006cb9  ldexpl                         
200076a5  ltoa                           
200057e9  main                           
2001debc  main_func_sp                   
20005d19  malloc                         
20005f4d  memalign                       
20007c2f  memccpy                        
20006ed9  memcpy                         
20007ad9  memmove                        
200072af  memset                         
20005c99  minit                          
200056e3  printArr                       
2001e0b4  pulseCounter                   
2001e0b8  readIndex                      
20005e43  realloc                        
20006cb9  scalbn                         
20006cb9  scalbnl                        
20007d25  strchr                         
20007d8d  strlen                         
2001e0bc  time                           
2001df4c  timeInterval                   
2001dfd8  timeOfInterrupt                
20007091  vsnprintf                      


GLOBAL SYMBOLS: SORTED BY Symbol Address 

address   name                           
-------   ----                           
00000800  __STACK_SIZE                   
00000800  __SYSMEM_SIZE                  
20004000  g_pfnVectors                   
20004c39  __TI_printfi                   
20005525  TimerRefIntHandler             
2000554b  ReadTimeIntHandler             
20005569  compareTwoSequence             
200055a5  compareBitPatterns             
200056a7  initializeArr                  
200056e3  printArr                       
200057e9  main                           
20005c99  minit                          
20005d19  malloc                         
20005d83  free                           
20005e43  realloc                        
20005f4d  memalign                       
20006039  calloc                         
20006069  InitTerm                       
20006087  Message                        
200060a9  ClearTerm                      
200060b3  Error                          
200060eb  GetCmd                         
20006191  TrimSpace                      
20006229  Report                         
200062e9  __aeabi_uldivmod               
200064dd  __aeabi_dsub                   
200064e7  __aeabi_dadd                   
20006693  __mpu_init                     
20006715  Timer_IF_Init                  
20006747  Timer_IF_IntSetup              
20006793  Timer_IF_InterruptClear        
200067ab  Timer_IF_Start                 
200067cb  Timer_IF_Stop                  
200067db  Timer_IF_DeInit                
200067f5  Timer_IF_ReLoad                
2000680d  Timer_IF_GetCount              
2000682d  PRCMCC3200MCUInit              
200069a5  __aeabi_ddiv                   
20006adb  __aeabi_dmul                   
20006bd7  PinMuxConfig                   
20006cb9  ldexp                          
20006cb9  ldexpl                         
20006cb9  scalbn                         
20006cb9  scalbnl                        
20006d89  IntDisable                     
20006e31  IntEnable                      
20006ed9  __aeabi_memcpy                 
20006ed9  __aeabi_memcpy4                
20006ed9  __aeabi_memcpy8                
20006ed9  memcpy                         
20006f75  PRCMPeripheralClockGet         
20007009  PinConfigSet                   
20007091  vsnprintf                      
20007119  __aeabi_cdcmpeq                
20007119  __aeabi_cdcmple                
2000719f  __aeabi_cdrcmple               
20007225  GPIOIntTypeSet                 
200072a7  __aeabi_memclr                 
200072a7  __aeabi_memclr4                
200072a7  __aeabi_memclr8                
200072a9  __aeabi_memset                 
200072a9  __aeabi_memset4                
200072a9  __aeabi_memset8                
200072af  memset                         
20007321  UARTConfigSetExpClk            
20007397  _system_post_cinit             
20007399  TimerIntRegister               
20007409  __TI_auto_init                 
20007479  TimerIntUnregister             
200074e1  __TI_decompress_lzss           
20007549  frexp                          
20007549  frexpl                         
200075a5  PRCMPeripheralReset            
200075fd  IntPrioritySet                 
20007651  C$$EXIT                        
20007655  abort                          
2000765d  exit                           
200076a5  ltoa                           
200076f9  atoi                           
20007745  copy_in                        
200077d9  __aeabi_d2iz                   
20007821  TimerConfigure                 
20007865  PinModeSet                     
200078a5  _c_int00                       
200078e5  PRCMPeripheralClkEnable        
20007921  GPIODirModeSet                 
20007957  PinTypeGPIO                    
20007989  UARTDisable                    
200079b9  __aeabi_i2d                    
200079e9  PRCMSysResetCauseGet           
20007a15  TimerLoadSet                   
20007a3f  TimerPrescaleSet               
20007a69  PRCMPeripheralClkDisable       
20007a91  IntUnregister                  
20007ab5  UARTEnable                     
20007ad9  memmove                        
20007afd  GPIOIntStatus                  
20007b1f  TimerValueSet                  
20007b41  IntRegister                    
20007b61  GPIOIntRegister                
20007b7f  TimerDisable                   
20007b9d  TimerEnable                    
20007bbb  TimerIntStatus                 
20007bd9  UARTCharPut                    
20007bf7  TimerValueGet                  
20007c13  UARTCharGetNonBlocking         
20007c2f  memccpy                        
20007c4b  GPIOIntDisable                 
20007c65  GPIOIntEnable                  
20007c7f  PinTypeUART                    
20007c99  TimerIntDisable                
20007cb1  TimerIntEnable                 
20007cc9  UARTCharsAvail                 
20007ce1  _args_main                     
20007cf9  PRCMHIBRegRead                 
20007d0f  PRCMHIBRegWrite                
20007d25  strchr                         
20007d3b  CPUcpsie                       
20007d4f  GPIOIntClear                   
20007d65  IntVTableBaseSet               
20007d79  _register_unlock               
20007d7f  _register_lock                 
20007d87  _nop                           
20007d8d  strlen                         
20007da1  TimerIntClear                  
20007db3  __TI_decompress_none           
20007dc1  ResetISR                       
20007dcf  __TI_zero_init                 
20007ddb  IntMasterEnable                
20007de5  copysign                       
20007de5  copysignl                      
20007ded  UtilsDelay                     
20007df3  _system_pre_init               
20007df8  _ctypes_                       
200081f8  __TI_static_base__             
20008278  __TI_Handler_Table_Base        
20008284  __TI_Handler_Table_Limit       
20008290  __TI_CINIT_Base                
200082a0  __TI_CINIT_Limit               
2001d000  _sys_memory                    
2001d800  buttons                        
2001de90  __TI_cleanup_ptr               
2001de94  __TI_dtors_ptr                 
2001de98  __TI_enable_exit_profile_output
2001dea8  _lock                          
2001deac  _unlock                        
2001deb8  errno                          
2001debc  main_func_sp                   
2001dec0  bitSequence                    
2001df4c  timeInterval                   
2001dfd8  timeOfInterrupt                
2001e064  buffer                         
2001e0a8  _readTime                      
2001e0ac  _time                          
2001e0b0  interruptCounter               
2001e0b4  pulseCounter                   
2001e0b8  readIndex                      
2001e0bc  time                           
2001e0c0  currRead                       
2003f800  __stack                        
20040000  __STACK_END                    
ffffffff  __TI_pprof_out_hndl            
ffffffff  __TI_prof_data_size            
ffffffff  __TI_prof_data_start           
ffffffff  __binit__                      
ffffffff  __c_args__                     
ffffffff  binit                          
UNDEFED   SHT$$INIT_ARRAY$$Base          
UNDEFED   SHT$$INIT_ARRAY$$Limit         

[169 symbols]
