******************************************************************************
                  TI ARM Linker PC v16.9.6                     
******************************************************************************
>> Linked Tue Feb 06 14:41:07 2018

OUTPUT FILE NAME:   <int_sw.out>
ENTRY POINT SYMBOL: "_c_int00"  address: 200073e1


MEMORY CONFIGURATION

         name            origin    length      used     unused   attr    fill
----------------------  --------  ---------  --------  --------  ----  --------
  SRAM_CODE             20004000   00019000  00003d62  0001529e  RW X
  SRAM_DATA             2001d000   00023000  000010cc  00021f34  RW X


SEGMENT ALLOCATION MAP

run origin  load origin   length   init length attrs members
----------  ----------- ---------- ----------- ----- -------
20004000    20004000    00003d68   00003d68    r-x
  20004000    20004000    00000400   00000400    r-- .intvecs
  20004400    20004400    0000351a   0000351a    r-x .text
  2000791c    2000791c    00000400   00000400    r-- .const
  20007d20    20007d20    00000048   00000048    r-- .cinit
2001d000    2001d000    000008cc   00000000    rw-
  2001d000    2001d000    00000800   00000000    rw- .sysmem
  2001d800    2001d800    0000009c   00000000    rw- .bss
  2001d89c    2001d89c    00000030   00000000    rw- .data
2003f800    2003f800    00000800   00000000    rw-
  2003f800    2003f800    00000800   00000000    rw- .stack


SECTION ALLOCATION MAP

 output                                  attributes/
section   page    origin      length       input sections
--------  ----  ----------  ----------   ----------------
.intvecs   0    20004000    00000400     
                  20004000    00000400     startup_ccs.obj (.intvecs)

.init_array 
*          0    20004000    00000000     UNINITIALIZED

.text      0    20004400    0000351a     
                  20004400    00001122     rtsv7M4_T_le_eabi.lib : _printfi.obj (.text)
                  20005522    00000002     driverlib.a : interrupt.obj (.text:IntDefaultHandler)
                  20005524    000003d0     rtsv7M4_T_le_eabi.lib : memory.obj (.text)
                  200058f4    000002b0     main.obj (.text)
                  20005ba4    00000280     uart_if.obj (.text)
                  20005e24    000001f4     rtsv7M4_T_le_eabi.lib : ull_div_t2.obj (.text)
                  20006018    000001b6                           : fd_add_t2.obj (.text)
                  200061ce    00000002                           : mpu_init.obj (.text)
                  200061d0    00000198     timer_if.obj (.text)
                  20006368    00000178     driverlib.a : prcm.obj (.text:PRCMCC3200MCUInit)
                  200064e0    00000136     rtsv7M4_T_le_eabi.lib : fd_div_t2.obj (.text)
                  20006616    000000fc                           : fd_mul_t2.obj (.text)
                  20006712    000000e2     pin_mux_config.obj (.text)
                  200067f4    000000d0     rtsv7M4_T_le_eabi.lib : s_scalbn.obj (.text)
                  200068c4    000000a8     driverlib.a : interrupt.obj (.text:IntDisable)
                  2000696c    000000a8                 : interrupt.obj (.text:IntEnable)
                  20006a14    0000009c     rtsv7M4_T_le_eabi.lib : memcpy_t2.obj (.text)
                  20006ab0    00000094     driverlib.a : prcm.obj (.text:PRCMPeripheralClockGet)
                  20006b44    00000088                 : pin.obj (.text:PinConfigSet)
                  20006bcc    00000088     rtsv7M4_T_le_eabi.lib : vsnprintf.obj (.text)
                  20006c54    00000086                           : fd_cmp_t2.obj (.text:__aeabi_cdcmple)
                  20006cda    00000086                           : fd_cmp_t2.obj (.text:__aeabi_cdrcmple)
                  20006d60    00000082     driverlib.a : gpio.obj (.text:GPIOIntTypeSet)
                  20006de2    0000007a     rtsv7M4_T_le_eabi.lib : memset_t2.obj (.text)
                  20006e5c    00000076     driverlib.a : uart.obj (.text:UARTConfigSetExpClk)
                  20006ed2    00000002     rtsv7M4_T_le_eabi.lib : startup.obj (.text)
                  20006ed4    00000070     driverlib.a : timer.obj (.text:TimerIntRegister)
                  20006f44    00000070     rtsv7M4_T_le_eabi.lib : autoinit.obj (.text)
                  20006fb4    00000068     driverlib.a : timer.obj (.text:TimerIntUnregister)
                  2000701c    00000068     rtsv7M4_T_le_eabi.lib : copy_decompress_lzss.obj (.text:decompress:lzss)
                  20007084    0000005c                           : s_frexp.obj (.text)
                  200070e0    00000058     driverlib.a : prcm.obj (.text:PRCMPeripheralReset)
                  20007138    00000054                 : interrupt.obj (.text:IntPrioritySet)
                  2000718c    00000054     rtsv7M4_T_le_eabi.lib : exit.obj (.text)
                  200071e0    00000054                           : ltoa.obj (.text)
                  20007234    0000004c                           : atoi.obj (.text)
                  20007280    0000004c                           : cpy_tbl.obj (.text)
                  200072cc    00000048     driverlib.a : gpio.obj (.text:GPIOGetIntNumber)
                  20007314    00000048     rtsv7M4_T_le_eabi.lib : fd_toi_t2.obj (.text)
                  2000735c    00000044     driverlib.a : timer.obj (.text:TimerConfigure)
                  200073a0    00000040                 : pin.obj (.text:PinModeSet)
                  200073e0    00000040     rtsv7M4_T_le_eabi.lib : boot.obj (.text)
                  20007420    0000003c     driverlib.a : prcm.obj (.text:PRCMPeripheralClkEnable)
                  2000745c    00000036                 : gpio.obj (.text:GPIODirModeSet)
                  20007492    00000030                 : pin.obj (.text:PinTypeGPIO)
                  200074c2    00000002     --HOLE-- [fill = 0]
                  200074c4    00000030                 : uart.obj (.text:UARTDisable)
                  200074f4    0000002e     rtsv7M4_T_le_eabi.lib : i_tofd_t2.obj (.text)
                  20007522    00000002     --HOLE-- [fill = 0]
                  20007524    0000002c     driverlib.a : prcm.obj (.text:PRCMSysResetCauseGet)
                  20007550    0000002a                 : timer.obj (.text:TimerLoadSet)
                  2000757a    0000002a                 : timer.obj (.text:TimerPrescaleSet)
                  200075a4    00000028                 : prcm.obj (.text:PRCMPeripheralClkDisable)
                  200075cc    00000024                 : interrupt.obj (.text:IntUnregister)
                  200075f0    00000024                 : uart.obj (.text:UARTEnable)
                  20007614    00000024     rtsv7M4_T_le_eabi.lib : memmov.obj (.text)
                  20007638    00000022     driverlib.a : gpio.obj (.text:GPIOIntStatus)
                  2000765a    00000022                 : timer.obj (.text:TimerValueSet)
                  2000767c    00000020                 : interrupt.obj (.text:IntRegister)
                  2000769c    0000001e                 : gpio.obj (.text:GPIOIntRegister)
                  200076ba    0000001e                 : timer.obj (.text:TimerDisable)
                  200076d8    0000001e                 : timer.obj (.text:TimerEnable)
                  200076f6    0000001e                 : timer.obj (.text:TimerIntStatus)
                  20007714    0000001e                 : uart.obj (.text:UARTCharPut)
                  20007732    0000001c                 : timer.obj (.text:TimerValueGet)
                  2000774e    0000001c                 : uart.obj (.text:UARTCharGetNonBlocking)
                  2000776a    0000001c     rtsv7M4_T_le_eabi.lib : memccpy.obj (.text)
                  20007786    0000001a     driverlib.a : gpio.obj (.text:GPIOIntEnable)
                  200077a0    0000001a                 : pin.obj (.text:PinTypeUART)
                  200077ba    00000018                 : timer.obj (.text:TimerIntDisable)
                  200077d2    00000018                 : timer.obj (.text:TimerIntEnable)
                  200077ea    00000018                 : uart.obj (.text:UARTCharsAvail)
                  20007802    00000002     --HOLE-- [fill = 0]
                  20007804    00000018     rtsv7M4_T_le_eabi.lib : args_main.obj (.text)
                  2000781c    00000016     driverlib.a : prcm.obj (.text:PRCMHIBRegRead)
                  20007832    00000016                 : prcm.obj (.text:PRCMHIBRegWrite)
                  20007848    00000016     rtsv7M4_T_le_eabi.lib : strchr.obj (.text)
                  2000785e    00000014     driverlib.a : cpu.obj (.text:CPUcpsie)
                  20007872    00000014                 : gpio.obj (.text:GPIOIntClear)
                  20007886    00000002     --HOLE-- [fill = 0]
                  20007888    00000014                 : interrupt.obj (.text:IntVTableBaseSet)
                  2000789c    00000014     rtsv7M4_T_le_eabi.lib : _lock.obj (.text)
                  200078b0    00000014                           : strlen.obj (.text)
                  200078c4    00000012     driverlib.a : timer.obj (.text:TimerIntClear)
                  200078d6    0000000e     rtsv7M4_T_le_eabi.lib : copy_decompress_none.obj (.text:decompress:none)
                  200078e4    0000000e     startup_ccs.obj (.text)
                  200078f2    0000000c     rtsv7M4_T_le_eabi.lib : copy_zero_init.obj (.text:decompress:ZI)
                  200078fe    0000000a     driverlib.a : interrupt.obj (.text:IntMasterEnable)
                  20007908    00000008     rtsv7M4_T_le_eabi.lib : s_copysign.obj (.text)
                  20007910    00000006     driverlib.a : utils.obj (.text:UtilsDelay)
                  20007916    00000004     rtsv7M4_T_le_eabi.lib : pre_init.obj (.text)

.const     0    2000791c    00000400     
                  2000791c    00000101     rtsv7M4_T_le_eabi.lib : ctype.obj (.const:.string:_ctypes_)
                  20007a1d    00000003     --HOLE-- [fill = 0]
                  20007a20    00000100     driverlib.a : pin.obj (.const:g_ulPinToPadMap)
                  20007b20    000000d4                 : interrupt.obj (.const:g_pulRegs)
                  20007bf4    000000a8                 : prcm.obj (.const:PRCM_PeriphRegsList)
                  20007c9c    00000080                 : interrupt.obj (.const)

.cinit     0    20007d20    00000048     
                  20007d20    00000023     (.cinit..data.load) [load image, compression = lzss]
                  20007d43    00000001     --HOLE-- [fill = 0]
                  20007d44    0000000c     (__TI_handler_table)
                  20007d50    00000008     (.cinit..bss.load) [load image, compression = zero_init]
                  20007d58    00000010     (__TI_cinit_table)

.sysmem    0    2001d000    00000800     UNINITIALIZED
                  2001d000    00000008     rtsv7M4_T_le_eabi.lib : memory.obj (.sysmem)
                  2001d008    000007f8     --HOLE--

.bss       0    2001d800    0000009c     UNINITIALIZED
                  2001d800    00000048     (.common:timeInterval)
                  2001d848    00000048     (.common:timeOfInterrupt)
                  2001d890    00000004     uart_if.obj (.bss)
                  2001d894    00000004     (.common:interruptCounter)
                  2001d898    00000004     (.common:time)

.data      0    2001d89c    00000030     UNINITIALIZED
                  2001d89c    0000000c     rtsv7M4_T_le_eabi.lib : exit.obj (.data:$O1$$)
                  2001d8a8    0000000c                           : memory.obj (.data:$O1$$)
                  2001d8b4    00000008                           : _lock.obj (.data:$O1$$)
                  2001d8bc    00000008     main.obj (.data:gpioin)
                  2001d8c4    00000004     rtsv7M4_T_le_eabi.lib : errno.obj (.data)
                  2001d8c8    00000004                           : stkdepth_vars.obj (.data)

.stack     0    2003f800    00000800     UNINITIALIZED
                  2003f800    00000800     --HOLE--

MODULE SUMMARY

       Module                     code    ro data   rw data
       ------                     ----    -------   -------
    .\
       startup_ccs.obj            14      1024      0      
       main.obj                   688     0         160    
       uart_if.obj                640     0         4      
       timer_if.obj               408     0         0      
       pin_mux_config.obj         226     0         0      
    +--+--------------------------+-------+---------+---------+
       Total:                     1976    1024      164    
                                                           
    C:/ti/CC3200SDK_1.3.0/cc3200-sdk/driverlib/ccs/Release/driverlib.a
       prcm.obj                   800     168       0      
       interrupt.obj              520     340       0      
       timer.obj                  586     0         0      
       pin.obj                    274     256       0      
       gpio.obj                   366     0         0      
       uart.obj                   284     0         0      
       cpu.obj                    20      0         0      
       utils.obj                  6       0         0      
    +--+--------------------------+-------+---------+---------+
       Total:                     2856    764       0      
                                                           
    C:\ti\ccsv7\tools\compiler\ti-cgt-arm_16.9.6.LTS\lib\rtsv7M4_T_le_eabi.lib
       _printfi.obj               4386    0         0      
       memory.obj                 976     0         12     
       ull_div_t2.obj             500     0         0      
       fd_add_t2.obj              438     0         0      
       fd_div_t2.obj              310     0         0      
       fd_cmp_t2.obj              268     0         0      
       ctype.obj                  0       257       0      
       fd_mul_t2.obj              252     0         0      
       s_scalbn.obj               208     0         0      
       memcpy_t2.obj              156     0         0      
       vsnprintf.obj              136     0         0      
       memset_t2.obj              122     0         0      
       autoinit.obj               112     0         0      
       copy_decompress_lzss.obj   104     0         0      
       exit.obj                   84      0         12     
       s_frexp.obj                92      0         0      
       ltoa.obj                   84      0         0      
       atoi.obj                   76      0         0      
       cpy_tbl.obj                76      0         0      
       fd_toi_t2.obj              72      0         0      
       boot.obj                   64      0         0      
       i_tofd_t2.obj              46      0         0      
       memmov.obj                 36      0         0      
       _lock.obj                  20      0         8      
       memccpy.obj                28      0         0      
       args_main.obj              24      0         0      
       strchr.obj                 22      0         0      
       strlen.obj                 20      0         0      
       copy_decompress_none.obj   14      0         0      
       copy_zero_init.obj         12      0         0      
       s_copysign.obj             8       0         0      
       errno.obj                  0       0         4      
       pre_init.obj               4       0         0      
       stkdepth_vars.obj          0       0         4      
       mpu_init.obj               2       0         0      
       startup.obj                2       0         0      
    +--+--------------------------+-------+---------+---------+
       Total:                     8754    257       40     
                                                           
       Heap:                      0       0         2048   
       Stack:                     0       0         2048   
       Linker Generated:          0       71        0      
    +--+--------------------------+-------+---------+---------+
       Grand Total:               13586   2116      4300   


LINKER GENERATED COPY TABLES

__TI_cinit_table @ 20007d58 records: 2, size/record: 8, table size: 16
	.data: load addr=20007d20, load size=00000023 bytes, run addr=2001d89c, run size=00000030 bytes, compression=lzss
	.bss: load addr=20007d50, load size=00000008 bytes, run addr=2001d800, run size=0000009c bytes, compression=zero_init


LINKER GENERATED HANDLER TABLE

__TI_handler_table @ 20007d44 records: 3, size/record: 4, table size: 12
	index: 0, handler: __TI_decompress_lzss
	index: 1, handler: __TI_decompress_none
	index: 2, handler: __TI_zero_init


GLOBAL SYMBOLS: SORTED ALPHABETICALLY BY Name 

address   name                           
-------   ----                           
2000718d  C$$EXIT                        
2000785f  CPUcpsie                       
20005be5  ClearTerm                      
20005bef  Error                          
2000745d  GPIODirModeSet                 
20007873  GPIOIntClear                   
20007787  GPIOIntEnable                  
2000769d  GPIOIntRegister                
20007639  GPIOIntStatus                  
20006d61  GPIOIntTypeSet                 
20005c27  GetCmd                         
20005ba5  InitTerm                       
200068c5  IntDisable                     
2000696d  IntEnable                      
200078ff  IntMasterEnable                
20007139  IntPrioritySet                 
2000767d  IntRegister                    
200075cd  IntUnregister                  
20007889  IntVTableBaseSet               
20005bc3  Message                        
20006369  PRCMCC3200MCUInit              
2000781d  PRCMHIBRegRead                 
20007833  PRCMHIBRegWrite                
200075a5  PRCMPeripheralClkDisable       
20007421  PRCMPeripheralClkEnable        
20006ab1  PRCMPeripheralClockGet         
200070e1  PRCMPeripheralReset            
20007525  PRCMSysResetCauseGet           
20006b45  PinConfigSet                   
200073a1  PinModeSet                     
20006713  PinMuxConfig                   
20007493  PinTypeGPIO                    
200077a1  PinTypeUART                    
20005d65  Report                         
200078e5  ResetISR                       
UNDEFED   SHT$$INIT_ARRAY$$Base          
UNDEFED   SHT$$INIT_ARRAY$$Limit         
2000735d  TimerConfigure                 
200076bb  TimerDisable                   
200076d9  TimerEnable                    
200078c5  TimerIntClear                  
200077bb  TimerIntDisable                
200077d3  TimerIntEnable                 
20006ed5  TimerIntRegister               
200076f7  TimerIntStatus                 
20006fb5  TimerIntUnregister             
20007551  TimerLoadSet                   
2000757b  TimerPrescaleSet               
20007733  TimerValueGet                  
2000765b  TimerValueSet                  
20006317  Timer_IF_DeInit                
20006349  Timer_IF_GetCount              
20006251  Timer_IF_Init                  
20006283  Timer_IF_IntSetup              
200062cf  Timer_IF_InterruptClear        
20006331  Timer_IF_ReLoad                
200062e7  Timer_IF_Start                 
20006307  Timer_IF_Stop                  
20005ccd  TrimSpace                      
2000774f  UARTCharGetNonBlocking         
20007715  UARTCharPut                    
200077eb  UARTCharsAvail                 
20006e5d  UARTConfigSetExpClk            
200074c5  UARTDisable                    
200075f1  UARTEnable                     
20007911  UtilsDelay                     
20040000  __STACK_END                    
00000800  __STACK_SIZE                   
00000800  __SYSMEM_SIZE                  
20007d58  __TI_CINIT_Base                
20007d68  __TI_CINIT_Limit               
20007d44  __TI_Handler_Table_Base        
20007d50  __TI_Handler_Table_Limit       
20006f45  __TI_auto_init                 
2001d89c  __TI_cleanup_ptr               
2000701d  __TI_decompress_lzss           
200078d7  __TI_decompress_none           
2001d8a0  __TI_dtors_ptr                 
2001d8a4  __TI_enable_exit_profile_output
ffffffff  __TI_pprof_out_hndl            
20004c39  __TI_printfi                   
ffffffff  __TI_prof_data_size            
ffffffff  __TI_prof_data_start           
20007d20  __TI_static_base__             
200078f3  __TI_zero_init                 
20006c55  __aeabi_cdcmpeq                
20006c55  __aeabi_cdcmple                
20006cdb  __aeabi_cdrcmple               
20007315  __aeabi_d2iz                   
20006023  __aeabi_dadd                   
200064e1  __aeabi_ddiv                   
20006617  __aeabi_dmul                   
20006019  __aeabi_dsub                   
200074f5  __aeabi_i2d                    
20006de3  __aeabi_memclr                 
20006de3  __aeabi_memclr4                
20006de3  __aeabi_memclr8                
20006a15  __aeabi_memcpy                 
20006a15  __aeabi_memcpy4                
20006a15  __aeabi_memcpy8                
20006de5  __aeabi_memset                 
20006de5  __aeabi_memset4                
20006de5  __aeabi_memset8                
20005e25  __aeabi_uldivmod               
ffffffff  __binit__                      
ffffffff  __c_args__                     
200061cf  __mpu_init                     
2003f800  __stack                        
20007805  _args_main                     
200073e1  _c_int00                       
2000791c  _ctypes_                       
2001d8b4  _lock                          
200078ab  _nop                           
200078a3  _register_lock                 
2000789d  _register_unlock               
2001d000  _sys_memory                    
20006ed3  _system_post_cinit             
20007917  _system_pre_init               
2001d8b8  _unlock                        
20007191  abort                          
20007235  atoi                           
ffffffff  binit                          
200058c5  calloc                         
20007281  copy_in                        
20007909  copysign                       
20007909  copysignl                      
2001d8c4  errno                          
20007199  exit                           
2000560f  free                           
20007085  frexp                          
20007085  frexpl                         
20004000  g_pfnVectors                   
2000596d  initializeArr                  
2001d894  interruptCounter               
200067f5  ldexp                          
200067f5  ldexpl                         
200071e1  ltoa                           
200059c9  main                           
2001d8c8  main_func_sp                   
200055a5  malloc                         
200057d9  memalign                       
2000776b  memccpy                        
20006a15  memcpy                         
20007615  memmove                        
20006deb  memset                         
20005525  minit                          
2000599f  printArr                       
200056cf  realloc                        
200067f5  scalbn                         
200067f5  scalbnl                        
20007849  strchr                         
200078b1  strlen                         
2001d898  time                           
2001d800  timeInterval                   
2001d848  timeOfInterrupt                
20006bcd  vsnprintf                      


GLOBAL SYMBOLS: SORTED BY Symbol Address 

address   name                           
-------   ----                           
00000800  __STACK_SIZE                   
00000800  __SYSMEM_SIZE                  
20004000  g_pfnVectors                   
20004c39  __TI_printfi                   
20005525  minit                          
200055a5  malloc                         
2000560f  free                           
200056cf  realloc                        
200057d9  memalign                       
200058c5  calloc                         
2000596d  initializeArr                  
2000599f  printArr                       
200059c9  main                           
20005ba5  InitTerm                       
20005bc3  Message                        
20005be5  ClearTerm                      
20005bef  Error                          
20005c27  GetCmd                         
20005ccd  TrimSpace                      
20005d65  Report                         
20005e25  __aeabi_uldivmod               
20006019  __aeabi_dsub                   
20006023  __aeabi_dadd                   
200061cf  __mpu_init                     
20006251  Timer_IF_Init                  
20006283  Timer_IF_IntSetup              
200062cf  Timer_IF_InterruptClear        
200062e7  Timer_IF_Start                 
20006307  Timer_IF_Stop                  
20006317  Timer_IF_DeInit                
20006331  Timer_IF_ReLoad                
20006349  Timer_IF_GetCount              
20006369  PRCMCC3200MCUInit              
200064e1  __aeabi_ddiv                   
20006617  __aeabi_dmul                   
20006713  PinMuxConfig                   
200067f5  ldexp                          
200067f5  ldexpl                         
200067f5  scalbn                         
200067f5  scalbnl                        
200068c5  IntDisable                     
2000696d  IntEnable                      
20006a15  __aeabi_memcpy                 
20006a15  __aeabi_memcpy4                
20006a15  __aeabi_memcpy8                
20006a15  memcpy                         
20006ab1  PRCMPeripheralClockGet         
20006b45  PinConfigSet                   
20006bcd  vsnprintf                      
20006c55  __aeabi_cdcmpeq                
20006c55  __aeabi_cdcmple                
20006cdb  __aeabi_cdrcmple               
20006d61  GPIOIntTypeSet                 
20006de3  __aeabi_memclr                 
20006de3  __aeabi_memclr4                
20006de3  __aeabi_memclr8                
20006de5  __aeabi_memset                 
20006de5  __aeabi_memset4                
20006de5  __aeabi_memset8                
20006deb  memset                         
20006e5d  UARTConfigSetExpClk            
20006ed3  _system_post_cinit             
20006ed5  TimerIntRegister               
20006f45  __TI_auto_init                 
20006fb5  TimerIntUnregister             
2000701d  __TI_decompress_lzss           
20007085  frexp                          
20007085  frexpl                         
200070e1  PRCMPeripheralReset            
20007139  IntPrioritySet                 
2000718d  C$$EXIT                        
20007191  abort                          
20007199  exit                           
200071e1  ltoa                           
20007235  atoi                           
20007281  copy_in                        
20007315  __aeabi_d2iz                   
2000735d  TimerConfigure                 
200073a1  PinModeSet                     
200073e1  _c_int00                       
20007421  PRCMPeripheralClkEnable        
2000745d  GPIODirModeSet                 
20007493  PinTypeGPIO                    
200074c5  UARTDisable                    
200074f5  __aeabi_i2d                    
20007525  PRCMSysResetCauseGet           
20007551  TimerLoadSet                   
2000757b  TimerPrescaleSet               
200075a5  PRCMPeripheralClkDisable       
200075cd  IntUnregister                  
200075f1  UARTEnable                     
20007615  memmove                        
20007639  GPIOIntStatus                  
2000765b  TimerValueSet                  
2000767d  IntRegister                    
2000769d  GPIOIntRegister                
200076bb  TimerDisable                   
200076d9  TimerEnable                    
200076f7  TimerIntStatus                 
20007715  UARTCharPut                    
20007733  TimerValueGet                  
2000774f  UARTCharGetNonBlocking         
2000776b  memccpy                        
20007787  GPIOIntEnable                  
200077a1  PinTypeUART                    
200077bb  TimerIntDisable                
200077d3  TimerIntEnable                 
200077eb  UARTCharsAvail                 
20007805  _args_main                     
2000781d  PRCMHIBRegRead                 
20007833  PRCMHIBRegWrite                
20007849  strchr                         
2000785f  CPUcpsie                       
20007873  GPIOIntClear                   
20007889  IntVTableBaseSet               
2000789d  _register_unlock               
200078a3  _register_lock                 
200078ab  _nop                           
200078b1  strlen                         
200078c5  TimerIntClear                  
200078d7  __TI_decompress_none           
200078e5  ResetISR                       
200078f3  __TI_zero_init                 
200078ff  IntMasterEnable                
20007909  copysign                       
20007909  copysignl                      
20007911  UtilsDelay                     
20007917  _system_pre_init               
2000791c  _ctypes_                       
20007d20  __TI_static_base__             
20007d44  __TI_Handler_Table_Base        
20007d50  __TI_Handler_Table_Limit       
20007d58  __TI_CINIT_Base                
20007d68  __TI_CINIT_Limit               
2001d000  _sys_memory                    
2001d800  timeInterval                   
2001d848  timeOfInterrupt                
2001d894  interruptCounter               
2001d898  time                           
2001d89c  __TI_cleanup_ptr               
2001d8a0  __TI_dtors_ptr                 
2001d8a4  __TI_enable_exit_profile_output
2001d8b4  _lock                          
2001d8b8  _unlock                        
2001d8c4  errno                          
2001d8c8  main_func_sp                   
2003f800  __stack                        
20040000  __STACK_END                    
ffffffff  __TI_pprof_out_hndl            
ffffffff  __TI_prof_data_size            
ffffffff  __TI_prof_data_start           
ffffffff  __binit__                      
ffffffff  __c_args__                     
ffffffff  binit                          
UNDEFED   SHT$$INIT_ARRAY$$Base          
UNDEFED   SHT$$INIT_ARRAY$$Limit         

[156 symbols]
