******************************************************************************
                  TI ARM Linker PC v16.9.6                     
******************************************************************************
>> Linked Mon Feb 12 22:14:39 2018

OUTPUT FILE NAME:   <int_sw.out>
ENTRY POINT SYMBOL: "_c_int00"  address: 20008a05


MEMORY CONFIGURATION

         name            origin    length      used     unused   attr    fill
----------------------  --------  ---------  --------  --------  ----  --------
  SRAM_CODE             20004000   00019000  00005acc  00013534  RW X
  SRAM_DATA             2001d000   00023000  00001919  000216e7  RW X


SEGMENT ALLOCATION MAP

run origin  load origin   length   init length attrs members
----------  ----------- ---------- ----------- ----- -------
20004000    20004000    00005ad0   00005ad0    r-x
  20004000    20004000    00000400   00000400    r-- .intvecs
  20004400    20004400    00004d14   00004d14    r-x .text
  20009114    20009114    00000908   00000908    r-- .const
  20009a20    20009a20    000000b0   000000b0    r-- .cinit
2001d000    2001d000    00001119   00000000    rw-
  2001d000    2001d000    00000800   00000000    rw- .sysmem
  2001d800    2001d800    000006d8   00000000    rw- .data
  2001ded8    2001ded8    00000241   00000000    rw- .bss
2003f800    2003f800    00000800   00000000    rw-
  2003f800    2003f800    00000800   00000000    rw- .stack


SECTION ALLOCATION MAP

 output                                  attributes/
section   page    origin      length       input sections
--------  ----  ----------  ----------   ----------------
.intvecs   0    20004000    00000400     
                  20004000    00000400     startup_ccs.obj (.intvecs)

.init_array 
*          0    20004000    00000000     UNINITIALIZED

.text      0    20004400    00004d14     
                  20004400    00001122     rtsv7M4_T_le_eabi.lib : _printfi.obj (.text)
                  20005522    00000002     driverlib.a : interrupt.obj (.text:IntDefaultHandler)
                  20005524    00000a80     Adafruit_GFX.obj (.text)
                  20005fa4    000008c0     main.obj (.text)
                  20006864    00000476     Adafruit_OLED.obj (.text)
                  20006cda    00000002     rtsv7M4_T_le_eabi.lib : mpu_init.obj (.text)
                  20006cdc    000003d0                           : memory.obj (.text)
                  200070ac    00000280     uart_if.obj (.text)
                  2000732c    000001f4     rtsv7M4_T_le_eabi.lib : ull_div_t2.obj (.text)
                  20007520    000001b6                           : fd_add_t2.obj (.text)
                  200076d6    00000002                           : startup.obj (.text)
                  200076d8    00000198     timer_if.obj (.text)
                  20007870    00000178     driverlib.a : prcm.obj (.text:PRCMCC3200MCUInit)
                  200079e8    00000136     rtsv7M4_T_le_eabi.lib : fd_div_t2.obj (.text)
                  20007b1e    00000002     --HOLE-- [fill = 0]
                  20007b20    00000118     pin_mux_config.obj (.text)
                  20007c38    000000fc     rtsv7M4_T_le_eabi.lib : fd_mul_t2.obj (.text)
                  20007d34    000000d0                           : s_scalbn.obj (.text)
                  20007e04    000000a8     driverlib.a : interrupt.obj (.text:IntDisable)
                  20007eac    000000a8                 : interrupt.obj (.text:IntEnable)
                  20007f54    000000a0                 : spi.obj (.text:SPIConfigSetExpClk)
                  20007ff4    0000009c     rtsv7M4_T_le_eabi.lib : memcpy_t2.obj (.text)
                  20008090    00000094     driverlib.a : prcm.obj (.text:PRCMPeripheralClockGet)
                  20008124    00000088                 : pin.obj (.text:PinConfigSet)
                  200081ac    00000088     rtsv7M4_T_le_eabi.lib : vsnprintf.obj (.text)
                  20008234    00000086                           : fd_cmp_t2.obj (.text:__aeabi_cdcmple)
                  200082ba    00000086                           : fd_cmp_t2.obj (.text:__aeabi_cdrcmple)
                  20008340    00000082     driverlib.a : gpio.obj (.text:GPIOIntTypeSet)
                  200083c2    0000007a     rtsv7M4_T_le_eabi.lib : memset_t2.obj (.text)
                  2000843c    00000076     driverlib.a : uart.obj (.text:UARTConfigSetExpClk)
                  200084b2    00000002     --HOLE-- [fill = 0]
                  200084b4    00000070                 : timer.obj (.text:TimerIntRegister)
                  20008524    00000070     rtsv7M4_T_le_eabi.lib : autoinit.obj (.text)
                  20008594    00000068     driverlib.a : timer.obj (.text:TimerIntUnregister)
                  200085fc    00000068     rtsv7M4_T_le_eabi.lib : copy_decompress_lzss.obj (.text:decompress:lzss)
                  20008664    0000005c                           : s_frexp.obj (.text)
                  200086c0    00000058     driverlib.a : prcm.obj (.text:PRCMPeripheralReset)
                  20008718    00000054                 : interrupt.obj (.text:IntPrioritySet)
                  2000876c    00000054     rtsv7M4_T_le_eabi.lib : exit.obj (.text)
                  200087c0    00000054                           : ltoa.obj (.text)
                  20008814    0000004c                           : atoi.obj (.text)
                  20008860    0000004c                           : cpy_tbl.obj (.text)
                  200088ac    00000048     driverlib.a : gpio.obj (.text:GPIOGetIntNumber)
                  200088f4    00000048     rtsv7M4_T_le_eabi.lib : fd_toi_t2.obj (.text)
                  2000893c    00000044     driverlib.a : timer.obj (.text:TimerConfigure)
                  20008980    00000044                 : uart.obj (.text:UARTIntNumberGet)
                  200089c4    00000040                 : pin.obj (.text:PinModeSet)
                  20008a04    00000040     rtsv7M4_T_le_eabi.lib : boot.obj (.text)
                  20008a44    0000003c     driverlib.a : prcm.obj (.text:PRCMPeripheralClkEnable)
                  20008a80    00000036                 : gpio.obj (.text:GPIODirModeSet)
                  20008ab6    00000030                 : pin.obj (.text:PinTypeGPIO)
                  20008ae6    00000002     --HOLE-- [fill = 0]
                  20008ae8    00000030                 : uart.obj (.text:UARTDisable)
                  20008b18    0000002e     rtsv7M4_T_le_eabi.lib : i_tofd_t2.obj (.text)
                  20008b46    00000002     --HOLE-- [fill = 0]
                  20008b48    0000002c     driverlib.a : prcm.obj (.text:PRCMSysResetCauseGet)
                  20008b74    0000002a                 : timer.obj (.text:TimerLoadSet)
                  20008b9e    0000002a                 : timer.obj (.text:TimerPrescaleSet)
                  20008bc8    00000028                 : prcm.obj (.text:PRCMPeripheralClkDisable)
                  20008bf0    00000024                 : interrupt.obj (.text:IntUnregister)
                  20008c14    00000024                 : uart.obj (.text:UARTEnable)
                  20008c38    00000024     rtsv7M4_T_le_eabi.lib : memmov.obj (.text)
                  20008c5c    00000022     driverlib.a : gpio.obj (.text:GPIOIntStatus)
                  20008c7e    00000022                 : spi.obj (.text:SPIReset)
                  20008ca0    00000022                 : timer.obj (.text:TimerValueSet)
                  20008cc2    00000020                 : gpio.obj (.text:GPIOPinWrite)
                  20008ce2    00000002     --HOLE-- [fill = 0]
                  20008ce4    00000020                 : interrupt.obj (.text:IntRegister)
                  20008d04    00000020                 : spi.obj (.text:SPIDataGet)
                  20008d24    0000001e                 : gpio.obj (.text:GPIOIntRegister)
                  20008d42    0000001e                 : spi.obj (.text:SPIDataPut)
                  20008d60    0000001e                 : timer.obj (.text:TimerDisable)
                  20008d7e    0000001e                 : timer.obj (.text:TimerEnable)
                  20008d9c    0000001e                 : timer.obj (.text:TimerIntStatus)
                  20008dba    0000001e                 : uart.obj (.text:UARTCharPut)
                  20008dd8    0000001e                 : uart.obj (.text:UARTIntRegister)
                  20008df6    0000001e                 : uart.obj (.text:UARTIntStatus)
                  20008e14    0000001c                 : timer.obj (.text:TimerValueGet)
                  20008e30    0000001c                 : uart.obj (.text:UARTCharGetNonBlocking)
                  20008e4c    0000001c     rtsv7M4_T_le_eabi.lib : memccpy.obj (.text)
                  20008e68    0000001a     driverlib.a : gpio.obj (.text:GPIOIntDisable)
                  20008e82    0000001a                 : gpio.obj (.text:GPIOIntEnable)
                  20008e9c    0000001a                 : pin.obj (.text:PinTypeSPI)
                  20008eb6    0000001a                 : pin.obj (.text:PinTypeUART)
                  20008ed0    0000001a                 : spi.obj (.text:SPIFIFOEnable)
                  20008eea    00000018                 : spi.obj (.text:SPICSDisable)
                  20008f02    00000018                 : spi.obj (.text:SPICSEnable)
                  20008f1a    00000018                 : spi.obj (.text:SPIEnable)
                  20008f32    00000018                 : timer.obj (.text:TimerIntDisable)
                  20008f4a    00000018                 : timer.obj (.text:TimerIntEnable)
                  20008f62    00000018                 : uart.obj (.text:UARTCharsAvail)
                  20008f7a    00000018                 : uart.obj (.text:UARTIntDisable)
                  20008f92    00000018                 : uart.obj (.text:UARTIntEnable)
                  20008faa    00000002     --HOLE-- [fill = 0]
                  20008fac    00000018     rtsv7M4_T_le_eabi.lib : args_main.obj (.text)
                  20008fc4    00000016     driverlib.a : prcm.obj (.text:PRCMHIBRegRead)
                  20008fda    00000016                 : prcm.obj (.text:PRCMHIBRegWrite)
                  20008ff0    00000016                 : uart.obj (.text:UARTCharGet)
                  20009006    00000016                 : uart.obj (.text:UARTFIFODisable)
                  2000901c    00000016                 : uart.obj (.text:UARTFIFOEnable)
                  20009032    00000016     rtsv7M4_T_le_eabi.lib : strchr.obj (.text)
                  20009048    00000014     driverlib.a : cpu.obj (.text:CPUcpsie)
                  2000905c    00000014                 : gpio.obj (.text:GPIOIntClear)
                  20009070    00000014                 : interrupt.obj (.text:IntVTableBaseSet)
                  20009084    00000014     rtsv7M4_T_le_eabi.lib : _lock.obj (.text)
                  20009098    00000014                           : strlen.obj (.text)
                  200090ac    00000012     driverlib.a : timer.obj (.text:TimerIntClear)
                  200090be    00000012                 : uart.obj (.text:UARTIntClear)
                  200090d0    0000000e     rtsv7M4_T_le_eabi.lib : copy_decompress_none.obj (.text:decompress:none)
                  200090de    0000000e     startup_ccs.obj (.text)
                  200090ec    0000000c     rtsv7M4_T_le_eabi.lib : copy_zero_init.obj (.text:decompress:ZI)
                  200090f8    0000000a     driverlib.a : interrupt.obj (.text:IntMasterEnable)
                  20009102    00000008     rtsv7M4_T_le_eabi.lib : s_copysign.obj (.text)
                  2000910a    00000006     driverlib.a : utils.obj (.text:UtilsDelay)
                  20009110    00000004     rtsv7M4_T_le_eabi.lib : pre_init.obj (.text)

.const     0    20009114    00000908     
                  20009114    000004fb     Adafruit_GFX.obj (.const:.string:font)
                  2000960f    00000101     rtsv7M4_T_le_eabi.lib : ctype.obj (.const:.string:_ctypes_)
                  20009710    00000100     driverlib.a : pin.obj (.const:g_ulPinToPadMap)
                  20009810    000000d4                 : interrupt.obj (.const:g_pulRegs)
                  200098e4    000000a8                 : prcm.obj (.const:PRCM_PeriphRegsList)
                  2000998c    00000080                 : interrupt.obj (.const)
                  20009a0c    00000010                 : uart.obj (.const)

.cinit     0    20009a20    000000b0     
                  20009a20    00000089     (.cinit..data.load) [load image, compression = lzss]
                  20009aa9    00000003     --HOLE-- [fill = 0]
                  20009aac    0000000c     (__TI_handler_table)
                  20009ab8    00000008     (.cinit..bss.load) [load image, compression = zero_init]
                  20009ac0    00000010     (__TI_cinit_table)

.sysmem    0    2001d000    00000800     UNINITIALIZED
                  2001d000    00000008     rtsv7M4_T_le_eabi.lib : memory.obj (.sysmem)
                  2001d008    000007f8     --HOLE--

.data      0    2001d800    000006d8     UNINITIALIZED
                  2001d800    00000690     main.obj (.data:buttons)
                  2001de90    00000015     Adafruit_GFX.obj (.data)
                  2001dea5    00000003     --HOLE--
                  2001dea8    0000000c     rtsv7M4_T_le_eabi.lib : exit.obj (.data:$O1$$)
                  2001deb4    0000000c                           : memory.obj (.data:$O1$$)
                  2001dec0    00000008                           : _lock.obj (.data:$O1$$)
                  2001dec8    00000008     main.obj (.data:gpioin)
                  2001ded0    00000004     rtsv7M4_T_le_eabi.lib : errno.obj (.data)
                  2001ded4    00000004                           : stkdepth_vars.obj (.data)

.bss       0    2001ded8    00000241     UNINITIALIZED
                  2001ded8    0000008c     (.common:bitSequence)
                  2001df64    0000008c     (.common:timeInterval)
                  2001dff0    0000008c     (.common:timeOfInterrupt)
                  2001e07c    00000040     (.common:buffer)
                  2001e0bc    00000040     (.common:receiverBuffer)
                  2001e0fc    00000004     uart_if.obj (.bss)
                  2001e100    00000004     (.common:_readTime)
                  2001e104    00000004     (.common:_time)
                  2001e108    00000004     (.common:interruptCounter)
                  2001e10c    00000004     (.common:pulseCounter)
                  2001e110    00000004     (.common:readIndex)
                  2001e114    00000004     (.common:time)
                  2001e118    00000001     (.common:currRead)

.stack     0    2003f800    00000800     UNINITIALIZED
                  2003f800    00000800     --HOLE--

MODULE SUMMARY

       Module                     code    ro data   rw data
       ------                     ----    -------   -------
    .\
       main.obj                   2240    0         2261   
       Adafruit_GFX.obj           2688    1275      21     
       Adafruit_OLED.obj          1142    0         0      
       startup_ccs.obj            14      1024      0      
       uart_if.obj                640     0         4      
       timer_if.obj               408     0         0      
       pin_mux_config.obj         280     0         0      
    +--+--------------------------+-------+---------+---------+
       Total:                     7412    2299      2286   
                                                           
    C:/ti/CC3200SDK_1.3.0/cc3200-sdk/driverlib/ccs/Release/driverlib.a
       prcm.obj                   800     168       0      
       interrupt.obj              520     340       0      
       timer.obj                  586     0         0      
       uart.obj                   544     16        0      
       pin.obj                    300     256       0      
       gpio.obj                   424     0         0      
       spi.obj                    354     0         0      
       cpu.obj                    20      0         0      
       utils.obj                  6       0         0      
    +--+--------------------------+-------+---------+---------+
       Total:                     3554    780       0      
                                                           
    C:\ti\ccsv7\tools\compiler\ti-cgt-arm_16.9.6.LTS\lib\rtsv7M4_T_le_eabi.lib
       _printfi.obj               4386    0         0      
       memory.obj                 976     0         12     
       ull_div_t2.obj             500     0         0      
       fd_add_t2.obj              438     0         0      
       fd_div_t2.obj              310     0         0      
       fd_cmp_t2.obj              268     0         0      
       ctype.obj                  0       257       0      
       fd_mul_t2.obj              252     0         0      
       s_scalbn.obj               208     0         0      
       memcpy_t2.obj              156     0         0      
       vsnprintf.obj              136     0         0      
       memset_t2.obj              122     0         0      
       autoinit.obj               112     0         0      
       copy_decompress_lzss.obj   104     0         0      
       exit.obj                   84      0         12     
       s_frexp.obj                92      0         0      
       ltoa.obj                   84      0         0      
       atoi.obj                   76      0         0      
       cpy_tbl.obj                76      0         0      
       fd_toi_t2.obj              72      0         0      
       boot.obj                   64      0         0      
       i_tofd_t2.obj              46      0         0      
       memmov.obj                 36      0         0      
       _lock.obj                  20      0         8      
       memccpy.obj                28      0         0      
       args_main.obj              24      0         0      
       strchr.obj                 22      0         0      
       strlen.obj                 20      0         0      
       copy_decompress_none.obj   14      0         0      
       copy_zero_init.obj         12      0         0      
       s_copysign.obj             8       0         0      
       errno.obj                  0       0         4      
       pre_init.obj               4       0         0      
       stkdepth_vars.obj          0       0         4      
       mpu_init.obj               2       0         0      
       startup.obj                2       0         0      
    +--+--------------------------+-------+---------+---------+
       Total:                     8754    257       40     
                                                           
       Heap:                      0       0         2048   
       Stack:                     0       0         2048   
       Linker Generated:          0       173       0      
    +--+--------------------------+-------+---------+---------+
       Grand Total:               19720   3509      6422   


LINKER GENERATED COPY TABLES

__TI_cinit_table @ 20009ac0 records: 2, size/record: 8, table size: 16
	.data: load addr=20009a20, load size=00000089 bytes, run addr=2001d800, run size=000006d8 bytes, compression=lzss
	.bss: load addr=20009ab8, load size=00000008 bytes, run addr=2001ded8, run size=00000241 bytes, compression=zero_init


LINKER GENERATED HANDLER TABLE

__TI_handler_table @ 20009aac records: 3, size/record: 4, table size: 12
	index: 0, handler: __TI_decompress_lzss
	index: 1, handler: __TI_decompress_none
	index: 2, handler: __TI_zero_init


GLOBAL SYMBOLS: SORTED ALPHABETICALLY BY Name 

address   name                           
-------   ----                           
200068c5  Adafruit_Init                  
2000876d  C$$EXIT                        
20009049  CPUcpsie                       
200070ed  ClearTerm                      
20006a3b  Color565                       
200070f7  Error                          
20008a81  GPIODirModeSet                 
2000905d  GPIOIntClear                   
20008e69  GPIOIntDisable                 
20008e83  GPIOIntEnable                  
20008d25  GPIOIntRegister                
20008c5d  GPIOIntStatus                  
20008341  GPIOIntTypeSet                 
20008cc3  GPIOPinWrite                   
2000712f  GetCmd                         
200070ad  InitTerm                       
20007e05  IntDisable                     
20007ead  IntEnable                      
200090f9  IntMasterEnable                
20008719  IntPrioritySet                 
20008ce5  IntRegister                    
20008bf1  IntUnregister                  
20009071  IntVTableBaseSet               
200070cb  Message                        
20005ecf  Outstr                         
20007871  PRCMCC3200MCUInit              
20008fc5  PRCMHIBRegRead                 
20008fdb  PRCMHIBRegWrite                
20008bc9  PRCMPeripheralClkDisable       
20008a45  PRCMPeripheralClkEnable        
20008091  PRCMPeripheralClockGet         
200086c1  PRCMPeripheralReset            
20008b49  PRCMSysResetCauseGet           
20008125  PinConfigSet                   
200089c5  PinModeSet                     
20007b21  PinMuxConfig                   
20008ab7  PinTypeGPIO                    
20008e9d  PinTypeSPI                     
20008eb7  PinTypeUART                    
2000726d  Report                         
200090df  ResetISR                       
UNDEFED   SHT$$INIT_ARRAY$$Base          
UNDEFED   SHT$$INIT_ARRAY$$Limit         
20008eeb  SPICSDisable                   
20008f03  SPICSEnable                    
20007f55  SPIConfigSetExpClk             
20008d05  SPIDataGet                     
20008d43  SPIDataPut                     
20008f1b  SPIEnable                      
20008ed1  SPIFIFOEnable                  
20008c7f  SPIReset                       
20006315  SPI_Init                       
2000893d  TimerConfigure                 
20008d61  TimerDisable                   
20008d7f  TimerEnable                    
200090ad  TimerIntClear                  
20008f33  TimerIntDisable                
20008f4b  TimerIntEnable                 
200084b5  TimerIntRegister               
20008d9d  TimerIntStatus                 
20008595  TimerIntUnregister             
20008b75  TimerLoadSet                   
20008b9f  TimerPrescaleSet               
20005fa5  TimerRefIntHandler             
20008e15  TimerValueGet                  
20008ca1  TimerValueSet                  
2000781f  Timer_IF_DeInit                
20007851  Timer_IF_GetCount              
20007759  Timer_IF_Init                  
2000778b  Timer_IF_IntSetup              
200077d7  Timer_IF_InterruptClear        
20007839  Timer_IF_ReLoad                
200077ef  Timer_IF_Start                 
2000780f  Timer_IF_Stop                  
200071d5  TrimSpace                      
20008ff1  UARTCharGet                    
20008e31  UARTCharGetNonBlocking         
20008dbb  UARTCharPut                    
20008f63  UARTCharsAvail                 
2000843d  UARTConfigSetExpClk            
20008ae9  UARTDisable                    
20008c15  UARTEnable                     
20009007  UARTFIFODisable                
2000901d  UARTFIFOEnable                 
200090bf  UARTIntClear                   
20008f7b  UARTIntDisable                 
20008f93  UARTIntEnable                  
20008dd9  UARTIntRegister                
20008df7  UARTIntStatus                  
20006351  UARTInt_Init                   
2000910b  UtilsDelay                     
20040000  __STACK_END                    
00000800  __STACK_SIZE                   
00000800  __SYSMEM_SIZE                  
20009ac0  __TI_CINIT_Base                
20009ad0  __TI_CINIT_Limit               
20009aac  __TI_Handler_Table_Base        
20009ab8  __TI_Handler_Table_Limit       
20008525  __TI_auto_init                 
2001dea8  __TI_cleanup_ptr               
200085fd  __TI_decompress_lzss           
200090d1  __TI_decompress_none           
2001deac  __TI_dtors_ptr                 
2001deb0  __TI_enable_exit_profile_output
ffffffff  __TI_pprof_out_hndl            
20004c39  __TI_printfi                   
ffffffff  __TI_prof_data_size            
ffffffff  __TI_prof_data_start           
20009a20  __TI_static_base__             
200090ed  __TI_zero_init                 
20008235  __aeabi_cdcmpeq                
20008235  __aeabi_cdcmple                
200082bb  __aeabi_cdrcmple               
200088f5  __aeabi_d2iz                   
2000752b  __aeabi_dadd                   
200079e9  __aeabi_ddiv                   
20007c39  __aeabi_dmul                   
20007521  __aeabi_dsub                   
20008b19  __aeabi_i2d                    
200083c3  __aeabi_memclr                 
200083c3  __aeabi_memclr4                
200083c3  __aeabi_memclr8                
20007ff5  __aeabi_memcpy                 
20007ff5  __aeabi_memcpy4                
20007ff5  __aeabi_memcpy8                
200083c5  __aeabi_memset                 
200083c5  __aeabi_memset4                
200083c5  __aeabi_memset8                
2000732d  __aeabi_uldivmod               
ffffffff  __binit__                      
ffffffff  __c_args__                     
20006cdb  __mpu_init                     
2003f800  __stack                        
20008fad  _args_main                     
20008a05  _c_int00                       
2000960f  _ctypes_                       
2001dec0  _lock                          
20009093  _nop                           
2001e100  _readTime                      
2000908b  _register_lock                 
20009085  _register_unlock               
2001d000  _sys_memory                    
200076d7  _system_post_cinit             
20009111  _system_pre_init               
2001e104  _time                          
2001dec4  _unlock                        
20008771  abort                          
20008815  atoi                           
ffffffff  binit                          
2001ded8  bitSequence                    
2001e07c  buffer                         
2001d800  buttons                        
2000707d  calloc                         
20006007  compareBitPatterns             
20005fcb  compareTwoSequence             
20008861  copy_in                        
20009103  copysign                       
20009103  copysignl                      
2001e118  currRead                       
2001de90  cursor_x                       
2001de94  cursor_y                       
20005d83  drawChar                       
20005525  drawCircle                     
20005659  drawCircleHelper               
20006be5  drawFastHLine                  
20006b49  drawFastVLine                  
2000589f  drawLine                       
20006c81  drawPixel                      
2000598b  drawRect                       
200059d9  drawRoundRect                  
20005b41  drawTriangle                   
2001ded0  errno                          
20008779  exit                           
20005777  fillCircle                     
200057b1  fillCircleHelper               
20006a93  fillRect                       
20005ac7  fillRoundRect                  
20006a7d  fillScreen                     
20005b83  fillTriangle                   
20006dc7  free                           
20008665  frexp                          
20008665  frexpl                         
20004000  g_pfnVectors                   
200069f7  goTo                           
20005f83  height                         
20006109  initializeArr                  
2001e108  interruptCounter               
20006cbf  invert                         
20007d35  ldexp                          
20007d35  ldexpl                         
200087c1  ltoa                           
200063d5  main                           
2001ded4  main_func_sp                   
20006d5d  malloc                         
20006f91  memalign                       
20008e4d  memccpy                        
20007ff5  memcpy                         
20008c39  memmove                        
200083cb  memset                         
20006cdd  minit                          
20006145  printArr                       
2000619f  printBuffer                    
2001e10c  pulseCounter                   
2001e110  readIndex                      
20006e87  realloc                        
2000629d  receiveMessage                 
2001e0bc  receiverBuffer                 
20007d35  scalbn                         
20007d35  scalbnl                        
20006251  sendMessage                    
20005f1b  setCursor                      
20005f53  setTextColor                   
20005f33  setTextSize                    
20005f6b  setTextWrap                    
20009033  strchr                         
20009099  strlen                         
2001dea0  textbgcolor                    
2001de9c  textcolor                      
2001de98  textsize                       
2001e114  time                           
2001df64  timeInterval                   
2001dff0  timeOfInterrupt                
200060d7  timerInit                      
200081ad  vsnprintf                      
20005f7f  width                          
2001dea4  wrap                           
20006865  writeCommand                   
20006895  writeData                      


GLOBAL SYMBOLS: SORTED BY Symbol Address 

address   name                           
-------   ----                           
00000800  __STACK_SIZE                   
00000800  __SYSMEM_SIZE                  
20004000  g_pfnVectors                   
20004c39  __TI_printfi                   
20005525  drawCircle                     
20005659  drawCircleHelper               
20005777  fillCircle                     
200057b1  fillCircleHelper               
2000589f  drawLine                       
2000598b  drawRect                       
200059d9  drawRoundRect                  
20005ac7  fillRoundRect                  
20005b41  drawTriangle                   
20005b83  fillTriangle                   
20005d83  drawChar                       
20005ecf  Outstr                         
20005f1b  setCursor                      
20005f33  setTextSize                    
20005f53  setTextColor                   
20005f6b  setTextWrap                    
20005f7f  width                          
20005f83  height                         
20005fa5  TimerRefIntHandler             
20005fcb  compareTwoSequence             
20006007  compareBitPatterns             
200060d7  timerInit                      
20006109  initializeArr                  
20006145  printArr                       
2000619f  printBuffer                    
20006251  sendMessage                    
2000629d  receiveMessage                 
20006315  SPI_Init                       
20006351  UARTInt_Init                   
200063d5  main                           
20006865  writeCommand                   
20006895  writeData                      
200068c5  Adafruit_Init                  
200069f7  goTo                           
20006a3b  Color565                       
20006a7d  fillScreen                     
20006a93  fillRect                       
20006b49  drawFastVLine                  
20006be5  drawFastHLine                  
20006c81  drawPixel                      
20006cbf  invert                         
20006cdb  __mpu_init                     
20006cdd  minit                          
20006d5d  malloc                         
20006dc7  free                           
20006e87  realloc                        
20006f91  memalign                       
2000707d  calloc                         
200070ad  InitTerm                       
200070cb  Message                        
200070ed  ClearTerm                      
200070f7  Error                          
2000712f  GetCmd                         
200071d5  TrimSpace                      
2000726d  Report                         
2000732d  __aeabi_uldivmod               
20007521  __aeabi_dsub                   
2000752b  __aeabi_dadd                   
200076d7  _system_post_cinit             
20007759  Timer_IF_Init                  
2000778b  Timer_IF_IntSetup              
200077d7  Timer_IF_InterruptClear        
200077ef  Timer_IF_Start                 
2000780f  Timer_IF_Stop                  
2000781f  Timer_IF_DeInit                
20007839  Timer_IF_ReLoad                
20007851  Timer_IF_GetCount              
20007871  PRCMCC3200MCUInit              
200079e9  __aeabi_ddiv                   
20007b21  PinMuxConfig                   
20007c39  __aeabi_dmul                   
20007d35  ldexp                          
20007d35  ldexpl                         
20007d35  scalbn                         
20007d35  scalbnl                        
20007e05  IntDisable                     
20007ead  IntEnable                      
20007f55  SPIConfigSetExpClk             
20007ff5  __aeabi_memcpy                 
20007ff5  __aeabi_memcpy4                
20007ff5  __aeabi_memcpy8                
20007ff5  memcpy                         
20008091  PRCMPeripheralClockGet         
20008125  PinConfigSet                   
200081ad  vsnprintf                      
20008235  __aeabi_cdcmpeq                
20008235  __aeabi_cdcmple                
200082bb  __aeabi_cdrcmple               
20008341  GPIOIntTypeSet                 
200083c3  __aeabi_memclr                 
200083c3  __aeabi_memclr4                
200083c3  __aeabi_memclr8                
200083c5  __aeabi_memset                 
200083c5  __aeabi_memset4                
200083c5  __aeabi_memset8                
200083cb  memset                         
2000843d  UARTConfigSetExpClk            
200084b5  TimerIntRegister               
20008525  __TI_auto_init                 
20008595  TimerIntUnregister             
200085fd  __TI_decompress_lzss           
20008665  frexp                          
20008665  frexpl                         
200086c1  PRCMPeripheralReset            
20008719  IntPrioritySet                 
2000876d  C$$EXIT                        
20008771  abort                          
20008779  exit                           
200087c1  ltoa                           
20008815  atoi                           
20008861  copy_in                        
200088f5  __aeabi_d2iz                   
2000893d  TimerConfigure                 
200089c5  PinModeSet                     
20008a05  _c_int00                       
20008a45  PRCMPeripheralClkEnable        
20008a81  GPIODirModeSet                 
20008ab7  PinTypeGPIO                    
20008ae9  UARTDisable                    
20008b19  __aeabi_i2d                    
20008b49  PRCMSysResetCauseGet           
20008b75  TimerLoadSet                   
20008b9f  TimerPrescaleSet               
20008bc9  PRCMPeripheralClkDisable       
20008bf1  IntUnregister                  
20008c15  UARTEnable                     
20008c39  memmove                        
20008c5d  GPIOIntStatus                  
20008c7f  SPIReset                       
20008ca1  TimerValueSet                  
20008cc3  GPIOPinWrite                   
20008ce5  IntRegister                    
20008d05  SPIDataGet                     
20008d25  GPIOIntRegister                
20008d43  SPIDataPut                     
20008d61  TimerDisable                   
20008d7f  TimerEnable                    
20008d9d  TimerIntStatus                 
20008dbb  UARTCharPut                    
20008dd9  UARTIntRegister                
20008df7  UARTIntStatus                  
20008e15  TimerValueGet                  
20008e31  UARTCharGetNonBlocking         
20008e4d  memccpy                        
20008e69  GPIOIntDisable                 
20008e83  GPIOIntEnable                  
20008e9d  PinTypeSPI                     
20008eb7  PinTypeUART                    
20008ed1  SPIFIFOEnable                  
20008eeb  SPICSDisable                   
20008f03  SPICSEnable                    
20008f1b  SPIEnable                      
20008f33  TimerIntDisable                
20008f4b  TimerIntEnable                 
20008f63  UARTCharsAvail                 
20008f7b  UARTIntDisable                 
20008f93  UARTIntEnable                  
20008fad  _args_main                     
20008fc5  PRCMHIBRegRead                 
20008fdb  PRCMHIBRegWrite                
20008ff1  UARTCharGet                    
20009007  UARTFIFODisable                
2000901d  UARTFIFOEnable                 
20009033  strchr                         
20009049  CPUcpsie                       
2000905d  GPIOIntClear                   
20009071  IntVTableBaseSet               
20009085  _register_unlock               
2000908b  _register_lock                 
20009093  _nop                           
20009099  strlen                         
200090ad  TimerIntClear                  
200090bf  UARTIntClear                   
200090d1  __TI_decompress_none           
200090df  ResetISR                       
200090ed  __TI_zero_init                 
200090f9  IntMasterEnable                
20009103  copysign                       
20009103  copysignl                      
2000910b  UtilsDelay                     
20009111  _system_pre_init               
2000960f  _ctypes_                       
20009a20  __TI_static_base__             
20009aac  __TI_Handler_Table_Base        
20009ab8  __TI_Handler_Table_Limit       
20009ac0  __TI_CINIT_Base                
20009ad0  __TI_CINIT_Limit               
2001d000  _sys_memory                    
2001d800  buttons                        
2001de90  cursor_x                       
2001de94  cursor_y                       
2001de98  textsize                       
2001de9c  textcolor                      
2001dea0  textbgcolor                    
2001dea4  wrap                           
2001dea8  __TI_cleanup_ptr               
2001deac  __TI_dtors_ptr                 
2001deb0  __TI_enable_exit_profile_output
2001dec0  _lock                          
2001dec4  _unlock                        
2001ded0  errno                          
2001ded4  main_func_sp                   
2001ded8  bitSequence                    
2001df64  timeInterval                   
2001dff0  timeOfInterrupt                
2001e07c  buffer                         
2001e0bc  receiverBuffer                 
2001e100  _readTime                      
2001e104  _time                          
2001e108  interruptCounter               
2001e10c  pulseCounter                   
2001e110  readIndex                      
2001e114  time                           
2001e118  currRead                       
2003f800  __stack                        
20040000  __STACK_END                    
ffffffff  __TI_pprof_out_hndl            
ffffffff  __TI_prof_data_size            
ffffffff  __TI_prof_data_start           
ffffffff  __binit__                      
ffffffff  __c_args__                     
ffffffff  binit                          
UNDEFED   SHT$$INIT_ARRAY$$Base          
UNDEFED   SHT$$INIT_ARRAY$$Limit         

[228 symbols]
