<?xml version="1.0"?>
<link_info>
   <banner>TI ARM Linker PC v16.9.6.LTS</banner>
   <copyright>Copyright (c) 1996-2017 Texas Instruments Incorporated</copyright>
   <link_time>0x5a7a2f03</link_time>
   <link_errors>0x0</link_errors>
   <output_file>int_sw.out</output_file>
   <entry_point>
      <name>_c_int00</name>
      <address>0x200073e1</address>
   </entry_point>
   <input_file_list>
      <input_file id="fl-2">
         <path>.\</path>
         <kind>object</kind>
         <file>main.obj</file>
         <name>main.obj</name>
      </input_file>
      <input_file id="fl-3">
         <path>.\</path>
         <kind>object</kind>
         <file>pin_mux_config.obj</file>
         <name>pin_mux_config.obj</name>
      </input_file>
      <input_file id="fl-4">
         <path>.\</path>
         <kind>object</kind>
         <file>startup_ccs.obj</file>
         <name>startup_ccs.obj</name>
      </input_file>
      <input_file id="fl-5">
         <path>.\</path>
         <kind>object</kind>
         <file>timer_if.obj</file>
         <name>timer_if.obj</name>
      </input_file>
      <input_file id="fl-6">
         <path>.\</path>
         <kind>object</kind>
         <file>uart_if.obj</file>
         <name>uart_if.obj</name>
      </input_file>
      <input_file id="fl-b">
         <kind>object</kind>
         <file>&lt;internal&gt;</file>
         <name>&lt;internal&gt;</name>
      </input_file>
      <input_file id="fl-c1">
         <path>C:\ti\ccsv7\tools\compiler\ti-cgt-arm_16.9.6.LTS\lib\</path>
         <kind>archive</kind>
         <file>rtsv7M4_T_le_eabi.lib</file>
         <name>boot.obj</name>
      </input_file>
      <input_file id="fl-c2">
         <path>C:\ti\ccsv7\tools\compiler\ti-cgt-arm_16.9.6.LTS\lib\</path>
         <kind>archive</kind>
         <file>rtsv7M4_T_le_eabi.lib</file>
         <name>copy_decompress_lzss.obj</name>
      </input_file>
      <input_file id="fl-c3">
         <path>C:\ti\ccsv7\tools\compiler\ti-cgt-arm_16.9.6.LTS\lib\</path>
         <kind>archive</kind>
         <file>rtsv7M4_T_le_eabi.lib</file>
         <name>copy_decompress_none.obj</name>
      </input_file>
      <input_file id="fl-c4">
         <path>C:\ti\ccsv7\tools\compiler\ti-cgt-arm_16.9.6.LTS\lib\</path>
         <kind>archive</kind>
         <file>rtsv7M4_T_le_eabi.lib</file>
         <name>copy_zero_init.obj</name>
      </input_file>
      <input_file id="fl-c5">
         <path>C:\ti\ccsv7\tools\compiler\ti-cgt-arm_16.9.6.LTS\lib\</path>
         <kind>archive</kind>
         <file>rtsv7M4_T_le_eabi.lib</file>
         <name>exit.obj</name>
      </input_file>
      <input_file id="fl-c6">
         <path>C:\ti\ccsv7\tools\compiler\ti-cgt-arm_16.9.6.LTS\lib\</path>
         <kind>archive</kind>
         <file>rtsv7M4_T_le_eabi.lib</file>
         <name>memcpy_t2.obj</name>
      </input_file>
      <input_file id="fl-c7">
         <path>C:\ti\ccsv7\tools\compiler\ti-cgt-arm_16.9.6.LTS\lib\</path>
         <kind>archive</kind>
         <file>rtsv7M4_T_le_eabi.lib</file>
         <name>memmov.obj</name>
      </input_file>
      <input_file id="fl-c8">
         <path>C:\ti\ccsv7\tools\compiler\ti-cgt-arm_16.9.6.LTS\lib\</path>
         <kind>archive</kind>
         <file>rtsv7M4_T_le_eabi.lib</file>
         <name>memory.obj</name>
      </input_file>
      <input_file id="fl-c9">
         <path>C:\ti\ccsv7\tools\compiler\ti-cgt-arm_16.9.6.LTS\lib\</path>
         <kind>archive</kind>
         <file>rtsv7M4_T_le_eabi.lib</file>
         <name>memset_t2.obj</name>
      </input_file>
      <input_file id="fl-ca">
         <path>C:\ti\ccsv7\tools\compiler\ti-cgt-arm_16.9.6.LTS\lib\</path>
         <kind>archive</kind>
         <file>rtsv7M4_T_le_eabi.lib</file>
         <name>mpu_init.obj</name>
      </input_file>
      <input_file id="fl-cb">
         <path>C:\ti\ccsv7\tools\compiler\ti-cgt-arm_16.9.6.LTS\lib\</path>
         <kind>archive</kind>
         <file>rtsv7M4_T_le_eabi.lib</file>
         <name>pre_init.obj</name>
      </input_file>
      <input_file id="fl-cc">
         <path>C:\ti\ccsv7\tools\compiler\ti-cgt-arm_16.9.6.LTS\lib\</path>
         <kind>archive</kind>
         <file>rtsv7M4_T_le_eabi.lib</file>
         <name>stkdepth_vars.obj</name>
      </input_file>
      <input_file id="fl-cd">
         <path>C:\ti\ccsv7\tools\compiler\ti-cgt-arm_16.9.6.LTS\lib\</path>
         <kind>archive</kind>
         <file>rtsv7M4_T_le_eabi.lib</file>
         <name>strlen.obj</name>
      </input_file>
      <input_file id="fl-ce">
         <path>C:\ti\ccsv7\tools\compiler\ti-cgt-arm_16.9.6.LTS\lib\</path>
         <kind>archive</kind>
         <file>rtsv7M4_T_le_eabi.lib</file>
         <name>vsnprintf.obj</name>
      </input_file>
      <input_file id="fl-cf">
         <path>C:\ti\ccsv7\tools\compiler\ti-cgt-arm_16.9.6.LTS\lib\</path>
         <kind>archive</kind>
         <file>rtsv7M4_T_le_eabi.lib</file>
         <name>_lock.obj</name>
      </input_file>
      <input_file id="fl-d0">
         <path>C:\ti\ccsv7\tools\compiler\ti-cgt-arm_16.9.6.LTS\lib\</path>
         <kind>archive</kind>
         <file>rtsv7M4_T_le_eabi.lib</file>
         <name>_printfi.obj</name>
      </input_file>
      <input_file id="fl-d1">
         <path>C:\ti\ccsv7\tools\compiler\ti-cgt-arm_16.9.6.LTS\lib\</path>
         <kind>archive</kind>
         <file>rtsv7M4_T_le_eabi.lib</file>
         <name>args_main.obj</name>
      </input_file>
      <input_file id="fl-d2">
         <path>C:\ti\ccsv7\tools\compiler\ti-cgt-arm_16.9.6.LTS\lib\</path>
         <kind>archive</kind>
         <file>rtsv7M4_T_le_eabi.lib</file>
         <name>atoi.obj</name>
      </input_file>
      <input_file id="fl-d3">
         <path>C:\ti\ccsv7\tools\compiler\ti-cgt-arm_16.9.6.LTS\lib\</path>
         <kind>archive</kind>
         <file>rtsv7M4_T_le_eabi.lib</file>
         <name>autoinit.obj</name>
      </input_file>
      <input_file id="fl-d4">
         <path>C:\ti\ccsv7\tools\compiler\ti-cgt-arm_16.9.6.LTS\lib\</path>
         <kind>archive</kind>
         <file>rtsv7M4_T_le_eabi.lib</file>
         <name>cpy_tbl.obj</name>
      </input_file>
      <input_file id="fl-d5">
         <path>C:\ti\ccsv7\tools\compiler\ti-cgt-arm_16.9.6.LTS\lib\</path>
         <kind>archive</kind>
         <file>rtsv7M4_T_le_eabi.lib</file>
         <name>ctype.obj</name>
      </input_file>
      <input_file id="fl-d6">
         <path>C:\ti\ccsv7\tools\compiler\ti-cgt-arm_16.9.6.LTS\lib\</path>
         <kind>archive</kind>
         <file>rtsv7M4_T_le_eabi.lib</file>
         <name>fd_add_t2.obj</name>
      </input_file>
      <input_file id="fl-d7">
         <path>C:\ti\ccsv7\tools\compiler\ti-cgt-arm_16.9.6.LTS\lib\</path>
         <kind>archive</kind>
         <file>rtsv7M4_T_le_eabi.lib</file>
         <name>fd_cmp_t2.obj</name>
      </input_file>
      <input_file id="fl-d8">
         <path>C:\ti\ccsv7\tools\compiler\ti-cgt-arm_16.9.6.LTS\lib\</path>
         <kind>archive</kind>
         <file>rtsv7M4_T_le_eabi.lib</file>
         <name>fd_div_t2.obj</name>
      </input_file>
      <input_file id="fl-d9">
         <path>C:\ti\ccsv7\tools\compiler\ti-cgt-arm_16.9.6.LTS\lib\</path>
         <kind>archive</kind>
         <file>rtsv7M4_T_le_eabi.lib</file>
         <name>fd_mul_t2.obj</name>
      </input_file>
      <input_file id="fl-da">
         <path>C:\ti\ccsv7\tools\compiler\ti-cgt-arm_16.9.6.LTS\lib\</path>
         <kind>archive</kind>
         <file>rtsv7M4_T_le_eabi.lib</file>
         <name>fd_toi_t2.obj</name>
      </input_file>
      <input_file id="fl-db">
         <path>C:\ti\ccsv7\tools\compiler\ti-cgt-arm_16.9.6.LTS\lib\</path>
         <kind>archive</kind>
         <file>rtsv7M4_T_le_eabi.lib</file>
         <name>i_tofd_t2.obj</name>
      </input_file>
      <input_file id="fl-dc">
         <path>C:\ti\ccsv7\tools\compiler\ti-cgt-arm_16.9.6.LTS\lib\</path>
         <kind>archive</kind>
         <file>rtsv7M4_T_le_eabi.lib</file>
         <name>ltoa.obj</name>
      </input_file>
      <input_file id="fl-dd">
         <path>C:\ti\ccsv7\tools\compiler\ti-cgt-arm_16.9.6.LTS\lib\</path>
         <kind>archive</kind>
         <file>rtsv7M4_T_le_eabi.lib</file>
         <name>memccpy.obj</name>
      </input_file>
      <input_file id="fl-de">
         <path>C:\ti\ccsv7\tools\compiler\ti-cgt-arm_16.9.6.LTS\lib\</path>
         <kind>archive</kind>
         <file>rtsv7M4_T_le_eabi.lib</file>
         <name>s_frexp.obj</name>
      </input_file>
      <input_file id="fl-df">
         <path>C:\ti\ccsv7\tools\compiler\ti-cgt-arm_16.9.6.LTS\lib\</path>
         <kind>archive</kind>
         <file>rtsv7M4_T_le_eabi.lib</file>
         <name>s_scalbn.obj</name>
      </input_file>
      <input_file id="fl-e0">
         <path>C:\ti\ccsv7\tools\compiler\ti-cgt-arm_16.9.6.LTS\lib\</path>
         <kind>archive</kind>
         <file>rtsv7M4_T_le_eabi.lib</file>
         <name>startup.obj</name>
      </input_file>
      <input_file id="fl-e1">
         <path>C:\ti\ccsv7\tools\compiler\ti-cgt-arm_16.9.6.LTS\lib\</path>
         <kind>archive</kind>
         <file>rtsv7M4_T_le_eabi.lib</file>
         <name>strchr.obj</name>
      </input_file>
      <input_file id="fl-e2">
         <path>C:\ti\ccsv7\tools\compiler\ti-cgt-arm_16.9.6.LTS\lib\</path>
         <kind>archive</kind>
         <file>rtsv7M4_T_le_eabi.lib</file>
         <name>ull_div_t2.obj</name>
      </input_file>
      <input_file id="fl-e3">
         <path>C:\ti\ccsv7\tools\compiler\ti-cgt-arm_16.9.6.LTS\lib\</path>
         <kind>archive</kind>
         <file>rtsv7M4_T_le_eabi.lib</file>
         <name>errno.obj</name>
      </input_file>
      <input_file id="fl-e4">
         <path>C:\ti\ccsv7\tools\compiler\ti-cgt-arm_16.9.6.LTS\lib\</path>
         <kind>archive</kind>
         <file>rtsv7M4_T_le_eabi.lib</file>
         <name>s_copysign.obj</name>
      </input_file>
      <input_file id="fl-e5">
         <path>C:\ti\CC3200SDK_1.3.0\cc3200-sdk\driverlib\ccs\Release\</path>
         <kind>archive</kind>
         <file>driverlib.a</file>
         <name>gpio.obj</name>
      </input_file>
      <input_file id="fl-e6">
         <path>C:\ti\CC3200SDK_1.3.0\cc3200-sdk\driverlib\ccs\Release\</path>
         <kind>archive</kind>
         <file>driverlib.a</file>
         <name>interrupt.obj</name>
      </input_file>
      <input_file id="fl-e7">
         <path>C:\ti\CC3200SDK_1.3.0\cc3200-sdk\driverlib\ccs\Release\</path>
         <kind>archive</kind>
         <file>driverlib.a</file>
         <name>pin.obj</name>
      </input_file>
      <input_file id="fl-e8">
         <path>C:\ti\CC3200SDK_1.3.0\cc3200-sdk\driverlib\ccs\Release\</path>
         <kind>archive</kind>
         <file>driverlib.a</file>
         <name>prcm.obj</name>
      </input_file>
      <input_file id="fl-e9">
         <path>C:\ti\CC3200SDK_1.3.0\cc3200-sdk\driverlib\ccs\Release\</path>
         <kind>archive</kind>
         <file>driverlib.a</file>
         <name>timer.obj</name>
      </input_file>
      <input_file id="fl-ea">
         <path>C:\ti\CC3200SDK_1.3.0\cc3200-sdk\driverlib\ccs\Release\</path>
         <kind>archive</kind>
         <file>driverlib.a</file>
         <name>uart.obj</name>
      </input_file>
      <input_file id="fl-eb">
         <path>C:\ti\CC3200SDK_1.3.0\cc3200-sdk\driverlib\ccs\Release\</path>
         <kind>archive</kind>
         <file>driverlib.a</file>
         <name>utils.obj</name>
      </input_file>
      <input_file id="fl-ec">
         <path>C:\ti\CC3200SDK_1.3.0\cc3200-sdk\driverlib\ccs\Release\</path>
         <kind>archive</kind>
         <file>driverlib.a</file>
         <name>cpu.obj</name>
      </input_file>
      <input_file id="fl-ed">
         <path>C:\ti\CC3200SDK_1.3.0\cc3200-sdk\driverlib\ccs\Release\</path>
         <kind>archive</kind>
         <file>driverlib.a</file>
         <name>flash.obj</name>
      </input_file>
   </input_file_list>
   <object_component_list>
      <object_component id="oc-f">
         <name>.intvecs</name>
         <load_address>0x20004000</load_address>
         <run_address>0x20004000</run_address>
         <size>0x400</size>
         <input_file_ref idref="fl-4"/>
      </object_component>
      <object_component id="oc-273">
         <name>.text</name>
         <load_address>0x20004400</load_address>
         <run_address>0x20004400</run_address>
         <size>0x1122</size>
         <input_file_ref idref="fl-d0"/>
      </object_component>
      <object_component id="oc-338">
         <name>.text:IntDefaultHandler</name>
         <load_address>0x20005522</load_address>
         <run_address>0x20005522</run_address>
         <size>0x2</size>
         <input_file_ref idref="fl-e6"/>
      </object_component>
      <object_component id="oc-1c0">
         <name>.text</name>
         <load_address>0x20005524</load_address>
         <run_address>0x20005524</run_address>
         <size>0x3d0</size>
         <input_file_ref idref="fl-c8"/>
      </object_component>
      <object_component id="oc-a8">
         <name>.text</name>
         <load_address>0x200058f4</load_address>
         <run_address>0x200058f4</run_address>
         <size>0x2b0</size>
         <input_file_ref idref="fl-2"/>
      </object_component>
      <object_component id="oc-102">
         <name>.text</name>
         <load_address>0x20005ba4</load_address>
         <run_address>0x20005ba4</run_address>
         <size>0x280</size>
         <input_file_ref idref="fl-6"/>
      </object_component>
      <object_component id="oc-2cf">
         <name>.text</name>
         <load_address>0x20005e24</load_address>
         <run_address>0x20005e24</run_address>
         <size>0x1f4</size>
         <input_file_ref idref="fl-e2"/>
      </object_component>
      <object_component id="oc-2f8">
         <name>.text</name>
         <load_address>0x20006018</load_address>
         <run_address>0x20006018</run_address>
         <size>0x1b6</size>
         <input_file_ref idref="fl-d6"/>
      </object_component>
      <object_component id="oc-59">
         <name>.text</name>
         <load_address>0x200061ce</load_address>
         <run_address>0x200061ce</run_address>
         <size>0x2</size>
         <input_file_ref idref="fl-ca"/>
      </object_component>
      <object_component id="oc-10e">
         <name>.text</name>
         <load_address>0x200061d0</load_address>
         <run_address>0x200061d0</run_address>
         <size>0x198</size>
         <input_file_ref idref="fl-5"/>
      </object_component>
      <object_component id="oc-fc">
         <name>.text:PRCMCC3200MCUInit</name>
         <load_address>0x20006368</load_address>
         <run_address>0x20006368</run_address>
         <size>0x178</size>
         <input_file_ref idref="fl-e8"/>
      </object_component>
      <object_component id="oc-2de">
         <name>.text</name>
         <load_address>0x200064e0</load_address>
         <run_address>0x200064e0</run_address>
         <size>0x136</size>
         <input_file_ref idref="fl-d8"/>
      </object_component>
      <object_component id="oc-2d9">
         <name>.text</name>
         <load_address>0x20006616</load_address>
         <run_address>0x20006616</run_address>
         <size>0xfc</size>
         <input_file_ref idref="fl-d9"/>
      </object_component>
      <object_component id="oc-108">
         <name>.text</name>
         <load_address>0x20006712</load_address>
         <run_address>0x20006712</run_address>
         <size>0xe2</size>
         <input_file_ref idref="fl-3"/>
      </object_component>
      <object_component id="oc-303">
         <name>.text</name>
         <load_address>0x200067f4</load_address>
         <run_address>0x200067f4</run_address>
         <size>0xd0</size>
         <input_file_ref idref="fl-df"/>
      </object_component>
      <object_component id="oc-2af">
         <name>.text:IntDisable</name>
         <load_address>0x200068c4</load_address>
         <run_address>0x200068c4</run_address>
         <size>0xa8</size>
         <input_file_ref idref="fl-e6"/>
      </object_component>
      <object_component id="oc-f6">
         <name>.text:IntEnable</name>
         <load_address>0x2000696c</load_address>
         <run_address>0x2000696c</run_address>
         <size>0xa8</size>
         <input_file_ref idref="fl-e6"/>
      </object_component>
      <object_component id="oc-41">
         <name>.text</name>
         <load_address>0x20006a14</load_address>
         <run_address>0x20006a14</run_address>
         <size>0x9c</size>
         <input_file_ref idref="fl-c6"/>
      </object_component>
      <object_component id="oc-190">
         <name>.text:PRCMPeripheralClockGet</name>
         <load_address>0x20006ab0</load_address>
         <run_address>0x20006ab0</run_address>
         <size>0x94</size>
         <input_file_ref idref="fl-e8"/>
      </object_component>
      <object_component id="oc-297">
         <name>.text:PinConfigSet</name>
         <load_address>0x20006b44</load_address>
         <run_address>0x20006b44</run_address>
         <size>0x88</size>
         <input_file_ref idref="fl-e7"/>
      </object_component>
      <object_component id="oc-1a2">
         <name>.text</name>
         <load_address>0x20006bcc</load_address>
         <run_address>0x20006bcc</run_address>
         <size>0x88</size>
         <input_file_ref idref="fl-ce"/>
      </object_component>
      <object_component id="oc-2d4">
         <name>.text:__aeabi_cdcmple</name>
         <load_address>0x20006c54</load_address>
         <run_address>0x20006c54</run_address>
         <size>0x86</size>
         <input_file_ref idref="fl-d7"/>
      </object_component>
      <object_component id="oc-2e3">
         <name>.text:__aeabi_cdrcmple</name>
         <load_address>0x20006cda</load_address>
         <run_address>0x20006cda</run_address>
         <size>0x86</size>
         <input_file_ref idref="fl-d7"/>
      </object_component>
      <object_component id="oc-11a">
         <name>.text:GPIOIntTypeSet</name>
         <load_address>0x20006d60</load_address>
         <run_address>0x20006d60</run_address>
         <size>0x82</size>
         <input_file_ref idref="fl-e5"/>
      </object_component>
      <object_component id="oc-4d">
         <name>.text</name>
         <load_address>0x20006de2</load_address>
         <run_address>0x20006de2</run_address>
         <size>0x7a</size>
         <input_file_ref idref="fl-c9"/>
      </object_component>
      <object_component id="oc-196">
         <name>.text:UARTConfigSetExpClk</name>
         <load_address>0x20006e5c</load_address>
         <run_address>0x20006e5c</run_address>
         <size>0x76</size>
         <input_file_ref idref="fl-ea"/>
      </object_component>
      <object_component id="oc-a0">
         <name>.text</name>
         <load_address>0x20006ed2</load_address>
         <run_address>0x20006ed2</run_address>
         <size>0x2</size>
         <input_file_ref idref="fl-e0"/>
      </object_component>
      <object_component id="oc-200">
         <name>.text:TimerIntRegister</name>
         <load_address>0x20006ed4</load_address>
         <run_address>0x20006ed4</run_address>
         <size>0x70</size>
         <input_file_ref idref="fl-e9"/>
      </object_component>
      <object_component id="oc-65">
         <name>.text</name>
         <load_address>0x20006f44</load_address>
         <run_address>0x20006f44</run_address>
         <size>0x70</size>
         <input_file_ref idref="fl-d3"/>
      </object_component>
      <object_component id="oc-230">
         <name>.text:TimerIntUnregister</name>
         <load_address>0x20006fb4</load_address>
         <run_address>0x20006fb4</run_address>
         <size>0x68</size>
         <input_file_ref idref="fl-e9"/>
      </object_component>
      <object_component id="oc-12">
         <name>.text:decompress:lzss</name>
         <load_address>0x2000701c</load_address>
         <run_address>0x2000701c</run_address>
         <size>0x68</size>
         <input_file_ref idref="fl-c2"/>
      </object_component>
      <object_component id="oc-2fd">
         <name>.text</name>
         <load_address>0x20007084</load_address>
         <run_address>0x20007084</run_address>
         <size>0x5c</size>
         <input_file_ref idref="fl-de"/>
      </object_component>
      <object_component id="oc-183">
         <name>.text:PRCMPeripheralReset</name>
         <load_address>0x200070e0</load_address>
         <run_address>0x200070e0</run_address>
         <size>0x58</size>
         <input_file_ref idref="fl-e8"/>
      </object_component>
      <object_component id="oc-1fa">
         <name>.text:IntPrioritySet</name>
         <load_address>0x20007138</load_address>
         <run_address>0x20007138</run_address>
         <size>0x54</size>
         <input_file_ref idref="fl-e6"/>
      </object_component>
      <object_component id="oc-71">
         <name>.text</name>
         <load_address>0x2000718c</load_address>
         <run_address>0x2000718c</run_address>
         <size>0x54</size>
         <input_file_ref idref="fl-c5"/>
      </object_component>
      <object_component id="oc-2ed">
         <name>.text</name>
         <load_address>0x200071e0</load_address>
         <run_address>0x200071e0</run_address>
         <size>0x54</size>
         <input_file_ref idref="fl-dc"/>
      </object_component>
      <object_component id="oc-30f">
         <name>.text</name>
         <load_address>0x20007234</load_address>
         <run_address>0x20007234</run_address>
         <size>0x4c</size>
         <input_file_ref idref="fl-d2"/>
      </object_component>
      <object_component id="oc-9a">
         <name>.text</name>
         <load_address>0x20007280</load_address>
         <run_address>0x20007280</run_address>
         <size>0x4c</size>
         <input_file_ref idref="fl-d4"/>
      </object_component>
      <object_component id="oc-238">
         <name>.text:GPIOGetIntNumber</name>
         <load_address>0x200072cc</load_address>
         <run_address>0x200072cc</run_address>
         <size>0x48</size>
         <input_file_ref idref="fl-e5"/>
      </object_component>
      <object_component id="oc-2e8">
         <name>.text</name>
         <load_address>0x20007314</load_address>
         <run_address>0x20007314</run_address>
         <size>0x48</size>
         <input_file_ref idref="fl-da"/>
      </object_component>
      <object_component id="oc-1ee">
         <name>.text:TimerConfigure</name>
         <load_address>0x2000735c</load_address>
         <run_address>0x2000735c</run_address>
         <size>0x44</size>
         <input_file_ref idref="fl-e9"/>
      </object_component>
      <object_component id="oc-1d5">
         <name>.text:PinModeSet</name>
         <load_address>0x200073a0</load_address>
         <run_address>0x200073a0</run_address>
         <size>0x40</size>
         <input_file_ref idref="fl-e7"/>
      </object_component>
      <object_component id="oc-24">
         <name>.text</name>
         <load_address>0x200073e0</load_address>
         <run_address>0x200073e0</run_address>
         <size>0x40</size>
         <input_file_ref idref="fl-c1"/>
      </object_component>
      <object_component id="oc-17d">
         <name>.text:PRCMPeripheralClkEnable</name>
         <load_address>0x20007420</load_address>
         <run_address>0x20007420</run_address>
         <size>0x3c</size>
         <input_file_ref idref="fl-e8"/>
      </object_component>
      <object_component id="oc-1e1">
         <name>.text:GPIODirModeSet</name>
         <load_address>0x2000745c</load_address>
         <run_address>0x2000745c</run_address>
         <size>0x36</size>
         <input_file_ref idref="fl-e5"/>
      </object_component>
      <object_component id="oc-1db">
         <name>.text:PinTypeGPIO</name>
         <load_address>0x20007492</load_address>
         <run_address>0x20007492</run_address>
         <size>0x30</size>
         <input_file_ref idref="fl-e7"/>
      </object_component>
      <object_component id="oc-265">
         <name>.text:UARTDisable</name>
         <load_address>0x200074c4</load_address>
         <run_address>0x200074c4</run_address>
         <size>0x30</size>
         <input_file_ref idref="fl-ea"/>
      </object_component>
      <object_component id="oc-2f3">
         <name>.text</name>
         <load_address>0x200074f4</load_address>
         <run_address>0x200074f4</run_address>
         <size>0x2e</size>
         <input_file_ref idref="fl-db"/>
      </object_component>
      <object_component id="oc-16b">
         <name>.text:PRCMSysResetCauseGet</name>
         <load_address>0x20007524</load_address>
         <run_address>0x20007524</run_address>
         <size>0x2c</size>
         <input_file_ref idref="fl-e8"/>
      </object_component>
      <object_component id="oc-218">
         <name>.text:TimerLoadSet</name>
         <load_address>0x20007550</load_address>
         <run_address>0x20007550</run_address>
         <size>0x2a</size>
         <input_file_ref idref="fl-e9"/>
      </object_component>
      <object_component id="oc-1f4">
         <name>.text:TimerPrescaleSet</name>
         <load_address>0x2000757a</load_address>
         <run_address>0x2000757a</run_address>
         <size>0x2a</size>
         <input_file_ref idref="fl-e9"/>
      </object_component>
      <object_component id="oc-189">
         <name>.text:PRCMPeripheralClkDisable</name>
         <load_address>0x200075a4</load_address>
         <run_address>0x200075a4</run_address>
         <size>0x28</size>
         <input_file_ref idref="fl-e8"/>
      </object_component>
      <object_component id="oc-2b5">
         <name>.text:IntUnregister</name>
         <load_address>0x200075cc</load_address>
         <run_address>0x200075cc</run_address>
         <size>0x24</size>
         <input_file_ref idref="fl-e6"/>
      </object_component>
      <object_component id="oc-26b">
         <name>.text:UARTEnable</name>
         <load_address>0x200075f0</load_address>
         <run_address>0x200075f0</run_address>
         <size>0x24</size>
         <input_file_ref idref="fl-ea"/>
      </object_component>
      <object_component id="oc-1ba">
         <name>.text</name>
         <load_address>0x20007614</load_address>
         <run_address>0x20007614</run_address>
         <size>0x24</size>
         <input_file_ref idref="fl-c7"/>
      </object_component>
      <object_component id="oc-d8">
         <name>.text:GPIOIntStatus</name>
         <load_address>0x20007638</load_address>
         <run_address>0x20007638</run_address>
         <size>0x22</size>
         <input_file_ref idref="fl-e5"/>
      </object_component>
      <object_component id="oc-126">
         <name>.text:TimerValueSet</name>
         <load_address>0x2000765a</load_address>
         <run_address>0x2000765a</run_address>
         <size>0x22</size>
         <input_file_ref idref="fl-e9"/>
      </object_component>
      <object_component id="oc-23e">
         <name>.text:IntRegister</name>
         <load_address>0x2000767c</load_address>
         <run_address>0x2000767c</run_address>
         <size>0x20</size>
         <input_file_ref idref="fl-e6"/>
      </object_component>
      <object_component id="oc-114">
         <name>.text:GPIOIntRegister</name>
         <load_address>0x2000769c</load_address>
         <run_address>0x2000769c</run_address>
         <size>0x1e</size>
         <input_file_ref idref="fl-e5"/>
      </object_component>
      <object_component id="oc-224">
         <name>.text:TimerDisable</name>
         <load_address>0x200076ba</load_address>
         <run_address>0x200076ba</run_address>
         <size>0x1e</size>
         <input_file_ref idref="fl-e9"/>
      </object_component>
      <object_component id="oc-21e">
         <name>.text:TimerEnable</name>
         <load_address>0x200076d8</load_address>
         <run_address>0x200076d8</run_address>
         <size>0x1e</size>
         <input_file_ref idref="fl-e9"/>
      </object_component>
      <object_component id="oc-20c">
         <name>.text:TimerIntStatus</name>
         <load_address>0x200076f6</load_address>
         <run_address>0x200076f6</run_address>
         <size>0x1e</size>
         <input_file_ref idref="fl-e9"/>
      </object_component>
      <object_component id="oc-19c">
         <name>.text:UARTCharPut</name>
         <load_address>0x20007714</load_address>
         <run_address>0x20007714</run_address>
         <size>0x1e</size>
         <input_file_ref idref="fl-ea"/>
      </object_component>
      <object_component id="oc-e4">
         <name>.text:TimerValueGet</name>
         <load_address>0x20007732</load_address>
         <run_address>0x20007732</run_address>
         <size>0x1c</size>
         <input_file_ref idref="fl-e9"/>
      </object_component>
      <object_component id="oc-1ae">
         <name>.text:UARTCharGetNonBlocking</name>
         <load_address>0x2000774e</load_address>
         <run_address>0x2000774e</run_address>
         <size>0x1c</size>
         <input_file_ref idref="fl-ea"/>
      </object_component>
      <object_component id="oc-315">
         <name>.text</name>
         <load_address>0x2000776a</load_address>
         <run_address>0x2000776a</run_address>
         <size>0x1c</size>
         <input_file_ref idref="fl-dd"/>
      </object_component>
      <object_component id="oc-120">
         <name>.text:GPIOIntEnable</name>
         <load_address>0x20007786</load_address>
         <run_address>0x20007786</run_address>
         <size>0x1a</size>
         <input_file_ref idref="fl-e5"/>
      </object_component>
      <object_component id="oc-1e7">
         <name>.text:PinTypeUART</name>
         <load_address>0x200077a0</load_address>
         <run_address>0x200077a0</run_address>
         <size>0x1a</size>
         <input_file_ref idref="fl-e7"/>
      </object_component>
      <object_component id="oc-22a">
         <name>.text:TimerIntDisable</name>
         <load_address>0x200077ba</load_address>
         <run_address>0x200077ba</run_address>
         <size>0x18</size>
         <input_file_ref idref="fl-e9"/>
      </object_component>
      <object_component id="oc-206">
         <name>.text:TimerIntEnable</name>
         <load_address>0x200077d2</load_address>
         <run_address>0x200077d2</run_address>
         <size>0x18</size>
         <input_file_ref idref="fl-e9"/>
      </object_component>
      <object_component id="oc-1a8">
         <name>.text:UARTCharsAvail</name>
         <load_address>0x200077ea</load_address>
         <run_address>0x200077ea</run_address>
         <size>0x18</size>
         <input_file_ref idref="fl-ea"/>
      </object_component>
      <object_component id="oc-6b">
         <name>.text</name>
         <load_address>0x20007804</load_address>
         <run_address>0x20007804</run_address>
         <size>0x18</size>
         <input_file_ref idref="fl-d1"/>
      </object_component>
      <object_component id="oc-171">
         <name>.text:PRCMHIBRegRead</name>
         <load_address>0x2000781c</load_address>
         <run_address>0x2000781c</run_address>
         <size>0x16</size>
         <input_file_ref idref="fl-e8"/>
      </object_component>
      <object_component id="oc-177">
         <name>.text:PRCMHIBRegWrite</name>
         <load_address>0x20007832</load_address>
         <run_address>0x20007832</run_address>
         <size>0x16</size>
         <input_file_ref idref="fl-e8"/>
      </object_component>
      <object_component id="oc-309">
         <name>.text</name>
         <load_address>0x20007848</load_address>
         <run_address>0x20007848</run_address>
         <size>0x16</size>
         <input_file_ref idref="fl-e1"/>
      </object_component>
      <object_component id="oc-160">
         <name>.text:CPUcpsie</name>
         <load_address>0x2000785e</load_address>
         <run_address>0x2000785e</run_address>
         <size>0x14</size>
         <input_file_ref idref="fl-ec"/>
      </object_component>
      <object_component id="oc-de">
         <name>.text:GPIOIntClear</name>
         <load_address>0x20007872</load_address>
         <run_address>0x20007872</run_address>
         <size>0x14</size>
         <input_file_ref idref="fl-e5"/>
      </object_component>
      <object_component id="oc-ea">
         <name>.text:IntVTableBaseSet</name>
         <load_address>0x20007888</load_address>
         <run_address>0x20007888</run_address>
         <size>0x14</size>
         <input_file_ref idref="fl-e6"/>
      </object_component>
      <object_component id="oc-13f">
         <name>.text</name>
         <load_address>0x2000789c</load_address>
         <run_address>0x2000789c</run_address>
         <size>0x14</size>
         <input_file_ref idref="fl-cf"/>
      </object_component>
      <object_component id="oc-1b4">
         <name>.text</name>
         <load_address>0x200078b0</load_address>
         <run_address>0x200078b0</run_address>
         <size>0x14</size>
         <input_file_ref idref="fl-cd"/>
      </object_component>
      <object_component id="oc-212">
         <name>.text:TimerIntClear</name>
         <load_address>0x200078c4</load_address>
         <run_address>0x200078c4</run_address>
         <size>0x12</size>
         <input_file_ref idref="fl-e9"/>
      </object_component>
      <object_component id="oc-18">
         <name>.text:decompress:none</name>
         <load_address>0x200078d6</load_address>
         <run_address>0x200078d6</run_address>
         <size>0xe</size>
         <input_file_ref idref="fl-c3"/>
      </object_component>
      <object_component id="oc-2d">
         <name>.text</name>
         <load_address>0x200078e4</load_address>
         <run_address>0x200078e4</run_address>
         <size>0xe</size>
         <input_file_ref idref="fl-4"/>
      </object_component>
      <object_component id="oc-1e">
         <name>.text:decompress:ZI</name>
         <load_address>0x200078f2</load_address>
         <run_address>0x200078f2</run_address>
         <size>0xc</size>
         <input_file_ref idref="fl-c4"/>
      </object_component>
      <object_component id="oc-f0">
         <name>.text:IntMasterEnable</name>
         <load_address>0x200078fe</load_address>
         <run_address>0x200078fe</run_address>
         <size>0xa</size>
         <input_file_ref idref="fl-e6"/>
      </object_component>
      <object_component id="oc-350">
         <name>.text</name>
         <load_address>0x20007908</load_address>
         <run_address>0x20007908</run_address>
         <size>0x8</size>
         <input_file_ref idref="fl-e4"/>
      </object_component>
      <object_component id="oc-25a">
         <name>.text:UtilsDelay</name>
         <load_address>0x20007910</load_address>
         <run_address>0x20007910</run_address>
         <size>0x6</size>
         <input_file_ref idref="fl-eb"/>
      </object_component>
      <object_component id="oc-5f">
         <name>.text</name>
         <load_address>0x20007916</load_address>
         <run_address>0x20007916</run_address>
         <size>0x4</size>
         <input_file_ref idref="fl-cb"/>
      </object_component>
      <object_component id="oc-35d">
         <name>.const:.string:_ctypes_</name>
         <load_address>0x2000791c</load_address>
         <run_address>0x2000791c</run_address>
         <size>0x101</size>
         <input_file_ref idref="fl-d5"/>
      </object_component>
      <object_component id="oc-293">
         <name>.const:g_ulPinToPadMap</name>
         <load_address>0x20007a20</load_address>
         <run_address>0x20007a20</run_address>
         <size>0x100</size>
         <input_file_ref idref="fl-e7"/>
      </object_component>
      <object_component id="oc-2a2">
         <name>.const:g_pulRegs</name>
         <load_address>0x20007b20</load_address>
         <run_address>0x20007b20</run_address>
         <size>0xd4</size>
         <input_file_ref idref="fl-e6"/>
      </object_component>
      <object_component id="oc-25d">
         <name>.const:PRCM_PeriphRegsList</name>
         <load_address>0x20007bf4</load_address>
         <run_address>0x20007bf4</run_address>
         <size>0xa8</size>
         <input_file_ref idref="fl-e8"/>
      </object_component>
      <object_component id="oc-167">
         <name>.const</name>
         <load_address>0x20007c9c</load_address>
         <run_address>0x20007c9c</run_address>
         <size>0x80</size>
         <input_file_ref idref="fl-e6"/>
      </object_component>
      <object_component id="oc-3a3">
         <name>.cinit..data.load</name>
         <load_address>0x20007d20</load_address>
         <run_address>0x20007d20</run_address>
         <size>0x23</size>
      </object_component>
      <object_component id="oc-3a1">
         <name>__TI_handler_table</name>
         <load_address>0x20007d44</load_address>
         <run_address>0x20007d44</run_address>
         <size>0xc</size>
      </object_component>
      <object_component id="oc-3a4">
         <name>.cinit..bss.load</name>
         <load_address>0x20007d50</load_address>
         <run_address>0x20007d50</run_address>
         <size>0x8</size>
      </object_component>
      <object_component id="oc-3a2">
         <name>__TI_cinit_table</name>
         <load_address>0x20007d58</load_address>
         <run_address>0x20007d58</run_address>
         <size>0x10</size>
      </object_component>
      <object_component id="oc-12f">
         <name>.data:gpioin</name>
         <load_address>0x2001d8bc</load_address>
         <run_address>0x2001d8bc</run_address>
         <size>0x8</size>
         <input_file_ref idref="fl-2"/>
      </object_component>
      <object_component id="oc-b0">
         <name>.data:$O1$$</name>
         <load_address>0x2001d89c</load_address>
         <run_address>0x2001d89c</run_address>
         <size>0xc</size>
         <input_file_ref idref="fl-c5"/>
      </object_component>
      <object_component id="oc-28b">
         <name>.data:$O1$$</name>
         <load_address>0x2001d8a8</load_address>
         <run_address>0x2001d8a8</run_address>
         <size>0xc</size>
         <input_file_ref idref="fl-c8"/>
      </object_component>
      <object_component id="oc-77">
         <name>.data</name>
         <load_address>0x2001d8c8</load_address>
         <run_address>0x2001d8c8</run_address>
         <size>0x4</size>
         <input_file_ref idref="fl-cc"/>
      </object_component>
      <object_component id="oc-b3">
         <name>.data:$O1$$</name>
         <load_address>0x2001d8b4</load_address>
         <run_address>0x2001d8b4</run_address>
         <size>0x8</size>
         <input_file_ref idref="fl-cf"/>
      </object_component>
      <object_component id="oc-356">
         <name>.data</name>
         <load_address>0x2001d8c4</load_address>
         <run_address>0x2001d8c4</run_address>
         <size>0x4</size>
         <input_file_ref idref="fl-e3"/>
      </object_component>
      <object_component id="oc-1c6">
         <name>.bss</name>
         <uninitialized>true</uninitialized>
         <run_address>0x2001d890</run_address>
         <size>0x4</size>
         <input_file_ref idref="fl-6"/>
      </object_component>
      <object_component id="oc-132">
         <name>.common:time</name>
         <uninitialized>true</uninitialized>
         <run_address>0x2001d898</run_address>
         <size>0x4</size>
      </object_component>
      <object_component id="oc-12c">
         <name>.common:interruptCounter</name>
         <uninitialized>true</uninitialized>
         <run_address>0x2001d894</run_address>
         <size>0x4</size>
      </object_component>
      <object_component id="oc-134">
         <name>.common:timeInterval</name>
         <uninitialized>true</uninitialized>
         <run_address>0x2001d800</run_address>
         <size>0x48</size>
      </object_component>
      <object_component id="oc-133">
         <name>.common:timeOfInterrupt</name>
         <uninitialized>true</uninitialized>
         <run_address>0x2001d848</run_address>
         <size>0x48</size>
      </object_component>
      <object_component id="oc-2a">
         <name>.sysmem</name>
         <uninitialized>true</uninitialized>
         <run_address>0x2001d000</run_address>
         <size>0x8</size>
         <input_file_ref idref="fl-c8"/>
      </object_component>
      <object_component id="oc-3a6">
         <name>.sysmem</name>
         <uninitialized>true</uninitialized>
         <run_address>0x2001d000</run_address>
         <size>0x0</size>
      </object_component>
      <object_component id="oc-29">
         <name>.stack</name>
         <uninitialized>true</uninitialized>
         <run_address>0x2003f800</run_address>
         <size>0x0</size>
         <input_file_ref idref="fl-c1"/>
      </object_component>
      <object_component id="oc-3a5">
         <name>.stack</name>
         <uninitialized>true</uninitialized>
         <run_address>0x2003f800</run_address>
         <size>0x0</size>
      </object_component>
      <object_component id="oc-12d">
         <name>.debug_info</name>
         <load_address>0x0</load_address>
         <run_address>0x0</run_address>
         <size>0x5bd</size>
         <input_file_ref idref="fl-2"/>
      </object_component>
      <object_component id="oc-130">
         <name>.debug_info</name>
         <load_address>0x5bd</load_address>
         <run_address>0x5bd</run_address>
         <size>0xc5</size>
         <input_file_ref idref="fl-2"/>
      </object_component>
      <object_component id="oc-a9">
         <name>.debug_info</name>
         <load_address>0x682</load_address>
         <run_address>0x682</run_address>
         <size>0x462</size>
         <input_file_ref idref="fl-2"/>
      </object_component>
      <object_component id="oc-24d">
         <name>.debug_info</name>
         <load_address>0xae4</load_address>
         <run_address>0xae4</run_address>
         <size>0x62</size>
         <input_file_ref idref="fl-2"/>
      </object_component>
      <object_component id="oc-2c8">
         <name>.debug_info</name>
         <load_address>0xb46</load_address>
         <run_address>0xb46</run_address>
         <size>0x62</size>
         <input_file_ref idref="fl-2"/>
      </object_component>
      <object_component id="oc-3c">
         <name>.debug_info</name>
         <load_address>0xba8</load_address>
         <run_address>0xba8</run_address>
         <size>0x84</size>
         <input_file_ref idref="fl-2"/>
      </object_component>
      <object_component id="oc-158">
         <name>.debug_info</name>
         <load_address>0xc2c</load_address>
         <run_address>0xc2c</run_address>
         <size>0x2c</size>
         <input_file_ref idref="fl-2"/>
      </object_component>
      <object_component id="oc-1cb">
         <name>.debug_info</name>
         <load_address>0xc58</load_address>
         <run_address>0xc58</run_address>
         <size>0x4e</size>
         <input_file_ref idref="fl-2"/>
      </object_component>
      <object_component id="oc-109">
         <name>.debug_info</name>
         <load_address>0xca6</load_address>
         <run_address>0xca6</run_address>
         <size>0x306</size>
         <input_file_ref idref="fl-3"/>
      </object_component>
      <object_component id="oc-35">
         <name>.debug_info</name>
         <load_address>0xfac</load_address>
         <run_address>0xfac</run_address>
         <size>0x187</size>
         <input_file_ref idref="fl-4"/>
      </object_component>
      <object_component id="oc-10">
         <name>.debug_info</name>
         <load_address>0x1133</load_address>
         <run_address>0x1133</run_address>
         <size>0x106</size>
         <input_file_ref idref="fl-4"/>
      </object_component>
      <object_component id="oc-2e">
         <name>.debug_info</name>
         <load_address>0x1239</load_address>
         <run_address>0x1239</run_address>
         <size>0x427</size>
         <input_file_ref idref="fl-4"/>
      </object_component>
      <object_component id="oc-237">
         <name>.debug_info</name>
         <load_address>0x1660</load_address>
         <run_address>0x1660</run_address>
         <size>0x44c</size>
         <input_file_ref idref="fl-5"/>
      </object_component>
      <object_component id="oc-10f">
         <name>.debug_info</name>
         <load_address>0x1aac</load_address>
         <run_address>0x1aac</run_address>
         <size>0x9fc</size>
         <input_file_ref idref="fl-5"/>
      </object_component>
      <object_component id="oc-1ca">
         <name>.debug_info</name>
         <load_address>0x24a8</load_address>
         <run_address>0x24a8</run_address>
         <size>0x3bc</size>
         <input_file_ref idref="fl-6"/>
      </object_component>
      <object_component id="oc-1c7">
         <name>.debug_info</name>
         <load_address>0x2864</load_address>
         <run_address>0x2864</run_address>
         <size>0xd0</size>
         <input_file_ref idref="fl-6"/>
      </object_component>
      <object_component id="oc-103">
         <name>.debug_info</name>
         <load_address>0x2934</load_address>
         <run_address>0x2934</run_address>
         <size>0x636</size>
         <input_file_ref idref="fl-6"/>
      </object_component>
      <object_component id="oc-1d0">
         <name>.debug_info</name>
         <load_address>0x2f6a</load_address>
         <run_address>0x2f6a</run_address>
         <size>0x110</size>
         <input_file_ref idref="fl-6"/>
      </object_component>
      <object_component id="oc-25">
         <name>.debug_info</name>
         <load_address>0x307a</load_address>
         <run_address>0x307a</run_address>
         <size>0x160</size>
         <input_file_ref idref="fl-c1"/>
      </object_component>
      <object_component id="oc-87">
         <name>.debug_info</name>
         <load_address>0x31da</load_address>
         <run_address>0x31da</run_address>
         <size>0x165</size>
         <input_file_ref idref="fl-c2"/>
      </object_component>
      <object_component id="oc-14">
         <name>.debug_info</name>
         <load_address>0x333f</load_address>
         <run_address>0x333f</run_address>
         <size>0x245</size>
         <input_file_ref idref="fl-c2"/>
      </object_component>
      <object_component id="oc-37">
         <name>.debug_info</name>
         <load_address>0x3584</load_address>
         <run_address>0x3584</run_address>
         <size>0x60</size>
         <input_file_ref idref="fl-c2"/>
      </object_component>
      <object_component id="oc-82">
         <name>.debug_info</name>
         <load_address>0x35e4</load_address>
         <run_address>0x35e4</run_address>
         <size>0x46</size>
         <input_file_ref idref="fl-c2"/>
      </object_component>
      <object_component id="oc-4c">
         <name>.debug_info</name>
         <load_address>0x362a</load_address>
         <run_address>0x362a</run_address>
         <size>0x1ac</size>
         <input_file_ref idref="fl-c3"/>
      </object_component>
      <object_component id="oc-1c">
         <name>.debug_info</name>
         <load_address>0x37d6</load_address>
         <run_address>0x37d6</run_address>
         <size>0x1df</size>
         <input_file_ref idref="fl-c3"/>
      </object_component>
      <object_component id="oc-47">
         <name>.debug_info</name>
         <load_address>0x39b5</load_address>
         <run_address>0x39b5</run_address>
         <size>0x46</size>
         <input_file_ref idref="fl-c3"/>
      </object_component>
      <object_component id="oc-89">
         <name>.debug_info</name>
         <load_address>0x39fb</load_address>
         <run_address>0x39fb</run_address>
         <size>0x2c</size>
         <input_file_ref idref="fl-c3"/>
      </object_component>
      <object_component id="oc-58">
         <name>.debug_info</name>
         <load_address>0x3a27</load_address>
         <run_address>0x3a27</run_address>
         <size>0x19b</size>
         <input_file_ref idref="fl-c4"/>
      </object_component>
      <object_component id="oc-20">
         <name>.debug_info</name>
         <load_address>0x3bc2</load_address>
         <run_address>0x3bc2</run_address>
         <size>0x1aa</size>
         <input_file_ref idref="fl-c4"/>
      </object_component>
      <object_component id="oc-53">
         <name>.debug_info</name>
         <load_address>0x3d6c</load_address>
         <run_address>0x3d6c</run_address>
         <size>0x46</size>
         <input_file_ref idref="fl-c4"/>
      </object_component>
      <object_component id="oc-91">
         <name>.debug_info</name>
         <load_address>0x3db2</load_address>
         <run_address>0x3db2</run_address>
         <size>0x2c</size>
         <input_file_ref idref="fl-c4"/>
      </object_component>
      <object_component id="oc-b7">
         <name>.debug_info</name>
         <load_address>0x3dde</load_address>
         <run_address>0x3dde</run_address>
         <size>0x2a0</size>
         <input_file_ref idref="fl-c5"/>
      </object_component>
      <object_component id="oc-b1">
         <name>.debug_info</name>
         <load_address>0x407e</load_address>
         <run_address>0x407e</run_address>
         <size>0x185</size>
         <input_file_ref idref="fl-c5"/>
      </object_component>
      <object_component id="oc-75">
         <name>.debug_info</name>
         <load_address>0x4203</load_address>
         <run_address>0x4203</run_address>
         <size>0x214</size>
         <input_file_ref idref="fl-c5"/>
      </object_component>
      <object_component id="oc-43">
         <name>.debug_info</name>
         <load_address>0x4417</load_address>
         <run_address>0x4417</run_address>
         <size>0x111</size>
         <input_file_ref idref="fl-c6"/>
      </object_component>
      <object_component id="oc-28a">
         <name>.debug_info</name>
         <load_address>0x4528</load_address>
         <run_address>0x4528</run_address>
         <size>0x198</size>
         <input_file_ref idref="fl-c7"/>
      </object_component>
      <object_component id="oc-1be">
         <name>.debug_info</name>
         <load_address>0x46c0</load_address>
         <run_address>0x46c0</run_address>
         <size>0x1ab</size>
         <input_file_ref idref="fl-c7"/>
      </object_component>
      <object_component id="oc-7d">
         <name>.debug_info</name>
         <load_address>0x486b</load_address>
         <run_address>0x486b</run_address>
         <size>0x28e</size>
         <input_file_ref idref="fl-c8"/>
      </object_component>
      <object_component id="oc-2b">
         <name>.debug_info</name>
         <load_address>0x4af9</load_address>
         <run_address>0x4af9</run_address>
         <size>0x101</size>
         <input_file_ref idref="fl-c8"/>
      </object_component>
      <object_component id="oc-28c">
         <name>.debug_info</name>
         <load_address>0x4bfa</load_address>
         <run_address>0x4bfa</run_address>
         <size>0x14c</size>
         <input_file_ref idref="fl-c8"/>
      </object_component>
      <object_component id="oc-1c1">
         <name>.debug_info</name>
         <load_address>0x4d46</load_address>
         <run_address>0x4d46</run_address>
         <size>0x885</size>
         <input_file_ref idref="fl-c8"/>
      </object_component>
      <object_component id="oc-bd">
         <name>.debug_info</name>
         <load_address>0x55cb</load_address>
         <run_address>0x55cb</run_address>
         <size>0x2c</size>
         <input_file_ref idref="fl-c8"/>
      </object_component>
      <object_component id="oc-c2">
         <name>.debug_info</name>
         <load_address>0x55f7</load_address>
         <run_address>0x55f7</run_address>
         <size>0x62</size>
         <input_file_ref idref="fl-c8"/>
      </object_component>
      <object_component id="oc-4f">
         <name>.debug_info</name>
         <load_address>0x5659</load_address>
         <run_address>0x5659</run_address>
         <size>0x13f</size>
         <input_file_ref idref="fl-c9"/>
      </object_component>
      <object_component id="oc-5d">
         <name>.debug_info</name>
         <load_address>0x5798</load_address>
         <run_address>0x5798</run_address>
         <size>0x138</size>
         <input_file_ref idref="fl-ca"/>
      </object_component>
      <object_component id="oc-62">
         <name>.debug_info</name>
         <load_address>0x58d0</load_address>
         <run_address>0x58d0</run_address>
         <size>0x148</size>
         <input_file_ref idref="fl-cb"/>
      </object_component>
      <object_component id="oc-78">
         <name>.debug_info</name>
         <load_address>0x5a18</load_address>
         <run_address>0x5a18</run_address>
         <size>0x109</size>
         <input_file_ref idref="fl-cc"/>
      </object_component>
      <object_component id="oc-288">
         <name>.debug_info</name>
         <load_address>0x5b21</load_address>
         <run_address>0x5b21</run_address>
         <size>0x156</size>
         <input_file_ref idref="fl-cd"/>
      </object_component>
      <object_component id="oc-1b5">
         <name>.debug_info</name>
         <load_address>0x5c77</load_address>
         <run_address>0x5c77</run_address>
         <size>0x22a</size>
         <input_file_ref idref="fl-cd"/>
      </object_component>
      <object_component id="oc-27a">
         <name>.debug_info</name>
         <load_address>0x5ea1</load_address>
         <run_address>0x5ea1</run_address>
         <size>0x234</size>
         <input_file_ref idref="fl-ce"/>
      </object_component>
      <object_component id="oc-1a6">
         <name>.debug_info</name>
         <load_address>0x60d5</load_address>
         <run_address>0x60d5</run_address>
         <size>0x35c</size>
         <input_file_ref idref="fl-ce"/>
      </object_component>
      <object_component id="oc-27b">
         <name>.debug_info</name>
         <load_address>0x6431</load_address>
         <run_address>0x6431</run_address>
         <size>0x2c</size>
         <input_file_ref idref="fl-ce"/>
      </object_component>
      <object_component id="oc-280">
         <name>.debug_info</name>
         <load_address>0x645d</load_address>
         <run_address>0x645d</run_address>
         <size>0x69</size>
         <input_file_ref idref="fl-ce"/>
      </object_component>
      <object_component id="oc-147">
         <name>.debug_info</name>
         <load_address>0x64c6</load_address>
         <run_address>0x64c6</run_address>
         <size>0x190</size>
         <input_file_ref idref="fl-cf"/>
      </object_component>
      <object_component id="oc-b4">
         <name>.debug_info</name>
         <load_address>0x6656</load_address>
         <run_address>0x6656</run_address>
         <size>0x113</size>
         <input_file_ref idref="fl-cf"/>
      </object_component>
      <object_component id="oc-141">
         <name>.debug_info</name>
         <load_address>0x6769</load_address>
         <run_address>0x6769</run_address>
         <size>0x21f</size>
         <input_file_ref idref="fl-cf"/>
      </object_component>
      <object_component id="oc-31c">
         <name>.debug_info</name>
         <load_address>0x6988</load_address>
         <run_address>0x6988</run_address>
         <size>0x3f1</size>
         <input_file_ref idref="fl-d0"/>
      </object_component>
      <object_component id="oc-274">
         <name>.debug_info</name>
         <load_address>0x6d79</load_address>
         <run_address>0x6d79</run_address>
         <size>0x1554</size>
         <input_file_ref idref="fl-d0"/>
      </object_component>
      <object_component id="oc-31d">
         <name>.debug_info</name>
         <load_address>0x82cd</load_address>
         <run_address>0x82cd</run_address>
         <size>0x86</size>
         <input_file_ref idref="fl-d0"/>
      </object_component>
      <object_component id="oc-366">
         <name>.debug_info</name>
         <load_address>0x8353</load_address>
         <run_address>0x8353</run_address>
         <size>0x46</size>
         <input_file_ref idref="fl-d0"/>
      </object_component>
      <object_component id="oc-322">
         <name>.debug_info</name>
         <load_address>0x8399</load_address>
         <run_address>0x8399</run_address>
         <size>0x39</size>
         <input_file_ref idref="fl-d0"/>
      </object_component>
      <object_component id="oc-af">
         <name>.debug_info</name>
         <load_address>0x83d2</load_address>
         <run_address>0x83d2</run_address>
         <size>0x1d2</size>
         <input_file_ref idref="fl-d1"/>
      </object_component>
      <object_component id="oc-6d">
         <name>.debug_info</name>
         <load_address>0x85a4</load_address>
         <run_address>0x85a4</run_address>
         <size>0x167</size>
         <input_file_ref idref="fl-d1"/>
      </object_component>
      <object_component id="oc-138">
         <name>.debug_info</name>
         <load_address>0x870b</load_address>
         <run_address>0x870b</run_address>
         <size>0x5e</size>
         <input_file_ref idref="fl-d1"/>
      </object_component>
      <object_component id="oc-361">
         <name>.debug_info</name>
         <load_address>0x8769</load_address>
         <run_address>0x8769</run_address>
         <size>0x180</size>
         <input_file_ref idref="fl-d2"/>
      </object_component>
      <object_component id="oc-313">
         <name>.debug_info</name>
         <load_address>0x88e9</load_address>
         <run_address>0x88e9</run_address>
         <size>0x171</size>
         <input_file_ref idref="fl-d2"/>
      </object_component>
      <object_component id="oc-a7">
         <name>.debug_info</name>
         <load_address>0x8a5a</load_address>
         <run_address>0x8a5a</run_address>
         <size>0x355</size>
         <input_file_ref idref="fl-d3"/>
      </object_component>
      <object_component id="oc-68">
         <name>.debug_info</name>
         <load_address>0x8daf</load_address>
         <run_address>0x8daf</run_address>
         <size>0x190</size>
         <input_file_ref idref="fl-d3"/>
      </object_component>
      <object_component id="oc-ce">
         <name>.debug_info</name>
         <load_address>0x8f3f</load_address>
         <run_address>0x8f3f</run_address>
         <size>0x39</size>
         <input_file_ref idref="fl-d3"/>
      </object_component>
      <object_component id="oc-152">
         <name>.debug_info</name>
         <load_address>0x8f78</load_address>
         <run_address>0x8f78</run_address>
         <size>0x39</size>
         <input_file_ref idref="fl-d3"/>
      </object_component>
      <object_component id="oc-d3">
         <name>.debug_info</name>
         <load_address>0x8fb1</load_address>
         <run_address>0x8fb1</run_address>
         <size>0xcd</size>
         <input_file_ref idref="fl-d3"/>
      </object_component>
      <object_component id="oc-ca">
         <name>.debug_info</name>
         <load_address>0x907e</load_address>
         <run_address>0x907e</run_address>
         <size>0x24c</size>
         <input_file_ref idref="fl-d4"/>
      </object_component>
      <object_component id="oc-9e">
         <name>.debug_info</name>
         <load_address>0x92ca</load_address>
         <run_address>0x92ca</run_address>
         <size>0x183</size>
         <input_file_ref idref="fl-d4"/>
      </object_component>
      <object_component id="oc-14d">
         <name>.debug_info</name>
         <load_address>0x944d</load_address>
         <run_address>0x944d</run_address>
         <size>0x2c</size>
         <input_file_ref idref="fl-d4"/>
      </object_component>
      <object_component id="oc-37b">
         <name>.debug_info</name>
         <load_address>0x9479</load_address>
         <run_address>0x9479</run_address>
         <size>0xee</size>
         <input_file_ref idref="fl-d5"/>
      </object_component>
      <object_component id="oc-35e">
         <name>.debug_info</name>
         <load_address>0x9567</load_address>
         <run_address>0x9567</run_address>
         <size>0xfa</size>
         <input_file_ref idref="fl-d5"/>
      </object_component>
      <object_component id="oc-2f9">
         <name>.debug_info</name>
         <load_address>0x9661</load_address>
         <run_address>0x9661</run_address>
         <size>0x144</size>
         <input_file_ref idref="fl-d6"/>
      </object_component>
      <object_component id="oc-2d7">
         <name>.debug_info</name>
         <load_address>0x97a5</load_address>
         <run_address>0x97a5</run_address>
         <size>0x120</size>
         <input_file_ref idref="fl-d7"/>
      </object_component>
      <object_component id="oc-2e5">
         <name>.debug_info</name>
         <load_address>0x98c5</load_address>
         <run_address>0x98c5</run_address>
         <size>0x122</size>
         <input_file_ref idref="fl-d7"/>
      </object_component>
      <object_component id="oc-2df">
         <name>.debug_info</name>
         <load_address>0x99e7</load_address>
         <run_address>0x99e7</run_address>
         <size>0x132</size>
         <input_file_ref idref="fl-d8"/>
      </object_component>
      <object_component id="oc-2db">
         <name>.debug_info</name>
         <load_address>0x9b19</load_address>
         <run_address>0x9b19</run_address>
         <size>0x132</size>
         <input_file_ref idref="fl-d9"/>
      </object_component>
      <object_component id="oc-2eb">
         <name>.debug_info</name>
         <load_address>0x9c4b</load_address>
         <run_address>0x9c4b</run_address>
         <size>0x126</size>
         <input_file_ref idref="fl-da"/>
      </object_component>
      <object_component id="oc-2f6">
         <name>.debug_info</name>
         <load_address>0x9d71</load_address>
         <run_address>0x9d71</run_address>
         <size>0x124</size>
         <input_file_ref idref="fl-db"/>
      </object_component>
      <object_component id="oc-346">
         <name>.debug_info</name>
         <load_address>0x9e95</load_address>
         <run_address>0x9e95</run_address>
         <size>0x1b8</size>
         <input_file_ref idref="fl-dc"/>
      </object_component>
      <object_component id="oc-2ef">
         <name>.debug_info</name>
         <load_address>0xa04d</load_address>
         <run_address>0xa04d</run_address>
         <size>0x1c2</size>
         <input_file_ref idref="fl-dc"/>
      </object_component>
      <object_component id="oc-363">
         <name>.debug_info</name>
         <load_address>0xa20f</load_address>
         <run_address>0xa20f</run_address>
         <size>0x15d</size>
         <input_file_ref idref="fl-dd"/>
      </object_component>
      <object_component id="oc-316">
         <name>.debug_info</name>
         <load_address>0xa36c</load_address>
         <run_address>0xa36c</run_address>
         <size>0x1ab</size>
         <input_file_ref idref="fl-dd"/>
      </object_component>
      <object_component id="oc-34a">
         <name>.debug_info</name>
         <load_address>0xa517</load_address>
         <run_address>0xa517</run_address>
         <size>0x1ab</size>
         <input_file_ref idref="fl-de"/>
      </object_component>
      <object_component id="oc-2fe">
         <name>.debug_info</name>
         <load_address>0xa6c2</load_address>
         <run_address>0xa6c2</run_address>
         <size>0x189</size>
         <input_file_ref idref="fl-de"/>
      </object_component>
      <object_component id="oc-34b">
         <name>.debug_info</name>
         <load_address>0xa84b</load_address>
         <run_address>0xa84b</run_address>
         <size>0x2c</size>
         <input_file_ref idref="fl-de"/>
      </object_component>
      <object_component id="oc-35a">
         <name>.debug_info</name>
         <load_address>0xa877</load_address>
         <run_address>0xa877</run_address>
         <size>0x1e8</size>
         <input_file_ref idref="fl-df"/>
      </object_component>
      <object_component id="oc-306">
         <name>.debug_info</name>
         <load_address>0xaa5f</load_address>
         <run_address>0xaa5f</run_address>
         <size>0x1e6</size>
         <input_file_ref idref="fl-df"/>
      </object_component>
      <object_component id="oc-a1">
         <name>.debug_info</name>
         <load_address>0xac45</load_address>
         <run_address>0xac45</run_address>
         <size>0x145</size>
         <input_file_ref idref="fl-e0"/>
      </object_component>
      <object_component id="oc-35c">
         <name>.debug_info</name>
         <load_address>0xad8a</load_address>
         <run_address>0xad8a</run_address>
         <size>0x161</size>
         <input_file_ref idref="fl-e1"/>
      </object_component>
      <object_component id="oc-30b">
         <name>.debug_info</name>
         <load_address>0xaeeb</load_address>
         <run_address>0xaeeb</run_address>
         <size>0x244</size>
         <input_file_ref idref="fl-e1"/>
      </object_component>
      <object_component id="oc-2d0">
         <name>.debug_info</name>
         <load_address>0xb12f</load_address>
         <run_address>0xb12f</run_address>
         <size>0x17d</size>
         <input_file_ref idref="fl-e2"/>
      </object_component>
      <object_component id="oc-357">
         <name>.debug_info</name>
         <load_address>0xb2ac</load_address>
         <run_address>0xb2ac</run_address>
         <size>0xf3</size>
         <input_file_ref idref="fl-e3"/>
      </object_component>
      <object_component id="oc-351">
         <name>.debug_info</name>
         <load_address>0xb39f</load_address>
         <run_address>0xb39f</run_address>
         <size>0x154</size>
         <input_file_ref idref="fl-e4"/>
      </object_component>
      <object_component id="oc-245">
         <name>.debug_info</name>
         <load_address>0xb4f3</load_address>
         <run_address>0xb4f3</run_address>
         <size>0x17a</size>
         <input_file_ref idref="fl-e5"/>
      </object_component>
      <object_component id="oc-23a">
         <name>.debug_info</name>
         <load_address>0xb66d</load_address>
         <run_address>0xb66d</run_address>
         <size>0x1aa</size>
         <input_file_ref idref="fl-e5"/>
      </object_component>
      <object_component id="oc-1e2">
         <name>.debug_info</name>
         <load_address>0xb817</load_address>
         <run_address>0xb817</run_address>
         <size>0x1e9</size>
         <input_file_ref idref="fl-e5"/>
      </object_component>
      <object_component id="oc-11c">
         <name>.debug_info</name>
         <load_address>0xba00</load_address>
         <run_address>0xba00</run_address>
         <size>0x1f4</size>
         <input_file_ref idref="fl-e5"/>
      </object_component>
      <object_component id="oc-122">
         <name>.debug_info</name>
         <load_address>0xbbf4</load_address>
         <run_address>0xbbf4</run_address>
         <size>0x1cb</size>
         <input_file_ref idref="fl-e5"/>
      </object_component>
      <object_component id="oc-da">
         <name>.debug_info</name>
         <load_address>0xbdbf</load_address>
         <run_address>0xbdbf</run_address>
         <size>0x1c3</size>
         <input_file_ref idref="fl-e5"/>
      </object_component>
      <object_component id="oc-df">
         <name>.debug_info</name>
         <load_address>0xbf82</load_address>
         <run_address>0xbf82</run_address>
         <size>0x1c9</size>
         <input_file_ref idref="fl-e5"/>
      </object_component>
      <object_component id="oc-115">
         <name>.debug_info</name>
         <load_address>0xc14b</load_address>
         <run_address>0xc14b</run_address>
         <size>0x214</size>
         <input_file_ref idref="fl-e5"/>
      </object_component>
      <object_component id="oc-258">
         <name>.debug_info</name>
         <load_address>0xc35f</load_address>
         <run_address>0xc35f</run_address>
         <size>0x19b</size>
         <input_file_ref idref="fl-e6"/>
      </object_component>
      <object_component id="oc-168">
         <name>.debug_info</name>
         <load_address>0xc4fa</load_address>
         <run_address>0xc4fa</run_address>
         <size>0x19e</size>
         <input_file_ref idref="fl-e6"/>
      </object_component>
      <object_component id="oc-2a3">
         <name>.debug_info</name>
         <load_address>0xc698</load_address>
         <run_address>0xc698</run_address>
         <size>0xf0</size>
         <input_file_ref idref="fl-e6"/>
      </object_component>
      <object_component id="oc-33a">
         <name>.debug_info</name>
         <load_address>0xc788</load_address>
         <run_address>0xc788</run_address>
         <size>0x16d</size>
         <input_file_ref idref="fl-e6"/>
      </object_component>
      <object_component id="oc-f3">
         <name>.debug_info</name>
         <load_address>0xc8f5</load_address>
         <run_address>0xc8f5</run_address>
         <size>0x188</size>
         <input_file_ref idref="fl-e6"/>
      </object_component>
      <object_component id="oc-ed">
         <name>.debug_info</name>
         <load_address>0xca7d</load_address>
         <run_address>0xca7d</run_address>
         <size>0x1ba</size>
         <input_file_ref idref="fl-e6"/>
      </object_component>
      <object_component id="oc-240">
         <name>.debug_info</name>
         <load_address>0xcc37</load_address>
         <run_address>0xcc37</run_address>
         <size>0x204</size>
         <input_file_ref idref="fl-e6"/>
      </object_component>
      <object_component id="oc-2b7">
         <name>.debug_info</name>
         <load_address>0xce3b</load_address>
         <run_address>0xce3b</run_address>
         <size>0x1cf</size>
         <input_file_ref idref="fl-e6"/>
      </object_component>
      <object_component id="oc-1fc">
         <name>.debug_info</name>
         <load_address>0xd00a</load_address>
         <run_address>0xd00a</run_address>
         <size>0x206</size>
         <input_file_ref idref="fl-e6"/>
      </object_component>
      <object_component id="oc-f8">
         <name>.debug_info</name>
         <load_address>0xd210</load_address>
         <run_address>0xd210</run_address>
         <size>0x1ab</size>
         <input_file_ref idref="fl-e6"/>
      </object_component>
      <object_component id="oc-2b1">
         <name>.debug_info</name>
         <load_address>0xd3bb</load_address>
         <run_address>0xd3bb</run_address>
         <size>0x1ad</size>
         <input_file_ref idref="fl-e6"/>
      </object_component>
      <object_component id="oc-331">
         <name>.debug_info</name>
         <load_address>0xd568</load_address>
         <run_address>0xd568</run_address>
         <size>0xe8</size>
         <input_file_ref idref="fl-e7"/>
      </object_component>
      <object_component id="oc-294">
         <name>.debug_info</name>
         <load_address>0xd650</load_address>
         <run_address>0xd650</run_address>
         <size>0xf6</size>
         <input_file_ref idref="fl-e7"/>
      </object_component>
      <object_component id="oc-1d6">
         <name>.debug_info</name>
         <load_address>0xd746</load_address>
         <run_address>0xd746</run_address>
         <size>0x1cb</size>
         <input_file_ref idref="fl-e7"/>
      </object_component>
      <object_component id="oc-298">
         <name>.debug_info</name>
         <load_address>0xd911</load_address>
         <run_address>0xd911</run_address>
         <size>0x219</size>
         <input_file_ref idref="fl-e7"/>
      </object_component>
      <object_component id="oc-1e8">
         <name>.debug_info</name>
         <load_address>0xdb2a</load_address>
         <run_address>0xdb2a</run_address>
         <size>0x1e0</size>
         <input_file_ref idref="fl-e7"/>
      </object_component>
      <object_component id="oc-1dc">
         <name>.debug_info</name>
         <load_address>0xdd0a</load_address>
         <run_address>0xdd0a</run_address>
         <size>0x22e</size>
         <input_file_ref idref="fl-e7"/>
      </object_component>
      <object_component id="oc-262">
         <name>.debug_info</name>
         <load_address>0xdf38</load_address>
         <run_address>0xdf38</run_address>
         <size>0x1f8</size>
         <input_file_ref idref="fl-e8"/>
      </object_component>
      <object_component id="oc-25e">
         <name>.debug_info</name>
         <load_address>0xe130</load_address>
         <run_address>0xe130</run_address>
         <size>0xff</size>
         <input_file_ref idref="fl-e8"/>
      </object_component>
      <object_component id="oc-16c">
         <name>.debug_info</name>
         <load_address>0xe22f</load_address>
         <run_address>0xe22f</run_address>
         <size>0x1b2</size>
         <input_file_ref idref="fl-e8"/>
      </object_component>
      <object_component id="oc-17e">
         <name>.debug_info</name>
         <load_address>0xe3e1</load_address>
         <run_address>0xe3e1</run_address>
         <size>0x1f7</size>
         <input_file_ref idref="fl-e8"/>
      </object_component>
      <object_component id="oc-18a">
         <name>.debug_info</name>
         <load_address>0xe5d8</load_address>
         <run_address>0xe5d8</run_address>
         <size>0x1f9</size>
         <input_file_ref idref="fl-e8"/>
      </object_component>
      <object_component id="oc-191">
         <name>.debug_info</name>
         <load_address>0xe7d1</load_address>
         <run_address>0xe7d1</run_address>
         <size>0x222</size>
         <input_file_ref idref="fl-e8"/>
      </object_component>
      <object_component id="oc-184">
         <name>.debug_info</name>
         <load_address>0xe9f3</load_address>
         <run_address>0xe9f3</run_address>
         <size>0x1cc</size>
         <input_file_ref idref="fl-e8"/>
      </object_component>
      <object_component id="oc-fd">
         <name>.debug_info</name>
         <load_address>0xebbf</load_address>
         <run_address>0xebbf</run_address>
         <size>0x28f</size>
         <input_file_ref idref="fl-e8"/>
      </object_component>
      <object_component id="oc-172">
         <name>.debug_info</name>
         <load_address>0xee4e</load_address>
         <run_address>0xee4e</run_address>
         <size>0x1cb</size>
         <input_file_ref idref="fl-e8"/>
      </object_component>
      <object_component id="oc-178">
         <name>.debug_info</name>
         <load_address>0xf019</load_address>
         <run_address>0xf019</run_address>
         <size>0x1e0</size>
         <input_file_ref idref="fl-e8"/>
      </object_component>
      <object_component id="oc-2a7">
         <name>.debug_info</name>
         <load_address>0xf1f9</load_address>
         <run_address>0xf1f9</run_address>
         <size>0x17b</size>
         <input_file_ref idref="fl-e9"/>
      </object_component>
      <object_component id="oc-21f">
         <name>.debug_info</name>
         <load_address>0xf374</load_address>
         <run_address>0xf374</run_address>
         <size>0x1bb</size>
         <input_file_ref idref="fl-e9"/>
      </object_component>
      <object_component id="oc-225">
         <name>.debug_info</name>
         <load_address>0xf52f</load_address>
         <run_address>0xf52f</run_address>
         <size>0x1bd</size>
         <input_file_ref idref="fl-e9"/>
      </object_component>
      <object_component id="oc-1ef">
         <name>.debug_info</name>
         <load_address>0xf6ec</load_address>
         <run_address>0xf6ec</run_address>
         <size>0x1c5</size>
         <input_file_ref idref="fl-e9"/>
      </object_component>
      <object_component id="oc-1f5">
         <name>.debug_info</name>
         <load_address>0xf8b1</load_address>
         <run_address>0xf8b1</run_address>
         <size>0x1f7</size>
         <input_file_ref idref="fl-e9"/>
      </object_component>
      <object_component id="oc-219">
         <name>.debug_info</name>
         <load_address>0xfaa8</load_address>
         <run_address>0xfaa8</run_address>
         <size>0x1ef</size>
         <input_file_ref idref="fl-e9"/>
      </object_component>
      <object_component id="oc-e5">
         <name>.debug_info</name>
         <load_address>0xfc97</load_address>
         <run_address>0xfc97</run_address>
         <size>0x1c6</size>
         <input_file_ref idref="fl-e9"/>
      </object_component>
      <object_component id="oc-127">
         <name>.debug_info</name>
         <load_address>0xfe5d</load_address>
         <run_address>0xfe5d</run_address>
         <size>0x1f1</size>
         <input_file_ref idref="fl-e9"/>
      </object_component>
      <object_component id="oc-201">
         <name>.debug_info</name>
         <load_address>0x1004e</load_address>
         <run_address>0x1004e</run_address>
         <size>0x247</size>
         <input_file_ref idref="fl-e9"/>
      </object_component>
      <object_component id="oc-231">
         <name>.debug_info</name>
         <load_address>0x10295</load_address>
         <run_address>0x10295</run_address>
         <size>0x216</size>
         <input_file_ref idref="fl-e9"/>
      </object_component>
      <object_component id="oc-207">
         <name>.debug_info</name>
         <load_address>0x104ab</load_address>
         <run_address>0x104ab</run_address>
         <size>0x1d0</size>
         <input_file_ref idref="fl-e9"/>
      </object_component>
      <object_component id="oc-22b">
         <name>.debug_info</name>
         <load_address>0x1067b</load_address>
         <run_address>0x1067b</run_address>
         <size>0x1d2</size>
         <input_file_ref idref="fl-e9"/>
      </object_component>
      <object_component id="oc-20d">
         <name>.debug_info</name>
         <load_address>0x1084d</load_address>
         <run_address>0x1084d</run_address>
         <size>0x1c8</size>
         <input_file_ref idref="fl-e9"/>
      </object_component>
      <object_component id="oc-214">
         <name>.debug_info</name>
         <load_address>0x10a15</load_address>
         <run_address>0x10a15</run_address>
         <size>0x1ce</size>
         <input_file_ref idref="fl-e9"/>
      </object_component>
      <object_component id="oc-198">
         <name>.debug_info</name>
         <load_address>0x10be3</load_address>
         <run_address>0x10be3</run_address>
         <size>0x268</size>
         <input_file_ref idref="fl-ea"/>
      </object_component>
      <object_component id="oc-26d">
         <name>.debug_info</name>
         <load_address>0x10e4b</load_address>
         <run_address>0x10e4b</run_address>
         <size>0x18a</size>
         <input_file_ref idref="fl-ea"/>
      </object_component>
      <object_component id="oc-267">
         <name>.debug_info</name>
         <load_address>0x10fd5</load_address>
         <run_address>0x10fd5</run_address>
         <size>0x18c</size>
         <input_file_ref idref="fl-ea"/>
      </object_component>
      <object_component id="oc-1ab">
         <name>.debug_info</name>
         <load_address>0x11161</load_address>
         <run_address>0x11161</run_address>
         <size>0x196</size>
         <input_file_ref idref="fl-ea"/>
      </object_component>
      <object_component id="oc-1b1">
         <name>.debug_info</name>
         <load_address>0x112f7</load_address>
         <run_address>0x112f7</run_address>
         <size>0x1a6</size>
         <input_file_ref idref="fl-ea"/>
      </object_component>
      <object_component id="oc-19f">
         <name>.debug_info</name>
         <load_address>0x1149d</load_address>
         <run_address>0x1149d</run_address>
         <size>0x1b7</size>
         <input_file_ref idref="fl-ea"/>
      </object_component>
      <object_component id="oc-161">
         <name>.debug_info</name>
         <load_address>0x11654</load_address>
         <run_address>0x11654</run_address>
         <size>0x15a</size>
[...]
      </symbol>
      <symbol id="sm-113">
         <name>GetCmd</name>
         <value>0x20005c27</value>
         <object_component_ref idref="oc-102"/>
      </symbol>
      <symbol id="sm-114">
         <name>Message</name>
         <value>0x20005bc3</value>
         <object_component_ref idref="oc-102"/>
      </symbol>
      <symbol id="sm-115">
         <name>Report</name>
         <value>0x20005d65</value>
         <object_component_ref idref="oc-102"/>
      </symbol>
      <symbol id="sm-116">
         <name>Error</name>
         <value>0x20005bef</value>
         <object_component_ref idref="oc-102"/>
      </symbol>
      <symbol id="sm-117">
         <name>InitTerm</name>
         <value>0x20005ba5</value>
         <object_component_ref idref="oc-102"/>
      </symbol>
      <symbol id="sm-118">
         <name>ClearTerm</name>
         <value>0x20005be5</value>
         <object_component_ref idref="oc-102"/>
      </symbol>
      <symbol id="sm-119">
         <name>TrimSpace</name>
         <value>0x20005ccd</value>
         <object_component_ref idref="oc-102"/>
      </symbol>
      <symbol id="sm-129">
         <name>_c_int00</name>
         <value>0x200073e1</value>
         <object_component_ref idref="oc-24"/>
      </symbol>
      <symbol id="sm-12a">
         <name>__stack</name>
         <value>0x2003f800</value>
         <object_component_ref idref="oc-29"/>
      </symbol>
      <symbol id="sm-148">
         <name>__TI_decompress_lzss</name>
         <value>0x2000701d</value>
         <object_component_ref idref="oc-12"/>
      </symbol>
      <symbol id="sm-15f">
         <name>__TI_decompress_none</name>
         <value>0x200078d7</value>
         <object_component_ref idref="oc-18"/>
      </symbol>
      <symbol id="sm-176">
         <name>__TI_zero_init</name>
         <value>0x200078f3</value>
         <object_component_ref idref="oc-1e"/>
      </symbol>
      <symbol id="sm-197">
         <name>C$$EXIT</name>
         <value>0x2000718d</value>
         <object_component_ref idref="oc-71"/>
      </symbol>
      <symbol id="sm-198">
         <name>abort</name>
         <value>0x20007191</value>
         <object_component_ref idref="oc-71"/>
      </symbol>
      <symbol id="sm-199">
         <name>exit</name>
         <value>0x20007199</value>
         <object_component_ref idref="oc-71"/>
      </symbol>
      <symbol id="sm-19a">
         <name>__TI_dtors_ptr</name>
         <value>0x2001d8a0</value>
         <object_component_ref idref="oc-b0"/>
      </symbol>
      <symbol id="sm-19b">
         <name>__TI_cleanup_ptr</name>
         <value>0x2001d89c</value>
         <object_component_ref idref="oc-b0"/>
      </symbol>
      <symbol id="sm-19c">
         <name>__TI_enable_exit_profile_output</name>
         <value>0x2001d8a4</value>
         <object_component_ref idref="oc-b0"/>
      </symbol>
      <symbol id="sm-1b7">
         <name>memcpy</name>
         <value>0x20006a15</value>
         <object_component_ref idref="oc-41"/>
      </symbol>
      <symbol id="sm-1b8">
         <name>__aeabi_memcpy</name>
         <value>0x20006a15</value>
         <object_component_ref idref="oc-41"/>
      </symbol>
      <symbol id="sm-1b9">
         <name>__aeabi_memcpy8</name>
         <value>0x20006a15</value>
         <object_component_ref idref="oc-41"/>
      </symbol>
      <symbol id="sm-1ba">
         <name>__aeabi_memcpy4</name>
         <value>0x20006a15</value>
         <object_component_ref idref="oc-41"/>
      </symbol>
      <symbol id="sm-1ca">
         <name>memmove</name>
         <value>0x20007615</value>
         <object_component_ref idref="oc-1ba"/>
      </symbol>
      <symbol id="sm-241">
         <name>_sys_memory</name>
         <value>0x2001d000</value>
         <object_component_ref idref="oc-2a"/>
      </symbol>
      <symbol id="sm-242">
         <name>free</name>
         <value>0x2000560f</value>
         <object_component_ref idref="oc-1c0"/>
      </symbol>
      <symbol id="sm-243">
         <name>realloc</name>
         <value>0x200056cf</value>
         <object_component_ref idref="oc-1c0"/>
      </symbol>
      <symbol id="sm-244">
         <name>memalign</name>
         <value>0x200057d9</value>
         <object_component_ref idref="oc-1c0"/>
      </symbol>
      <symbol id="sm-245">
         <name>calloc</name>
         <value>0x200058c5</value>
         <object_component_ref idref="oc-1c0"/>
      </symbol>
      <symbol id="sm-246">
         <name>malloc</name>
         <value>0x200055a5</value>
         <object_component_ref idref="oc-1c0"/>
      </symbol>
      <symbol id="sm-247">
         <name>minit</name>
         <value>0x20005525</value>
         <object_component_ref idref="oc-1c0"/>
      </symbol>
      <symbol id="sm-256">
         <name>__aeabi_memset</name>
         <value>0x20006de5</value>
         <object_component_ref idref="oc-4d"/>
      </symbol>
      <symbol id="sm-257">
         <name>memset</name>
         <value>0x20006deb</value>
         <object_component_ref idref="oc-4d"/>
      </symbol>
      <symbol id="sm-258">
         <name>__aeabi_memset8</name>
         <value>0x20006de5</value>
         <object_component_ref idref="oc-4d"/>
      </symbol>
      <symbol id="sm-259">
         <name>__aeabi_memset4</name>
         <value>0x20006de5</value>
         <object_component_ref idref="oc-4d"/>
      </symbol>
      <symbol id="sm-25a">
         <name>__aeabi_memclr8</name>
         <value>0x20006de3</value>
         <object_component_ref idref="oc-4d"/>
      </symbol>
      <symbol id="sm-25b">
         <name>__aeabi_memclr4</name>
         <value>0x20006de3</value>
         <object_component_ref idref="oc-4d"/>
      </symbol>
      <symbol id="sm-25c">
         <name>__aeabi_memclr</name>
         <value>0x20006de3</value>
         <object_component_ref idref="oc-4d"/>
      </symbol>
      <symbol id="sm-266">
         <name>__mpu_init</name>
         <value>0x200061cf</value>
         <object_component_ref idref="oc-59"/>
      </symbol>
      <symbol id="sm-270">
         <name>_system_pre_init</name>
         <value>0x20007917</value>
         <object_component_ref idref="oc-5f"/>
      </symbol>
      <symbol id="sm-278">
         <name>main_func_sp</name>
         <value>0x2001d8c8</value>
         <object_component_ref idref="oc-77"/>
      </symbol>
      <symbol id="sm-286">
         <name>strlen</name>
         <value>0x200078b1</value>
         <object_component_ref idref="oc-1b4"/>
      </symbol>
      <symbol id="sm-2a7">
         <name>vsnprintf</name>
         <value>0x20006bcd</value>
         <object_component_ref idref="oc-1a2"/>
      </symbol>
      <symbol id="sm-2c0">
         <name>_nop</name>
         <value>0x200078ab</value>
         <object_component_ref idref="oc-13f"/>
      </symbol>
      <symbol id="sm-2c1">
         <name>_lock</name>
         <value>0x2001d8b4</value>
         <object_component_ref idref="oc-b3"/>
      </symbol>
      <symbol id="sm-2c2">
         <name>_unlock</name>
         <value>0x2001d8b8</value>
         <object_component_ref idref="oc-b3"/>
      </symbol>
      <symbol id="sm-2c3">
         <name>_register_lock</name>
         <value>0x200078a3</value>
         <object_component_ref idref="oc-13f"/>
      </symbol>
      <symbol id="sm-2c4">
         <name>_register_unlock</name>
         <value>0x2000789d</value>
         <object_component_ref idref="oc-13f"/>
      </symbol>
      <symbol id="sm-3c5">
         <name>__TI_printfi</name>
         <value>0x20004c39</value>
         <object_component_ref idref="oc-273"/>
      </symbol>
      <symbol id="sm-3d9">
         <name>_args_main</name>
         <value>0x20007805</value>
         <object_component_ref idref="oc-6b"/>
      </symbol>
      <symbol id="sm-3ef">
         <name>atoi</name>
         <value>0x20007235</value>
         <object_component_ref idref="oc-30f"/>
      </symbol>
      <symbol id="sm-419">
         <name>__TI_auto_init</name>
         <value>0x20006f45</value>
         <object_component_ref idref="oc-65"/>
      </symbol>
      <symbol id="sm-433">
         <name>copy_in</name>
         <value>0x20007281</value>
         <object_component_ref idref="oc-9a"/>
      </symbol>
      <symbol id="sm-43e">
         <name>_ctypes_</name>
         <value>0x2000791c</value>
         <object_component_ref idref="oc-35d"/>
      </symbol>
      <symbol id="sm-455">
         <name>__aeabi_dsub</name>
         <value>0x20006019</value>
         <object_component_ref idref="oc-2f8"/>
      </symbol>
      <symbol id="sm-456">
         <name>__aeabi_dadd</name>
         <value>0x20006023</value>
         <object_component_ref idref="oc-2f8"/>
      </symbol>
      <symbol id="sm-478">
         <name>__aeabi_cdcmpeq</name>
         <value>0x20006c55</value>
         <object_component_ref idref="oc-2d4"/>
      </symbol>
      <symbol id="sm-479">
         <name>__aeabi_cdcmple</name>
         <value>0x20006c55</value>
         <object_component_ref idref="oc-2d4"/>
      </symbol>
      <symbol id="sm-47a">
         <name>__aeabi_cdrcmple</name>
         <value>0x20006cdb</value>
         <object_component_ref idref="oc-2e3"/>
      </symbol>
      <symbol id="sm-48e">
         <name>__aeabi_ddiv</name>
         <value>0x200064e1</value>
         <object_component_ref idref="oc-2de"/>
      </symbol>
      <symbol id="sm-499">
         <name>__aeabi_dmul</name>
         <value>0x20006617</value>
         <object_component_ref idref="oc-2d9"/>
      </symbol>
      <symbol id="sm-4a3">
         <name>__aeabi_d2iz</name>
         <value>0x20007315</value>
         <object_component_ref idref="oc-2e8"/>
      </symbol>
      <symbol id="sm-4ad">
         <name>__aeabi_i2d</name>
         <value>0x200074f5</value>
         <object_component_ref idref="oc-2f3"/>
      </symbol>
      <symbol id="sm-4bc">
         <name>ltoa</name>
         <value>0x200071e1</value>
         <object_component_ref idref="oc-2ed"/>
      </symbol>
      <symbol id="sm-4cc">
         <name>memccpy</name>
         <value>0x2000776b</value>
         <object_component_ref idref="oc-315"/>
      </symbol>
      <symbol id="sm-4e7">
         <name>frexpl</name>
         <value>0x20007085</value>
         <object_component_ref idref="oc-2fd"/>
      </symbol>
      <symbol id="sm-4e8">
         <name>frexp</name>
         <value>0x20007085</value>
         <object_component_ref idref="oc-2fd"/>
      </symbol>
      <symbol id="sm-506">
         <name>scalbn</name>
         <value>0x200067f5</value>
         <object_component_ref idref="oc-303"/>
      </symbol>
      <symbol id="sm-507">
         <name>scalbnl</name>
         <value>0x200067f5</value>
         <object_component_ref idref="oc-303"/>
      </symbol>
      <symbol id="sm-508">
         <name>ldexpl</name>
         <value>0x200067f5</value>
         <object_component_ref idref="oc-303"/>
      </symbol>
      <symbol id="sm-509">
         <name>ldexp</name>
         <value>0x200067f5</value>
         <object_component_ref idref="oc-303"/>
      </symbol>
      <symbol id="sm-513">
         <name>_system_post_cinit</name>
         <value>0x20006ed3</value>
         <object_component_ref idref="oc-a0"/>
      </symbol>
      <symbol id="sm-523">
         <name>strchr</name>
         <value>0x20007849</value>
         <object_component_ref idref="oc-309"/>
      </symbol>
      <symbol id="sm-53f">
         <name>__aeabi_uldivmod</name>
         <value>0x20005e25</value>
         <object_component_ref idref="oc-2cf"/>
      </symbol>
      <symbol id="sm-547">
         <name>errno</name>
         <value>0x2001d8c4</value>
         <object_component_ref idref="oc-356"/>
      </symbol>
      <symbol id="sm-551">
         <name>copysign</name>
         <value>0x20007909</value>
         <object_component_ref idref="oc-350"/>
      </symbol>
      <symbol id="sm-552">
         <name>copysignl</name>
         <value>0x20007909</value>
         <object_component_ref idref="oc-350"/>
      </symbol>
      <symbol id="sm-5a2">
         <name>GPIOIntRegister</name>
         <value>0x2000769d</value>
         <object_component_ref idref="oc-114"/>
      </symbol>
      <symbol id="sm-5a3">
         <name>GPIOIntEnable</name>
         <value>0x20007787</value>
         <object_component_ref idref="oc-120"/>
      </symbol>
      <symbol id="sm-5a4">
         <name>GPIOIntTypeSet</name>
         <value>0x20006d61</value>
         <object_component_ref idref="oc-11a"/>
      </symbol>
      <symbol id="sm-5a5">
         <name>GPIOIntClear</name>
         <value>0x20007873</value>
         <object_component_ref idref="oc-de"/>
      </symbol>
      <symbol id="sm-5a6">
         <name>GPIOIntStatus</name>
         <value>0x20007639</value>
         <object_component_ref idref="oc-d8"/>
      </symbol>
      <symbol id="sm-5a7">
         <name>GPIODirModeSet</name>
         <value>0x2000745d</value>
         <object_component_ref idref="oc-1e1"/>
      </symbol>
      <symbol id="sm-61f">
         <name>IntPrioritySet</name>
         <value>0x20007139</value>
         <object_component_ref idref="oc-1fa"/>
      </symbol>
      <symbol id="sm-620">
         <name>IntVTableBaseSet</name>
         <value>0x20007889</value>
         <object_component_ref idref="oc-ea"/>
      </symbol>
      <symbol id="sm-621">
         <name>IntEnable</name>
         <value>0x2000696d</value>
         <object_component_ref idref="oc-f6"/>
      </symbol>
      <symbol id="sm-622">
         <name>IntDisable</name>
         <value>0x200068c5</value>
         <object_component_ref idref="oc-2af"/>
      </symbol>
      <symbol id="sm-623">
         <name>IntRegister</name>
         <value>0x2000767d</value>
         <object_component_ref idref="oc-23e"/>
      </symbol>
      <symbol id="sm-624">
         <name>IntUnregister</name>
         <value>0x200075cd</value>
         <object_component_ref idref="oc-2b5"/>
      </symbol>
      <symbol id="sm-625">
         <name>IntMasterEnable</name>
         <value>0x200078ff</value>
         <object_component_ref idref="oc-f0"/>
      </symbol>
      <symbol id="sm-65c">
         <name>PinTypeUART</name>
         <value>0x200077a1</value>
         <object_component_ref idref="oc-1e7"/>
      </symbol>
      <symbol id="sm-65d">
         <name>PinTypeGPIO</name>
         <value>0x20007493</value>
         <object_component_ref idref="oc-1db"/>
      </symbol>
      <symbol id="sm-65e">
         <name>PinConfigSet</name>
         <value>0x20006b45</value>
         <object_component_ref idref="oc-297"/>
      </symbol>
      <symbol id="sm-65f">
         <name>PinModeSet</name>
         <value>0x200073a1</value>
         <object_component_ref idref="oc-1d5"/>
      </symbol>
      <symbol id="sm-6e5">
         <name>PRCMPeripheralReset</name>
         <value>0x200070e1</value>
         <object_component_ref idref="oc-183"/>
      </symbol>
      <symbol id="sm-6e6">
         <name>PRCMPeripheralClkEnable</name>
         <value>0x20007421</value>
         <object_component_ref idref="oc-17d"/>
      </symbol>
      <symbol id="sm-6e7">
         <name>PRCMPeripheralClockGet</name>
         <value>0x20006ab1</value>
         <object_component_ref idref="oc-190"/>
      </symbol>
      <symbol id="sm-6e8">
         <name>PRCMCC3200MCUInit</name>
         <value>0x20006369</value>
         <object_component_ref idref="oc-fc"/>
      </symbol>
      <symbol id="sm-6e9">
         <name>PRCMHIBRegWrite</name>
         <value>0x20007833</value>
         <object_component_ref idref="oc-177"/>
      </symbol>
      <symbol id="sm-6ea">
         <name>PRCMSysResetCauseGet</name>
         <value>0x20007525</value>
         <object_component_ref idref="oc-16b"/>
      </symbol>
      <symbol id="sm-6eb">
         <name>PRCMPeripheralClkDisable</name>
         <value>0x200075a5</value>
         <object_component_ref idref="oc-189"/>
      </symbol>
      <symbol id="sm-6ec">
         <name>PRCMHIBRegRead</name>
         <value>0x2000781d</value>
         <object_component_ref idref="oc-171"/>
      </symbol>
      <symbol id="sm-77a">
         <name>TimerLoadSet</name>
         <value>0x20007551</value>
         <object_component_ref idref="oc-218"/>
      </symbol>
      <symbol id="sm-77b">
         <name>TimerDisable</name>
         <value>0x200076bb</value>
         <object_component_ref idref="oc-224"/>
      </symbol>
      <symbol id="sm-77c">
         <name>TimerValueSet</name>
         <value>0x2000765b</value>
         <object_component_ref idref="oc-126"/>
      </symbol>
      <symbol id="sm-77d">
         <name>TimerIntRegister</name>
         <value>0x20006ed5</value>
         <object_component_ref idref="oc-200"/>
      </symbol>
      <symbol id="sm-77e">
         <name>TimerEnable</name>
         <value>0x200076d9</value>
         <object_component_ref idref="oc-21e"/>
      </symbol>
      <symbol id="sm-77f">
         <name>TimerIntUnregister</name>
         <value>0x20006fb5</value>
         <object_component_ref idref="oc-230"/>
      </symbol>
      <symbol id="sm-780">
         <name>TimerIntStatus</name>
         <value>0x200076f7</value>
         <object_component_ref idref="oc-20c"/>
      </symbol>
      <symbol id="sm-781">
         <name>TimerIntDisable</name>
         <value>0x200077bb</value>
         <object_component_ref idref="oc-22a"/>
      </symbol>
      <symbol id="sm-782">
         <name>TimerValueGet</name>
         <value>0x20007733</value>
         <object_component_ref idref="oc-e4"/>
      </symbol>
      <symbol id="sm-783">
         <name>TimerPrescaleSet</name>
         <value>0x2000757b</value>
         <object_component_ref idref="oc-1f4"/>
      </symbol>
      <symbol id="sm-784">
         <name>TimerIntEnable</name>
         <value>0x200077d3</value>
         <object_component_ref idref="oc-206"/>
      </symbol>
      <symbol id="sm-785">
         <name>TimerConfigure</name>
         <value>0x2000735d</value>
         <object_component_ref idref="oc-1ee"/>
      </symbol>
      <symbol id="sm-786">
         <name>TimerIntClear</name>
         <value>0x200078c5</value>
         <object_component_ref idref="oc-212"/>
      </symbol>
      <symbol id="sm-7c2">
         <name>UARTConfigSetExpClk</name>
         <value>0x20006e5d</value>
         <object_component_ref idref="oc-196"/>
      </symbol>
      <symbol id="sm-7c3">
         <name>UARTDisable</name>
         <value>0x200074c5</value>
         <object_component_ref idref="oc-265"/>
      </symbol>
      <symbol id="sm-7c4">
         <name>UARTCharsAvail</name>
         <value>0x200077eb</value>
         <object_component_ref idref="oc-1a8"/>
      </symbol>
      <symbol id="sm-7c5">
         <name>UARTCharGetNonBlocking</name>
         <value>0x2000774f</value>
         <object_component_ref idref="oc-1ae"/>
      </symbol>
      <symbol id="sm-7c6">
         <name>UARTCharPut</name>
         <value>0x20007715</value>
         <object_component_ref idref="oc-19c"/>
      </symbol>
      <symbol id="sm-7c7">
         <name>UARTEnable</name>
         <value>0x200075f1</value>
         <object_component_ref idref="oc-26b"/>
      </symbol>
      <symbol id="sm-7cb">
         <name>UtilsDelay</name>
         <value>0x20007911</value>
         <object_component_ref idref="oc-25a"/>
      </symbol>
      <symbol id="sm-7d5">
         <name>CPUcpsie</name>
         <value>0x2000785f</value>
         <object_component_ref idref="oc-160"/>
      </symbol>
      <symbol id="sm-7d7">
         <name>__TI_static_base__</name>
         <value>0x20007d20</value>
      </symbol>
      <symbol id="sm-7da">
         <name>SHT$$INIT_ARRAY$$Limit</name>
         <value>0x0</value>
      </symbol>
      <symbol id="sm-7db">
         <name>SHT$$INIT_ARRAY$$Base</name>
         <value>0x0</value>
      </symbol>
   </symbol_table>
   <title>Link successful</title>
</link_info>
