******************************************************************************
                  TI ARM Linker PC v16.9.6                     
******************************************************************************
>> Linked Fri Feb 09 15:53:32 2018

OUTPUT FILE NAME:   <int_sw.out>
ENTRY POINT SYMBOL: "_c_int00"  address: 2000751d


MEMORY CONFIGURATION

         name            origin    length      used     unused   attr    fill
----------------------  --------  ---------  --------  --------  ----  --------
  SRAM_CODE             20004000   00019000  00003ef6  0001510a  RW X
  SRAM_DATA             2001d000   00023000  00001878  00021788  RW X


SEGMENT ALLOCATION MAP

run origin  load origin   length   init length attrs members
----------  ----------- ---------- ----------- ----- -------
20004000    20004000    00003ef8   00003ef8    r-x
  20004000    20004000    00000400   00000400    r-- .intvecs
  20004400    20004400    0000364e   0000364e    r-x .text
  20007a50    20007a50    00000400   00000400    r-- .const
  20007e50    20007e50    000000a8   000000a8    r-- .cinit
2001d000    2001d000    00001078   00000000    rw-
  2001d000    2001d000    00000800   00000000    rw- .sysmem
  2001d800    2001d800    000006c0   00000000    rw- .data
  2001dec0    2001dec0    000001b8   00000000    rw- .bss
2003f800    2003f800    00000800   00000000    rw-
  2003f800    2003f800    00000800   00000000    rw- .stack


SECTION ALLOCATION MAP

 output                                  attributes/
section   page    origin      length       input sections
--------  ----  ----------  ----------   ----------------
.intvecs   0    20004000    00000400     
                  20004000    00000400     startup_ccs.obj (.intvecs)

.init_array 
*          0    20004000    00000000     UNINITIALIZED

.text      0    20004400    0000364e     
                  20004400    00001122     rtsv7M4_T_le_eabi.lib : _printfi.obj (.text)
                  20005522    00000002     driverlib.a : interrupt.obj (.text:IntDefaultHandler)
                  20005524    000003ec     main.obj (.text)
                  20005910    000003d0     rtsv7M4_T_le_eabi.lib : memory.obj (.text)
                  20005ce0    00000280     uart_if.obj (.text)
                  20005f60    000001f4     rtsv7M4_T_le_eabi.lib : ull_div_t2.obj (.text)
                  20006154    000001b6                           : fd_add_t2.obj (.text)
                  2000630a    00000002                           : mpu_init.obj (.text)
                  2000630c    00000198     timer_if.obj (.text)
                  200064a4    00000178     driverlib.a : prcm.obj (.text:PRCMCC3200MCUInit)
                  2000661c    00000136     rtsv7M4_T_le_eabi.lib : fd_div_t2.obj (.text)
                  20006752    000000fc                           : fd_mul_t2.obj (.text)
                  2000684e    000000e2     pin_mux_config.obj (.text)
                  20006930    000000d0     rtsv7M4_T_le_eabi.lib : s_scalbn.obj (.text)
                  20006a00    000000a8     driverlib.a : interrupt.obj (.text:IntDisable)
                  20006aa8    000000a8                 : interrupt.obj (.text:IntEnable)
                  20006b50    0000009c     rtsv7M4_T_le_eabi.lib : memcpy_t2.obj (.text)
                  20006bec    00000094     driverlib.a : prcm.obj (.text:PRCMPeripheralClockGet)
                  20006c80    00000088                 : pin.obj (.text:PinConfigSet)
                  20006d08    00000088     rtsv7M4_T_le_eabi.lib : vsnprintf.obj (.text)
                  20006d90    00000086                           : fd_cmp_t2.obj (.text:__aeabi_cdcmple)
                  20006e16    00000086                           : fd_cmp_t2.obj (.text:__aeabi_cdrcmple)
                  20006e9c    00000082     driverlib.a : gpio.obj (.text:GPIOIntTypeSet)
                  20006f1e    0000007a     rtsv7M4_T_le_eabi.lib : memset_t2.obj (.text)
                  20006f98    00000076     driverlib.a : uart.obj (.text:UARTConfigSetExpClk)
                  2000700e    00000002     rtsv7M4_T_le_eabi.lib : startup.obj (.text)
                  20007010    00000070     driverlib.a : timer.obj (.text:TimerIntRegister)
                  20007080    00000070     rtsv7M4_T_le_eabi.lib : autoinit.obj (.text)
                  200070f0    00000068     driverlib.a : timer.obj (.text:TimerIntUnregister)
                  20007158    00000068     rtsv7M4_T_le_eabi.lib : copy_decompress_lzss.obj (.text:decompress:lzss)
                  200071c0    0000005c                           : s_frexp.obj (.text)
                  2000721c    00000058     driverlib.a : prcm.obj (.text:PRCMPeripheralReset)
                  20007274    00000054                 : interrupt.obj (.text:IntPrioritySet)
                  200072c8    00000054     rtsv7M4_T_le_eabi.lib : exit.obj (.text)
                  2000731c    00000054                           : ltoa.obj (.text)
                  20007370    0000004c                           : atoi.obj (.text)
                  200073bc    0000004c                           : cpy_tbl.obj (.text)
                  20007408    00000048     driverlib.a : gpio.obj (.text:GPIOGetIntNumber)
                  20007450    00000048     rtsv7M4_T_le_eabi.lib : fd_toi_t2.obj (.text)
                  20007498    00000044     driverlib.a : timer.obj (.text:TimerConfigure)
                  200074dc    00000040                 : pin.obj (.text:PinModeSet)
                  2000751c    00000040     rtsv7M4_T_le_eabi.lib : boot.obj (.text)
                  2000755c    0000003c     driverlib.a : prcm.obj (.text:PRCMPeripheralClkEnable)
                  20007598    00000036                 : gpio.obj (.text:GPIODirModeSet)
                  200075ce    00000030                 : pin.obj (.text:PinTypeGPIO)
                  200075fe    00000002     --HOLE-- [fill = 0]
                  20007600    00000030                 : uart.obj (.text:UARTDisable)
                  20007630    0000002e     rtsv7M4_T_le_eabi.lib : i_tofd_t2.obj (.text)
                  2000765e    00000002     --HOLE-- [fill = 0]
                  20007660    0000002c     driverlib.a : prcm.obj (.text:PRCMSysResetCauseGet)
                  2000768c    0000002a                 : timer.obj (.text:TimerLoadSet)
                  200076b6    0000002a                 : timer.obj (.text:TimerPrescaleSet)
                  200076e0    00000028                 : prcm.obj (.text:PRCMPeripheralClkDisable)
                  20007708    00000024                 : interrupt.obj (.text:IntUnregister)
                  2000772c    00000024                 : uart.obj (.text:UARTEnable)
                  20007750    00000024     rtsv7M4_T_le_eabi.lib : memmov.obj (.text)
                  20007774    00000022     driverlib.a : gpio.obj (.text:GPIOIntStatus)
                  20007796    00000002     --HOLE-- [fill = 0]
                  20007798    00000020                 : interrupt.obj (.text:IntRegister)
                  200077b8    0000001e                 : gpio.obj (.text:GPIOIntRegister)
                  200077d6    0000001e                 : timer.obj (.text:TimerDisable)
                  200077f4    0000001e                 : timer.obj (.text:TimerEnable)
                  20007812    0000001e                 : timer.obj (.text:TimerIntStatus)
                  20007830    0000001e                 : uart.obj (.text:UARTCharPut)
                  2000784e    0000001c                 : timer.obj (.text:TimerValueGet)
                  2000786a    0000001c                 : uart.obj (.text:UARTCharGetNonBlocking)
                  20007886    0000001c     rtsv7M4_T_le_eabi.lib : memccpy.obj (.text)
                  200078a2    0000001a     driverlib.a : gpio.obj (.text:GPIOIntDisable)
                  200078bc    0000001a                 : gpio.obj (.text:GPIOIntEnable)
                  200078d6    0000001a                 : pin.obj (.text:PinTypeUART)
                  200078f0    00000018                 : timer.obj (.text:TimerIntDisable)
                  20007908    00000018                 : timer.obj (.text:TimerIntEnable)
                  20007920    00000018                 : uart.obj (.text:UARTCharsAvail)
                  20007938    00000018     rtsv7M4_T_le_eabi.lib : args_main.obj (.text)
                  20007950    00000016     driverlib.a : prcm.obj (.text:PRCMHIBRegRead)
                  20007966    00000016                 : prcm.obj (.text:PRCMHIBRegWrite)
                  2000797c    00000016     rtsv7M4_T_le_eabi.lib : strchr.obj (.text)
                  20007992    00000014     driverlib.a : cpu.obj (.text:CPUcpsie)
                  200079a6    00000014                 : gpio.obj (.text:GPIOIntClear)
                  200079ba    00000002     --HOLE-- [fill = 0]
                  200079bc    00000014                 : interrupt.obj (.text:IntVTableBaseSet)
                  200079d0    00000014     rtsv7M4_T_le_eabi.lib : _lock.obj (.text)
                  200079e4    00000014                           : strlen.obj (.text)
                  200079f8    00000012     driverlib.a : timer.obj (.text:TimerIntClear)
                  20007a0a    0000000e     rtsv7M4_T_le_eabi.lib : copy_decompress_none.obj (.text:decompress:none)
                  20007a18    0000000e     startup_ccs.obj (.text)
                  20007a26    0000000c     rtsv7M4_T_le_eabi.lib : copy_zero_init.obj (.text:decompress:ZI)
                  20007a32    0000000a     driverlib.a : interrupt.obj (.text:IntMasterEnable)
                  20007a3c    00000008     rtsv7M4_T_le_eabi.lib : s_copysign.obj (.text)
                  20007a44    00000006     driverlib.a : utils.obj (.text:UtilsDelay)
                  20007a4a    00000004     rtsv7M4_T_le_eabi.lib : pre_init.obj (.text)

.const     0    20007a50    00000400     
                  20007a50    00000101     rtsv7M4_T_le_eabi.lib : ctype.obj (.const:.string:_ctypes_)
                  20007b51    00000003     --HOLE-- [fill = 0]
                  20007b54    00000100     driverlib.a : pin.obj (.const:g_ulPinToPadMap)
                  20007c54    000000d4                 : interrupt.obj (.const:g_pulRegs)
                  20007d28    000000a8                 : prcm.obj (.const:PRCM_PeriphRegsList)
                  20007dd0    00000080                 : interrupt.obj (.const)

.cinit     0    20007e50    000000a8     
                  20007e50    0000007d     (.cinit..data.load) [load image, compression = lzss]
                  20007ecd    00000003     --HOLE-- [fill = 0]
                  20007ed0    0000000c     (__TI_handler_table)
                  20007edc    00000004     --HOLE-- [fill = 0]
                  20007ee0    00000008     (.cinit..bss.load) [load image, compression = zero_init]
                  20007ee8    00000010     (__TI_cinit_table)

.sysmem    0    2001d000    00000800     UNINITIALIZED
                  2001d000    00000008     rtsv7M4_T_le_eabi.lib : memory.obj (.sysmem)
                  2001d008    000007f8     --HOLE--

.data      0    2001d800    000006c0     UNINITIALIZED
                  2001d800    00000690     main.obj (.data:buttons)
                  2001de90    0000000c     rtsv7M4_T_le_eabi.lib : exit.obj (.data:$O1$$)
                  2001de9c    0000000c                           : memory.obj (.data:$O1$$)
                  2001dea8    00000008                           : _lock.obj (.data:$O1$$)
                  2001deb0    00000008     main.obj (.data:gpioin)
                  2001deb8    00000004     rtsv7M4_T_le_eabi.lib : errno.obj (.data)
                  2001debc    00000004                           : stkdepth_vars.obj (.data)

.bss       0    2001dec0    000001b8     UNINITIALIZED
                  2001dec0    0000008c     (.common:bitSequence)
                  2001df4c    0000008c     (.common:timeInterval)
                  2001dfd8    0000008c     (.common:timeOfInterrupt)
                  2001e064    00000004     uart_if.obj (.bss)
                  2001e068    00000004     (.common:_time)
                  2001e06c    00000004     (.common:interruptCounter)
                  2001e070    00000004     (.common:pulseCounter)
                  2001e074    00000004     (.common:time)

.stack     0    2003f800    00000800     UNINITIALIZED
                  2003f800    00000800     --HOLE--

MODULE SUMMARY

       Module                     code    ro data   rw data
       ------                     ----    -------   -------
    .\
       main.obj                   1004    0         2124   
       startup_ccs.obj            14      1024      0      
       uart_if.obj                640     0         4      
       timer_if.obj               408     0         0      
       pin_mux_config.obj         226     0         0      
    +--+--------------------------+-------+---------+---------+
       Total:                     2292    1024      2128   
                                                           
    C:/ti/CC3200SDK_1.3.0/cc3200-sdk/driverlib/ccs/Release/driverlib.a
       prcm.obj                   800     168       0      
       interrupt.obj              520     340       0      
       timer.obj                  552     0         0      
       pin.obj                    274     256       0      
       gpio.obj                   392     0         0      
       uart.obj                   284     0         0      
       cpu.obj                    20      0         0      
       utils.obj                  6       0         0      
    +--+--------------------------+-------+---------+---------+
       Total:                     2848    764       0      
                                                           
    C:\ti\ccsv7\tools\compiler\ti-cgt-arm_16.9.6.LTS\lib\rtsv7M4_T_le_eabi.lib
       _printfi.obj               4386    0         0      
       memory.obj                 976     0         12     
       ull_div_t2.obj             500     0         0      
       fd_add_t2.obj              438     0         0      
       fd_div_t2.obj              310     0         0      
       fd_cmp_t2.obj              268     0         0      
       ctype.obj                  0       257       0      
       fd_mul_t2.obj              252     0         0      
       s_scalbn.obj               208     0         0      
       memcpy_t2.obj              156     0         0      
       vsnprintf.obj              136     0         0      
       memset_t2.obj              122     0         0      
       autoinit.obj               112     0         0      
       copy_decompress_lzss.obj   104     0         0      
       exit.obj                   84      0         12     
       s_frexp.obj                92      0         0      
       ltoa.obj                   84      0         0      
       atoi.obj                   76      0         0      
       cpy_tbl.obj                76      0         0      
       fd_toi_t2.obj              72      0         0      
       boot.obj                   64      0         0      
       i_tofd_t2.obj              46      0         0      
       memmov.obj                 36      0         0      
       _lock.obj                  20      0         8      
       memccpy.obj                28      0         0      
       args_main.obj              24      0         0      
       strchr.obj                 22      0         0      
       strlen.obj                 20      0         0      
       copy_decompress_none.obj   14      0         0      
       copy_zero_init.obj         12      0         0      
       s_copysign.obj             8       0         0      
       errno.obj                  0       0         4      
       pre_init.obj               4       0         0      
       stkdepth_vars.obj          0       0         4      
       mpu_init.obj               2       0         0      
       startup.obj                2       0         0      
    +--+--------------------------+-------+---------+---------+
       Total:                     8754    257       40     
                                                           
       Heap:                      0       0         2048   
       Stack:                     0       0         2048   
       Linker Generated:          0       161       0      
    +--+--------------------------+-------+---------+---------+
       Grand Total:               13894   2206      6264   


LINKER GENERATED COPY TABLES

__TI_cinit_table @ 20007ee8 records: 2, size/record: 8, table size: 16
	.data: load addr=20007e50, load size=0000007d bytes, run addr=2001d800, run size=000006c0 bytes, compression=lzss
	.bss: load addr=20007ee0, load size=00000008 bytes, run addr=2001dec0, run size=000001b8 bytes, compression=zero_init


LINKER GENERATED HANDLER TABLE

__TI_handler_table @ 20007ed0 records: 3, size/record: 4, table size: 12
	index: 0, handler: __TI_decompress_lzss
	index: 1, handler: __TI_decompress_none
	index: 2, handler: __TI_zero_init


GLOBAL SYMBOLS: SORTED ALPHABETICALLY BY Name 

address   name                           
-------   ----                           
200072c9  C$$EXIT                        
20007993  CPUcpsie                       
20005d21  ClearTerm                      
20005d2b  Error                          
20007599  GPIODirModeSet                 
200079a7  GPIOIntClear                   
200078a3  GPIOIntDisable                 
200078bd  GPIOIntEnable                  
200077b9  GPIOIntRegister                
20007775  GPIOIntStatus                  
20006e9d  GPIOIntTypeSet                 
20005d63  GetCmd                         
20005ce1  InitTerm                       
20006a01  IntDisable                     
20006aa9  IntEnable                      
20007a33  IntMasterEnable                
20007275  IntPrioritySet                 
20007799  IntRegister                    
20007709  IntUnregister                  
200079bd  IntVTableBaseSet               
20005cff  Message                        
200064a5  PRCMCC3200MCUInit              
20007951  PRCMHIBRegRead                 
20007967  PRCMHIBRegWrite                
200076e1  PRCMPeripheralClkDisable       
2000755d  PRCMPeripheralClkEnable        
20006bed  PRCMPeripheralClockGet         
2000721d  PRCMPeripheralReset            
20007661  PRCMSysResetCauseGet           
20006c81  PinConfigSet                   
200074dd  PinModeSet                     
2000684f  PinMuxConfig                   
200075cf  PinTypeGPIO                    
200078d7  PinTypeUART                    
20005ea1  Report                         
20007a19  ResetISR                       
UNDEFED   SHT$$INIT_ARRAY$$Base          
UNDEFED   SHT$$INIT_ARRAY$$Limit         
20007499  TimerConfigure                 
200077d7  TimerDisable                   
200077f5  TimerEnable                    
200079f9  TimerIntClear                  
200078f1  TimerIntDisable                
20007909  TimerIntEnable                 
20007011  TimerIntRegister               
20007813  TimerIntStatus                 
200070f1  TimerIntUnregister             
2000768d  TimerLoadSet                   
200076b7  TimerPrescaleSet               
20005525  TimerRefIntHandler             
2000784f  TimerValueGet                  
20006453  Timer_IF_DeInit                
20006485  Timer_IF_GetCount              
2000638d  Timer_IF_Init                  
200063bf  Timer_IF_IntSetup              
2000640b  Timer_IF_InterruptClear        
2000646d  Timer_IF_ReLoad                
20006423  Timer_IF_Start                 
20006443  Timer_IF_Stop                  
20005e09  TrimSpace                      
2000786b  UARTCharGetNonBlocking         
20007831  UARTCharPut                    
20007921  UARTCharsAvail                 
20006f99  UARTConfigSetExpClk            
20007601  UARTDisable                    
2000772d  UARTEnable                     
20007a45  UtilsDelay                     
20040000  __STACK_END                    
00000800  __STACK_SIZE                   
00000800  __SYSMEM_SIZE                  
20007ee8  __TI_CINIT_Base                
20007ef8  __TI_CINIT_Limit               
20007ed0  __TI_Handler_Table_Base        
20007edc  __TI_Handler_Table_Limit       
20007081  __TI_auto_init                 
2001de90  __TI_cleanup_ptr               
20007159  __TI_decompress_lzss           
20007a0b  __TI_decompress_none           
2001de94  __TI_dtors_ptr                 
2001de98  __TI_enable_exit_profile_output
ffffffff  __TI_pprof_out_hndl            
20004c39  __TI_printfi                   
ffffffff  __TI_prof_data_size            
ffffffff  __TI_prof_data_start           
20007e50  __TI_static_base__             
20007a27  __TI_zero_init                 
20006d91  __aeabi_cdcmpeq                
20006d91  __aeabi_cdcmple                
20006e17  __aeabi_cdrcmple               
20007451  __aeabi_d2iz                   
2000615f  __aeabi_dadd                   
2000661d  __aeabi_ddiv                   
20006753  __aeabi_dmul                   
20006155  __aeabi_dsub                   
20007631  __aeabi_i2d                    
20006f1f  __aeabi_memclr                 
20006f1f  __aeabi_memclr4                
20006f1f  __aeabi_memclr8                
20006b51  __aeabi_memcpy                 
20006b51  __aeabi_memcpy4                
20006b51  __aeabi_memcpy8                
20006f21  __aeabi_memset                 
20006f21  __aeabi_memset4                
20006f21  __aeabi_memset8                
20005f61  __aeabi_uldivmod               
ffffffff  __binit__                      
ffffffff  __c_args__                     
2000630b  __mpu_init                     
2003f800  __stack                        
20007939  _args_main                     
2000751d  _c_int00                       
20007a50  _ctypes_                       
2001dea8  _lock                          
200079df  _nop                           
200079d7  _register_lock                 
200079d1  _register_unlock               
2001d000  _sys_memory                    
2000700f  _system_post_cinit             
20007a4b  _system_pre_init               
2001e068  _time                          
2001deac  _unlock                        
200072cd  abort                          
20007371  atoi                           
ffffffff  binit                          
2001dec0  bitSequence                    
2001d800  buttons                        
20005cb1  calloc                         
2000557f  compareBitPatterns             
20005543  compareTwoSequence             
200073bd  copy_in                        
20007a3d  copysign                       
20007a3d  copysignl                      
2001deb8  errno                          
200072d5  exit                           
200059fb  free                           
200071c1  frexp                          
200071c1  frexpl                         
20004000  g_pfnVectors                   
20005679  initializeArr                  
2001e06c  interruptCounter               
20006931  ldexp                          
20006931  ldexpl                         
2000731d  ltoa                           
20005759  main                           
2001debc  main_func_sp                   
20005991  malloc                         
20005bc5  memalign                       
20007887  memccpy                        
20006b51  memcpy                         
20007751  memmove                        
20006f27  memset                         
20005911  minit                          
200056b5  printArr                       
2001e070  pulseCounter                   
20005abb  realloc                        
20006931  scalbn                         
20006931  scalbnl                        
2000797d  strchr                         
200079e5  strlen                         
2001e074  time                           
2001df4c  timeInterval                   
2001dfd8  timeOfInterrupt                
20006d09  vsnprintf                      


GLOBAL SYMBOLS: SORTED BY Symbol Address 

address   name                           
-------   ----                           
00000800  __STACK_SIZE                   
00000800  __SYSMEM_SIZE                  
20004000  g_pfnVectors                   
20004c39  __TI_printfi                   
20005525  TimerRefIntHandler             
20005543  compareTwoSequence             
2000557f  compareBitPatterns             
20005679  initializeArr                  
200056b5  printArr                       
20005759  main                           
20005911  minit                          
20005991  malloc                         
200059fb  free                           
20005abb  realloc                        
20005bc5  memalign                       
20005cb1  calloc                         
20005ce1  InitTerm                       
20005cff  Message                        
20005d21  ClearTerm                      
20005d2b  Error                          
20005d63  GetCmd                         
20005e09  TrimSpace                      
20005ea1  Report                         
20005f61  __aeabi_uldivmod               
20006155  __aeabi_dsub                   
2000615f  __aeabi_dadd                   
2000630b  __mpu_init                     
2000638d  Timer_IF_Init                  
200063bf  Timer_IF_IntSetup              
2000640b  Timer_IF_InterruptClear        
20006423  Timer_IF_Start                 
20006443  Timer_IF_Stop                  
20006453  Timer_IF_DeInit                
2000646d  Timer_IF_ReLoad                
20006485  Timer_IF_GetCount              
200064a5  PRCMCC3200MCUInit              
2000661d  __aeabi_ddiv                   
20006753  __aeabi_dmul                   
2000684f  PinMuxConfig                   
20006931  ldexp                          
20006931  ldexpl                         
20006931  scalbn                         
20006931  scalbnl                        
20006a01  IntDisable                     
20006aa9  IntEnable                      
20006b51  __aeabi_memcpy                 
20006b51  __aeabi_memcpy4                
20006b51  __aeabi_memcpy8                
20006b51  memcpy                         
20006bed  PRCMPeripheralClockGet         
20006c81  PinConfigSet                   
20006d09  vsnprintf                      
20006d91  __aeabi_cdcmpeq                
20006d91  __aeabi_cdcmple                
20006e17  __aeabi_cdrcmple               
20006e9d  GPIOIntTypeSet                 
20006f1f  __aeabi_memclr                 
20006f1f  __aeabi_memclr4                
20006f1f  __aeabi_memclr8                
20006f21  __aeabi_memset                 
20006f21  __aeabi_memset4                
20006f21  __aeabi_memset8                
20006f27  memset                         
20006f99  UARTConfigSetExpClk            
2000700f  _system_post_cinit             
20007011  TimerIntRegister               
20007081  __TI_auto_init                 
200070f1  TimerIntUnregister             
20007159  __TI_decompress_lzss           
200071c1  frexp                          
200071c1  frexpl                         
2000721d  PRCMPeripheralReset            
20007275  IntPrioritySet                 
200072c9  C$$EXIT                        
200072cd  abort                          
200072d5  exit                           
2000731d  ltoa                           
20007371  atoi                           
200073bd  copy_in                        
20007451  __aeabi_d2iz                   
20007499  TimerConfigure                 
200074dd  PinModeSet                     
2000751d  _c_int00                       
2000755d  PRCMPeripheralClkEnable        
20007599  GPIODirModeSet                 
200075cf  PinTypeGPIO                    
20007601  UARTDisable                    
20007631  __aeabi_i2d                    
20007661  PRCMSysResetCauseGet           
2000768d  TimerLoadSet                   
200076b7  TimerPrescaleSet               
200076e1  PRCMPeripheralClkDisable       
20007709  IntUnregister                  
2000772d  UARTEnable                     
20007751  memmove                        
20007775  GPIOIntStatus                  
20007799  IntRegister                    
200077b9  GPIOIntRegister                
200077d7  TimerDisable                   
200077f5  TimerEnable                    
20007813  TimerIntStatus                 
20007831  UARTCharPut                    
2000784f  TimerValueGet                  
2000786b  UARTCharGetNonBlocking         
20007887  memccpy                        
200078a3  GPIOIntDisable                 
200078bd  GPIOIntEnable                  
200078d7  PinTypeUART                    
200078f1  TimerIntDisable                
20007909  TimerIntEnable                 
20007921  UARTCharsAvail                 
20007939  _args_main                     
20007951  PRCMHIBRegRead                 
20007967  PRCMHIBRegWrite                
2000797d  strchr                         
20007993  CPUcpsie                       
200079a7  GPIOIntClear                   
200079bd  IntVTableBaseSet               
200079d1  _register_unlock               
200079d7  _register_lock                 
200079df  _nop                           
200079e5  strlen                         
200079f9  TimerIntClear                  
20007a0b  __TI_decompress_none           
20007a19  ResetISR                       
20007a27  __TI_zero_init                 
20007a33  IntMasterEnable                
20007a3d  copysign                       
20007a3d  copysignl                      
20007a45  UtilsDelay                     
20007a4b  _system_pre_init               
20007a50  _ctypes_                       
20007e50  __TI_static_base__             
20007ed0  __TI_Handler_Table_Base        
20007edc  __TI_Handler_Table_Limit       
20007ee8  __TI_CINIT_Base                
20007ef8  __TI_CINIT_Limit               
2001d000  _sys_memory                    
2001d800  buttons                        
2001de90  __TI_cleanup_ptr               
2001de94  __TI_dtors_ptr                 
2001de98  __TI_enable_exit_profile_output
2001dea8  _lock                          
2001deac  _unlock                        
2001deb8  errno                          
2001debc  main_func_sp                   
2001dec0  bitSequence                    
2001df4c  timeInterval                   
2001dfd8  timeOfInterrupt                
2001e068  _time                          
2001e06c  interruptCounter               
2001e070  pulseCounter                   
2001e074  time                           
2003f800  __stack                        
20040000  __STACK_END                    
ffffffff  __TI_pprof_out_hndl            
ffffffff  __TI_prof_data_size            
ffffffff  __TI_prof_data_start           
ffffffff  __binit__                      
ffffffff  __c_args__                     
ffffffff  binit                          
UNDEFED   SHT$$INIT_ARRAY$$Base          
UNDEFED   SHT$$INIT_ARRAY$$Limit         

[163 symbols]
