******************************************************************************
                  TI ARM Linker PC v16.9.6                     
******************************************************************************
>> Linked Wed Feb 07 15:35:02 2018

OUTPUT FILE NAME:   <int_sw.out>
ENTRY POINT SYMBOL: "_c_int00"  address: 20007489


MEMORY CONFIGURATION

         name            origin    length      used     unused   attr    fill
----------------------  --------  ---------  --------  --------  ----  --------
  SRAM_CODE             20004000   00019000  00003e0a  000151f6  RW X
  SRAM_DATA             2001d000   00023000  00001114  00021eec  RW X


SEGMENT ALLOCATION MAP

run origin  load origin   length   init length attrs members
----------  ----------- ---------- ----------- ----- -------
20004000    20004000    00003e10   00003e10    r-x
  20004000    20004000    00000400   00000400    r-- .intvecs
  20004400    20004400    000035c2   000035c2    r-x .text
  200079c4    200079c4    00000400   00000400    r-- .const
  20007dc8    20007dc8    00000048   00000048    r-- .cinit
2001d000    2001d000    00000914   00000000    rw-
  2001d000    2001d000    00000800   00000000    rw- .sysmem
  2001d800    2001d800    000000e4   00000000    rw- .bss
  2001d8e4    2001d8e4    00000030   00000000    rw- .data
2003f800    2003f800    00000800   00000000    rw-
  2003f800    2003f800    00000800   00000000    rw- .stack


SECTION ALLOCATION MAP

 output                                  attributes/
section   page    origin      length       input sections
--------  ----  ----------  ----------   ----------------
.intvecs   0    20004000    00000400     
                  20004000    00000400     startup_ccs.obj (.intvecs)

.init_array 
*          0    20004000    00000000     UNINITIALIZED

.text      0    20004400    000035c2     
                  20004400    00001122     rtsv7M4_T_le_eabi.lib : _printfi.obj (.text)
                  20005522    00000002     driverlib.a : interrupt.obj (.text:IntDefaultHandler)
                  20005524    000003d0     rtsv7M4_T_le_eabi.lib : memory.obj (.text)
                  200058f4    00000358     main.obj (.text)
                  20005c4c    00000280     uart_if.obj (.text)
                  20005ecc    000001f4     rtsv7M4_T_le_eabi.lib : ull_div_t2.obj (.text)
                  200060c0    000001b6                           : fd_add_t2.obj (.text)
                  20006276    00000002                           : mpu_init.obj (.text)
                  20006278    00000198     timer_if.obj (.text)
                  20006410    00000178     driverlib.a : prcm.obj (.text:PRCMCC3200MCUInit)
                  20006588    00000136     rtsv7M4_T_le_eabi.lib : fd_div_t2.obj (.text)
                  200066be    000000fc                           : fd_mul_t2.obj (.text)
                  200067ba    000000e2     pin_mux_config.obj (.text)
                  2000689c    000000d0     rtsv7M4_T_le_eabi.lib : s_scalbn.obj (.text)
                  2000696c    000000a8     driverlib.a : interrupt.obj (.text:IntDisable)
                  20006a14    000000a8                 : interrupt.obj (.text:IntEnable)
                  20006abc    0000009c     rtsv7M4_T_le_eabi.lib : memcpy_t2.obj (.text)
                  20006b58    00000094     driverlib.a : prcm.obj (.text:PRCMPeripheralClockGet)
                  20006bec    00000088                 : pin.obj (.text:PinConfigSet)
                  20006c74    00000088     rtsv7M4_T_le_eabi.lib : vsnprintf.obj (.text)
                  20006cfc    00000086                           : fd_cmp_t2.obj (.text:__aeabi_cdcmple)
                  20006d82    00000086                           : fd_cmp_t2.obj (.text:__aeabi_cdrcmple)
                  20006e08    00000082     driverlib.a : gpio.obj (.text:GPIOIntTypeSet)
                  20006e8a    0000007a     rtsv7M4_T_le_eabi.lib : memset_t2.obj (.text)
                  20006f04    00000076     driverlib.a : uart.obj (.text:UARTConfigSetExpClk)
                  20006f7a    00000002     rtsv7M4_T_le_eabi.lib : startup.obj (.text)
                  20006f7c    00000070     driverlib.a : timer.obj (.text:TimerIntRegister)
                  20006fec    00000070     rtsv7M4_T_le_eabi.lib : autoinit.obj (.text)
                  2000705c    00000068     driverlib.a : timer.obj (.text:TimerIntUnregister)
                  200070c4    00000068     rtsv7M4_T_le_eabi.lib : copy_decompress_lzss.obj (.text:decompress:lzss)
                  2000712c    0000005c                           : s_frexp.obj (.text)
                  20007188    00000058     driverlib.a : prcm.obj (.text:PRCMPeripheralReset)
                  200071e0    00000054                 : interrupt.obj (.text:IntPrioritySet)
                  20007234    00000054     rtsv7M4_T_le_eabi.lib : exit.obj (.text)
                  20007288    00000054                           : ltoa.obj (.text)
                  200072dc    0000004c                           : atoi.obj (.text)
                  20007328    0000004c                           : cpy_tbl.obj (.text)
                  20007374    00000048     driverlib.a : gpio.obj (.text:GPIOGetIntNumber)
                  200073bc    00000048     rtsv7M4_T_le_eabi.lib : fd_toi_t2.obj (.text)
                  20007404    00000044     driverlib.a : timer.obj (.text:TimerConfigure)
                  20007448    00000040                 : pin.obj (.text:PinModeSet)
                  20007488    00000040     rtsv7M4_T_le_eabi.lib : boot.obj (.text)
                  200074c8    0000003c     driverlib.a : prcm.obj (.text:PRCMPeripheralClkEnable)
                  20007504    00000036                 : gpio.obj (.text:GPIODirModeSet)
                  2000753a    00000030                 : pin.obj (.text:PinTypeGPIO)
                  2000756a    00000002     --HOLE-- [fill = 0]
                  2000756c    00000030                 : uart.obj (.text:UARTDisable)
                  2000759c    0000002e     rtsv7M4_T_le_eabi.lib : i_tofd_t2.obj (.text)
                  200075ca    00000002     --HOLE-- [fill = 0]
                  200075cc    0000002c     driverlib.a : prcm.obj (.text:PRCMSysResetCauseGet)
                  200075f8    0000002a                 : timer.obj (.text:TimerLoadSet)
                  20007622    0000002a                 : timer.obj (.text:TimerPrescaleSet)
                  2000764c    00000028                 : prcm.obj (.text:PRCMPeripheralClkDisable)
                  20007674    00000024                 : interrupt.obj (.text:IntUnregister)
                  20007698    00000024                 : uart.obj (.text:UARTEnable)
                  200076bc    00000024     rtsv7M4_T_le_eabi.lib : memmov.obj (.text)
                  200076e0    00000022     driverlib.a : gpio.obj (.text:GPIOIntStatus)
                  20007702    00000022                 : timer.obj (.text:TimerValueSet)
                  20007724    00000020                 : interrupt.obj (.text:IntRegister)
                  20007744    0000001e                 : gpio.obj (.text:GPIOIntRegister)
                  20007762    0000001e                 : timer.obj (.text:TimerDisable)
                  20007780    0000001e                 : timer.obj (.text:TimerEnable)
                  2000779e    0000001e                 : timer.obj (.text:TimerIntStatus)
                  200077bc    0000001e                 : uart.obj (.text:UARTCharPut)
                  200077da    0000001c                 : timer.obj (.text:TimerValueGet)
                  200077f6    0000001c                 : uart.obj (.text:UARTCharGetNonBlocking)
                  20007812    0000001c     rtsv7M4_T_le_eabi.lib : memccpy.obj (.text)
                  2000782e    0000001a     driverlib.a : gpio.obj (.text:GPIOIntEnable)
                  20007848    0000001a                 : pin.obj (.text:PinTypeUART)
                  20007862    00000018                 : timer.obj (.text:TimerIntDisable)
                  2000787a    00000018                 : timer.obj (.text:TimerIntEnable)
                  20007892    00000018                 : uart.obj (.text:UARTCharsAvail)
                  200078aa    00000002     --HOLE-- [fill = 0]
                  200078ac    00000018     rtsv7M4_T_le_eabi.lib : args_main.obj (.text)
                  200078c4    00000016     driverlib.a : prcm.obj (.text:PRCMHIBRegRead)
                  200078da    00000016                 : prcm.obj (.text:PRCMHIBRegWrite)
                  200078f0    00000016     rtsv7M4_T_le_eabi.lib : strchr.obj (.text)
                  20007906    00000014     driverlib.a : cpu.obj (.text:CPUcpsie)
                  2000791a    00000014                 : gpio.obj (.text:GPIOIntClear)
                  2000792e    00000002     --HOLE-- [fill = 0]
                  20007930    00000014                 : interrupt.obj (.text:IntVTableBaseSet)
                  20007944    00000014     rtsv7M4_T_le_eabi.lib : _lock.obj (.text)
                  20007958    00000014                           : strlen.obj (.text)
                  2000796c    00000012     driverlib.a : timer.obj (.text:TimerIntClear)
                  2000797e    0000000e     rtsv7M4_T_le_eabi.lib : copy_decompress_none.obj (.text:decompress:none)
                  2000798c    0000000e     startup_ccs.obj (.text)
                  2000799a    0000000c     rtsv7M4_T_le_eabi.lib : copy_zero_init.obj (.text:decompress:ZI)
                  200079a6    0000000a     driverlib.a : interrupt.obj (.text:IntMasterEnable)
                  200079b0    00000008     rtsv7M4_T_le_eabi.lib : s_copysign.obj (.text)
                  200079b8    00000006     driverlib.a : utils.obj (.text:UtilsDelay)
                  200079be    00000004     rtsv7M4_T_le_eabi.lib : pre_init.obj (.text)

.const     0    200079c4    00000400     
                  200079c4    00000101     rtsv7M4_T_le_eabi.lib : ctype.obj (.const:.string:_ctypes_)
                  20007ac5    00000003     --HOLE-- [fill = 0]
                  20007ac8    00000100     driverlib.a : pin.obj (.const:g_ulPinToPadMap)
                  20007bc8    000000d4                 : interrupt.obj (.const:g_pulRegs)
                  20007c9c    000000a8                 : prcm.obj (.const:PRCM_PeriphRegsList)
                  20007d44    00000080                 : interrupt.obj (.const)

.cinit     0    20007dc8    00000048     
                  20007dc8    00000023     (.cinit..data.load) [load image, compression = lzss]
                  20007deb    00000001     --HOLE-- [fill = 0]
                  20007dec    0000000c     (__TI_handler_table)
                  20007df8    00000008     (.cinit..bss.load) [load image, compression = zero_init]
                  20007e00    00000010     (__TI_cinit_table)

.sysmem    0    2001d000    00000800     UNINITIALIZED
                  2001d000    00000008     rtsv7M4_T_le_eabi.lib : memory.obj (.sysmem)
                  2001d008    000007f8     --HOLE--

.bss       0    2001d800    000000e4     UNINITIALIZED
                  2001d800    00000048     (.common:bitSequence)
                  2001d848    00000048     (.common:timeInterval)
                  2001d890    00000048     (.common:timeOfInterrupt)
                  2001d8d8    00000004     uart_if.obj (.bss)
                  2001d8dc    00000004     (.common:interruptCounter)
                  2001d8e0    00000004     (.common:time)

.data      0    2001d8e4    00000030     UNINITIALIZED
                  2001d8e4    0000000c     rtsv7M4_T_le_eabi.lib : exit.obj (.data:$O1$$)
                  2001d8f0    0000000c                           : memory.obj (.data:$O1$$)
                  2001d8fc    00000008                           : _lock.obj (.data:$O1$$)
                  2001d904    00000008     main.obj (.data:gpioin)
                  2001d90c    00000004     rtsv7M4_T_le_eabi.lib : errno.obj (.data)
                  2001d910    00000004                           : stkdepth_vars.obj (.data)

.stack     0    2003f800    00000800     UNINITIALIZED
                  2003f800    00000800     --HOLE--

MODULE SUMMARY

       Module                     code    ro data   rw data
       ------                     ----    -------   -------
    .\
       main.obj                   856     0         232    
       startup_ccs.obj            14      1024      0      
       uart_if.obj                640     0         4      
       timer_if.obj               408     0         0      
       pin_mux_config.obj         226     0         0      
    +--+--------------------------+-------+---------+---------+
       Total:                     2144    1024      236    
                                                           
    C:/ti/CC3200SDK_1.3.0/cc3200-sdk/driverlib/ccs/Release/driverlib.a
       prcm.obj                   800     168       0      
       interrupt.obj              520     340       0      
       timer.obj                  586     0         0      
       pin.obj                    274     256       0      
       gpio.obj                   366     0         0      
       uart.obj                   284     0         0      
       cpu.obj                    20      0         0      
       utils.obj                  6       0         0      
    +--+--------------------------+-------+---------+---------+
       Total:                     2856    764       0      
                                                           
    C:\ti\ccsv7\tools\compiler\ti-cgt-arm_16.9.6.LTS\lib\rtsv7M4_T_le_eabi.lib
       _printfi.obj               4386    0         0      
       memory.obj                 976     0         12     
       ull_div_t2.obj             500     0         0      
       fd_add_t2.obj              438     0         0      
       fd_div_t2.obj              310     0         0      
       fd_cmp_t2.obj              268     0         0      
       ctype.obj                  0       257       0      
       fd_mul_t2.obj              252     0         0      
       s_scalbn.obj               208     0         0      
       memcpy_t2.obj              156     0         0      
       vsnprintf.obj              136     0         0      
       memset_t2.obj              122     0         0      
       autoinit.obj               112     0         0      
       copy_decompress_lzss.obj   104     0         0      
       exit.obj                   84      0         12     
       s_frexp.obj                92      0         0      
       ltoa.obj                   84      0         0      
       atoi.obj                   76      0         0      
       cpy_tbl.obj                76      0         0      
       fd_toi_t2.obj              72      0         0      
       boot.obj                   64      0         0      
       i_tofd_t2.obj              46      0         0      
       memmov.obj                 36      0         0      
       _lock.obj                  20      0         8      
       memccpy.obj                28      0         0      
       args_main.obj              24      0         0      
       strchr.obj                 22      0         0      
       strlen.obj                 20      0         0      
       copy_decompress_none.obj   14      0         0      
       copy_zero_init.obj         12      0         0      
       s_copysign.obj             8       0         0      
       errno.obj                  0       0         4      
       pre_init.obj               4       0         0      
       stkdepth_vars.obj          0       0         4      
       mpu_init.obj               2       0         0      
       startup.obj                2       0         0      
    +--+--------------------------+-------+---------+---------+
       Total:                     8754    257       40     
                                                           
       Heap:                      0       0         2048   
       Stack:                     0       0         2048   
       Linker Generated:          0       71        0      
    +--+--------------------------+-------+---------+---------+
       Grand Total:               13754   2116      4372   


LINKER GENERATED COPY TABLES

__TI_cinit_table @ 20007e00 records: 2, size/record: 8, table size: 16
	.data: load addr=20007dc8, load size=00000023 bytes, run addr=2001d8e4, run size=00000030 bytes, compression=lzss
	.bss: load addr=20007df8, load size=00000008 bytes, run addr=2001d800, run size=000000e4 bytes, compression=zero_init


LINKER GENERATED HANDLER TABLE

__TI_handler_table @ 20007dec records: 3, size/record: 4, table size: 12
	index: 0, handler: __TI_decompress_lzss
	index: 1, handler: __TI_decompress_none
	index: 2, handler: __TI_zero_init


GLOBAL SYMBOLS: SORTED ALPHABETICALLY BY Name 

address   name                           
-------   ----                           
20007235  C$$EXIT                        
20007907  CPUcpsie                       
20005c8d  ClearTerm                      
20005c97  Error                          
20007505  GPIODirModeSet                 
2000791b  GPIOIntClear                   
2000782f  GPIOIntEnable                  
20007745  GPIOIntRegister                
200076e1  GPIOIntStatus                  
20006e09  GPIOIntTypeSet                 
20005ccf  GetCmd                         
20005c4d  InitTerm                       
2000696d  IntDisable                     
20006a15  IntEnable                      
200079a7  IntMasterEnable                
200071e1  IntPrioritySet                 
20007725  IntRegister                    
20007675  IntUnregister                  
20007931  IntVTableBaseSet               
20005c6b  Message                        
20006411  PRCMCC3200MCUInit              
200078c5  PRCMHIBRegRead                 
200078db  PRCMHIBRegWrite                
2000764d  PRCMPeripheralClkDisable       
200074c9  PRCMPeripheralClkEnable        
20006b59  PRCMPeripheralClockGet         
20007189  PRCMPeripheralReset            
200075cd  PRCMSysResetCauseGet           
20006bed  PinConfigSet                   
20007449  PinModeSet                     
200067bb  PinMuxConfig                   
2000753b  PinTypeGPIO                    
20007849  PinTypeUART                    
20005e0d  Report                         
2000798d  ResetISR                       
UNDEFED   SHT$$INIT_ARRAY$$Base          
UNDEFED   SHT$$INIT_ARRAY$$Limit         
20007405  TimerConfigure                 
20007763  TimerDisable                   
20007781  TimerEnable                    
2000796d  TimerIntClear                  
20007863  TimerIntDisable                
2000787b  TimerIntEnable                 
20006f7d  TimerIntRegister               
2000779f  TimerIntStatus                 
2000705d  TimerIntUnregister             
200075f9  TimerLoadSet                   
20007623  TimerPrescaleSet               
200077db  TimerValueGet                  
20007703  TimerValueSet                  
200063bf  Timer_IF_DeInit                
200063f1  Timer_IF_GetCount              
200062f9  Timer_IF_Init                  
2000632b  Timer_IF_IntSetup              
20006377  Timer_IF_InterruptClear        
200063d9  Timer_IF_ReLoad                
2000638f  Timer_IF_Start                 
200063af  Timer_IF_Stop                  
20005d75  TrimSpace                      
200077f7  UARTCharGetNonBlocking         
200077bd  UARTCharPut                    
20007893  UARTCharsAvail                 
20006f05  UARTConfigSetExpClk            
2000756d  UARTDisable                    
20007699  UARTEnable                     
200079b9  UtilsDelay                     
20040000  __STACK_END                    
00000800  __STACK_SIZE                   
00000800  __SYSMEM_SIZE                  
20007e00  __TI_CINIT_Base                
20007e10  __TI_CINIT_Limit               
20007dec  __TI_Handler_Table_Base        
20007df8  __TI_Handler_Table_Limit       
20006fed  __TI_auto_init                 
2001d8e4  __TI_cleanup_ptr               
200070c5  __TI_decompress_lzss           
2000797f  __TI_decompress_none           
2001d8e8  __TI_dtors_ptr                 
2001d8ec  __TI_enable_exit_profile_output
ffffffff  __TI_pprof_out_hndl            
20004c39  __TI_printfi                   
ffffffff  __TI_prof_data_size            
ffffffff  __TI_prof_data_start           
20007dc8  __TI_static_base__             
2000799b  __TI_zero_init                 
20006cfd  __aeabi_cdcmpeq                
20006cfd  __aeabi_cdcmple                
20006d83  __aeabi_cdrcmple               
200073bd  __aeabi_d2iz                   
200060cb  __aeabi_dadd                   
20006589  __aeabi_ddiv                   
200066bf  __aeabi_dmul                   
200060c1  __aeabi_dsub                   
2000759d  __aeabi_i2d                    
20006e8b  __aeabi_memclr                 
20006e8b  __aeabi_memclr4                
20006e8b  __aeabi_memclr8                
20006abd  __aeabi_memcpy                 
20006abd  __aeabi_memcpy4                
20006abd  __aeabi_memcpy8                
20006e8d  __aeabi_memset                 
20006e8d  __aeabi_memset4                
20006e8d  __aeabi_memset8                
20005ecd  __aeabi_uldivmod               
ffffffff  __binit__                      
ffffffff  __c_args__                     
20006277  __mpu_init                     
2003f800  __stack                        
200078ad  _args_main                     
20007489  _c_int00                       
200079c4  _ctypes_                       
2001d8fc  _lock                          
20007953  _nop                           
2000794b  _register_lock                 
20007945  _register_unlock               
2001d000  _sys_memory                    
20006f7b  _system_post_cinit             
200079bf  _system_pre_init               
2001d900  _unlock                        
20007239  abort                          
200072dd  atoi                           
ffffffff  binit                          
2001d800  bitSequence                    
200058c5  calloc                         
20007329  copy_in                        
200079b1  copysign                       
200079b1  copysignl                      
2001d90c  errno                          
20007241  exit                           
2000560f  free                           
2000712d  frexp                          
2000712d  frexpl                         
20004000  g_pfnVectors                   
200059bf  initializeArr                  
2001d8dc  interruptCounter               
2000689d  ldexp                          
2000689d  ldexpl                         
20007289  ltoa                           
20005a55  main                           
2001d910  main_func_sp                   
200055a5  malloc                         
200057d9  memalign                       
20007813  memccpy                        
20006abd  memcpy                         
200076bd  memmove                        
20006e93  memset                         
20005525  minit                          
200059fb  printArr                       
200056cf  realloc                        
2000689d  scalbn                         
2000689d  scalbnl                        
200078f1  strchr                         
20007959  strlen                         
2001d8e0  time                           
2001d848  timeInterval                   
2001d890  timeOfInterrupt                
20006c75  vsnprintf                      


GLOBAL SYMBOLS: SORTED BY Symbol Address 

address   name                           
-------   ----                           
00000800  __STACK_SIZE                   
00000800  __SYSMEM_SIZE                  
20004000  g_pfnVectors                   
20004c39  __TI_printfi                   
20005525  minit                          
200055a5  malloc                         
2000560f  free                           
200056cf  realloc                        
200057d9  memalign                       
200058c5  calloc                         
200059bf  initializeArr                  
200059fb  printArr                       
20005a55  main                           
20005c4d  InitTerm                       
20005c6b  Message                        
20005c8d  ClearTerm                      
20005c97  Error                          
20005ccf  GetCmd                         
20005d75  TrimSpace                      
20005e0d  Report                         
20005ecd  __aeabi_uldivmod               
200060c1  __aeabi_dsub                   
200060cb  __aeabi_dadd                   
20006277  __mpu_init                     
200062f9  Timer_IF_Init                  
2000632b  Timer_IF_IntSetup              
20006377  Timer_IF_InterruptClear        
2000638f  Timer_IF_Start                 
200063af  Timer_IF_Stop                  
200063bf  Timer_IF_DeInit                
200063d9  Timer_IF_ReLoad                
200063f1  Timer_IF_GetCount              
20006411  PRCMCC3200MCUInit              
20006589  __aeabi_ddiv                   
200066bf  __aeabi_dmul                   
200067bb  PinMuxConfig                   
2000689d  ldexp                          
2000689d  ldexpl                         
2000689d  scalbn                         
2000689d  scalbnl                        
2000696d  IntDisable                     
20006a15  IntEnable                      
20006abd  __aeabi_memcpy                 
20006abd  __aeabi_memcpy4                
20006abd  __aeabi_memcpy8                
20006abd  memcpy                         
20006b59  PRCMPeripheralClockGet         
20006bed  PinConfigSet                   
20006c75  vsnprintf                      
20006cfd  __aeabi_cdcmpeq                
20006cfd  __aeabi_cdcmple                
20006d83  __aeabi_cdrcmple               
20006e09  GPIOIntTypeSet                 
20006e8b  __aeabi_memclr                 
20006e8b  __aeabi_memclr4                
20006e8b  __aeabi_memclr8                
20006e8d  __aeabi_memset                 
20006e8d  __aeabi_memset4                
20006e8d  __aeabi_memset8                
20006e93  memset                         
20006f05  UARTConfigSetExpClk            
20006f7b  _system_post_cinit             
20006f7d  TimerIntRegister               
20006fed  __TI_auto_init                 
2000705d  TimerIntUnregister             
200070c5  __TI_decompress_lzss           
2000712d  frexp                          
2000712d  frexpl                         
20007189  PRCMPeripheralReset            
200071e1  IntPrioritySet                 
20007235  C$$EXIT                        
20007239  abort                          
20007241  exit                           
20007289  ltoa                           
200072dd  atoi                           
20007329  copy_in                        
200073bd  __aeabi_d2iz                   
20007405  TimerConfigure                 
20007449  PinModeSet                     
20007489  _c_int00                       
200074c9  PRCMPeripheralClkEnable        
20007505  GPIODirModeSet                 
2000753b  PinTypeGPIO                    
2000756d  UARTDisable                    
2000759d  __aeabi_i2d                    
200075cd  PRCMSysResetCauseGet           
200075f9  TimerLoadSet                   
20007623  TimerPrescaleSet               
2000764d  PRCMPeripheralClkDisable       
20007675  IntUnregister                  
20007699  UARTEnable                     
200076bd  memmove                        
200076e1  GPIOIntStatus                  
20007703  TimerValueSet                  
20007725  IntRegister                    
20007745  GPIOIntRegister                
20007763  TimerDisable                   
20007781  TimerEnable                    
2000779f  TimerIntStatus                 
200077bd  UARTCharPut                    
200077db  TimerValueGet                  
200077f7  UARTCharGetNonBlocking         
20007813  memccpy                        
2000782f  GPIOIntEnable                  
20007849  PinTypeUART                    
20007863  TimerIntDisable                
2000787b  TimerIntEnable                 
20007893  UARTCharsAvail                 
200078ad  _args_main                     
200078c5  PRCMHIBRegRead                 
200078db  PRCMHIBRegWrite                
200078f1  strchr                         
20007907  CPUcpsie                       
2000791b  GPIOIntClear                   
20007931  IntVTableBaseSet               
20007945  _register_unlock               
2000794b  _register_lock                 
20007953  _nop                           
20007959  strlen                         
2000796d  TimerIntClear                  
2000797f  __TI_decompress_none           
2000798d  ResetISR                       
2000799b  __TI_zero_init                 
200079a7  IntMasterEnable                
200079b1  copysign                       
200079b1  copysignl                      
200079b9  UtilsDelay                     
200079bf  _system_pre_init               
200079c4  _ctypes_                       
20007dc8  __TI_static_base__             
20007dec  __TI_Handler_Table_Base        
20007df8  __TI_Handler_Table_Limit       
20007e00  __TI_CINIT_Base                
20007e10  __TI_CINIT_Limit               
2001d000  _sys_memory                    
2001d800  bitSequence                    
2001d848  timeInterval                   
2001d890  timeOfInterrupt                
2001d8dc  interruptCounter               
2001d8e0  time                           
2001d8e4  __TI_cleanup_ptr               
2001d8e8  __TI_dtors_ptr                 
2001d8ec  __TI_enable_exit_profile_output
2001d8fc  _lock                          
2001d900  _unlock                        
2001d90c  errno                          
2001d910  main_func_sp                   
2003f800  __stack                        
20040000  __STACK_END                    
ffffffff  __TI_pprof_out_hndl            
ffffffff  __TI_prof_data_size            
ffffffff  __TI_prof_data_start           
ffffffff  __binit__                      
ffffffff  __c_args__                     
ffffffff  binit                          
UNDEFED   SHT$$INIT_ARRAY$$Base          
UNDEFED   SHT$$INIT_ARRAY$$Limit         

[157 symbols]
