******************************************************************************
                  TI ARM Linker PC v16.9.6                     
******************************************************************************
>> Linked Fri Feb 23 11:05:08 2018

OUTPUT FILE NAME:   <int_sw.out>
ENTRY POINT SYMBOL: "_c_int00"  address: 20008699


MEMORY CONFIGURATION

         name            origin    length      used     unused   attr    fill
----------------------  --------  ---------  --------  --------  ----  --------
  SRAM_CODE             20004000   00019000  00005538  00013ac8  RW X
  SRAM_DATA             2001d000   00023000  000017e8  00021818  RW X


SEGMENT ALLOCATION MAP

run origin  load origin   length   init length attrs members
----------  ----------- ---------- ----------- ----- -------
20004000    20004000    00005538   00005538    r-x
  20004000    20004000    00000400   00000400    r-- .intvecs
  20004400    20004400    00004874   00004874    r-x .text
  20008c74    20008c74    00000844   00000844    r-- .const
  200094b8    200094b8    00000080   00000080    r-- .cinit
2001d000    2001d000    00000fe8   00000000    rw-
  2001d000    2001d000    00000800   00000000    rw- .sysmem
  2001d800    2001d800    00000774   00000000    rw- .bss
  2001df74    2001df74    00000074   00000000    rw- .data
2003f800    2003f800    00000800   00000000    rw-
  2003f800    2003f800    00000800   00000000    rw- .stack


SECTION ALLOCATION MAP

 output                                  attributes/
section   page    origin      length       input sections
--------  ----  ----------  ----------   ----------------
.intvecs   0    20004000    00000400     
                  20004000    00000400     startup_ccs.obj (.intvecs)

.init_array 
*          0    20004000    00000000     UNINITIALIZED

.text      0    20004400    00004874     
                  20004400    00001122     rtsv7M4_T_le_eabi.lib : _printfi.obj (.text)
                  20005522    00000002                           : mpu_init.obj (.text)
                  20005524    00000a80     Adafruit_GFX.obj (.text)
                  20005fa4    000009d0     main.obj (.text)
                  20006974    00000476     Adafruit_OLED.obj (.text)
                  20006dea    00000002     rtsv7M4_T_le_eabi.lib : startup.obj (.text)
                  20006dec    000003d0                           : memory.obj (.text)
                  200071bc    00000280     uart_if.obj (.text)
                  2000743c    000001f4     rtsv7M4_T_le_eabi.lib : ull_div_t2.obj (.text)
                  20007630    000001b6                           : fd_add_t2.obj (.text)
                  200077e6    00000002     --HOLE-- [fill = 0]
                  200077e8    00000178     driverlib.a : prcm.obj (.text:PRCMCC3200MCUInit)
                  20007960    00000136     rtsv7M4_T_le_eabi.lib : fd_div_t2.obj (.text)
                  20007a96    00000002     --HOLE-- [fill = 0]
                  20007a98    00000118     pin_mux_config.obj (.text)
                  20007bb0    000000fc     rtsv7M4_T_le_eabi.lib : fd_mul_t2.obj (.text)
                  20007cac    000000d0                           : s_scalbn.obj (.text)
                  20007d7c    000000a8     driverlib.a : interrupt.obj (.text:IntEnable)
                  20007e24    000000a0                 : spi.obj (.text:SPIConfigSetExpClk)
                  20007ec4    0000009c     rtsv7M4_T_le_eabi.lib : memcpy_t2.obj (.text)
                  20007f60    00000094     driverlib.a : prcm.obj (.text:PRCMPeripheralClockGet)
                  20007ff4    00000088                 : pin.obj (.text:PinConfigSet)
                  2000807c    00000088     rtsv7M4_T_le_eabi.lib : vsnprintf.obj (.text)
                  20008104    00000086                           : fd_cmp_t2.obj (.text:__aeabi_cdcmple)
                  2000818a    00000086                           : fd_cmp_t2.obj (.text:__aeabi_cdrcmple)
                  20008210    0000007a                           : memset_t2.obj (.text)
                  2000828a    00000076     driverlib.a : uart.obj (.text:UARTConfigSetExpClk)
                  20008300    00000070     rtsv7M4_T_le_eabi.lib : autoinit.obj (.text)
                  20008370    00000068                           : copy_decompress_lzss.obj (.text:decompress:lzss)
                  200083d8    0000005c                           : s_frexp.obj (.text)
                  20008434    00000058     driverlib.a : prcm.obj (.text:PRCMPeripheralReset)
                  2000848c    00000054     rtsv7M4_T_le_eabi.lib : exit.obj (.text)
                  200084e0    00000054                           : ltoa.obj (.text)
                  20008534    0000004c                           : atoi.obj (.text)
                  20008580    0000004c                           : cpy_tbl.obj (.text)
                  200085cc    00000048                           : fd_toi_t2.obj (.text)
                  20008614    00000044     driverlib.a : uart.obj (.text:UARTIntNumberGet)
                  20008658    00000040                 : pin.obj (.text:PinModeSet)
                  20008698    00000040     rtsv7M4_T_le_eabi.lib : boot.obj (.text)
                  200086d8    0000003c     driverlib.a : prcm.obj (.text:PRCMPeripheralClkEnable)
                  20008714    00000036                 : gpio.obj (.text:GPIODirModeSet)
                  2000874a    00000030                 : pin.obj (.text:PinTypeGPIO)
                  2000877a    00000002     --HOLE-- [fill = 0]
                  2000877c    00000030                 : uart.obj (.text:UARTDisable)
                  200087ac    0000002e     rtsv7M4_T_le_eabi.lib : i_tofd_t2.obj (.text)
                  200087da    00000002     --HOLE-- [fill = 0]
                  200087dc    0000002c     driverlib.a : prcm.obj (.text:PRCMSysResetCauseGet)
                  20008808    00000028                 : prcm.obj (.text:PRCMPeripheralClkDisable)
                  20008830    00000024                 : uart.obj (.text:UARTEnable)
                  20008854    00000024     rtsv7M4_T_le_eabi.lib : memmov.obj (.text)
                  20008878    00000022     driverlib.a : spi.obj (.text:SPIReset)
                  2000889a    00000020                 : gpio.obj (.text:GPIOPinWrite)
                  200088ba    00000002     --HOLE-- [fill = 0]
                  200088bc    00000020                 : interrupt.obj (.text:IntRegister)
                  200088dc    00000020                 : spi.obj (.text:SPIDataGet)
                  200088fc    0000001e                 : spi.obj (.text:SPIDataPut)
                  2000891a    0000001e                 : timer.obj (.text:TimerIntStatus)
                  20008938    0000001e                 : uart.obj (.text:UARTCharPut)
                  20008956    0000001e                 : uart.obj (.text:UARTIntRegister)
                  20008974    0000001e                 : uart.obj (.text:UARTIntStatus)
                  20008992    00000002     --HOLE-- [fill = 0]
                  20008994    0000001c                 : systick.obj (.text:SysTickIntRegister)
                  200089b0    0000001c                 : uart.obj (.text:UARTCharGetNonBlocking)
                  200089cc    0000001c     rtsv7M4_T_le_eabi.lib : memccpy.obj (.text)
                  200089e8    0000001a     driverlib.a : pin.obj (.text:PinTypeSPI)
                  20008a02    0000001a                 : pin.obj (.text:PinTypeUART)
                  20008a1c    0000001a                 : spi.obj (.text:SPIFIFOEnable)
                  20008a36    00000018                 : spi.obj (.text:SPICSDisable)
                  20008a4e    00000018                 : spi.obj (.text:SPICSEnable)
                  20008a66    00000018                 : spi.obj (.text:SPIEnable)
                  20008a7e    00000002     --HOLE-- [fill = 0]
                  20008a80    00000018                 : systick.obj (.text:SysTickPeriodSet)
                  20008a98    00000018                 : uart.obj (.text:UARTCharsAvail)
                  20008ab0    00000018                 : uart.obj (.text:UARTIntDisable)
                  20008ac8    00000018                 : uart.obj (.text:UARTIntEnable)
                  20008ae0    00000018     rtsv7M4_T_le_eabi.lib : args_main.obj (.text)
                  20008af8    00000016     driverlib.a : prcm.obj (.text:PRCMHIBRegRead)
                  20008b0e    00000016                 : prcm.obj (.text:PRCMHIBRegWrite)
                  20008b24    00000016                 : uart.obj (.text:UARTCharGet)
                  20008b3a    00000016                 : uart.obj (.text:UARTFIFODisable)
                  20008b50    00000016                 : uart.obj (.text:UARTFIFOEnable)
                  20008b66    00000016     rtsv7M4_T_le_eabi.lib : strchr.obj (.text)
                  20008b7c    00000014     driverlib.a : cpu.obj (.text:CPUcpsie)
                  20008b90    00000014                 : interrupt.obj (.text:IntVTableBaseSet)
                  20008ba4    00000014     rtsv7M4_T_le_eabi.lib : _lock.obj (.text)
                  20008bb8    00000014                           : strlen.obj (.text)
                  20008bcc    00000012     driverlib.a : timer.obj (.text:TimerIntClear)
                  20008bde    00000012                 : uart.obj (.text:UARTIntClear)
                  20008bf0    00000010                 : systick.obj (.text:SysTickDisable)
                  20008c00    00000010                 : systick.obj (.text:SysTickEnable)
                  20008c10    00000010                 : systick.obj (.text:SysTickIntDisable)
                  20008c20    00000010                 : systick.obj (.text:SysTickIntEnable)
                  20008c30    0000000e     rtsv7M4_T_le_eabi.lib : copy_decompress_none.obj (.text:decompress:none)
                  20008c3e    0000000e     startup_ccs.obj (.text)
                  20008c4c    0000000c     rtsv7M4_T_le_eabi.lib : copy_zero_init.obj (.text:decompress:ZI)
                  20008c58    0000000a     driverlib.a : interrupt.obj (.text:IntMasterEnable)
                  20008c62    00000008     rtsv7M4_T_le_eabi.lib : s_copysign.obj (.text)
                  20008c6a    00000006     driverlib.a : utils.obj (.text:UtilsDelay)
                  20008c70    00000004     rtsv7M4_T_le_eabi.lib : pre_init.obj (.text)

.const     0    20008c74    00000844     
                  20008c74    000004fb     Adafruit_GFX.obj (.const:.string:font)
                  2000916f    00000101     rtsv7M4_T_le_eabi.lib : ctype.obj (.const:.string:_ctypes_)
                  20009270    00000100     driverlib.a : pin.obj (.const:g_ulPinToPadMap)
                  20009370    000000a8                 : prcm.obj (.const:PRCM_PeriphRegsList)
                  20009418    00000080                 : interrupt.obj (.const)
                  20009498    00000010     main.obj (.const:$P$T0$1)
                  200094a8    00000010     driverlib.a : uart.obj (.const)

.cinit     0    200094b8    00000080     
                  200094b8    00000056     (.cinit..data.load) [load image, compression = lzss]
                  2000950e    00000002     --HOLE-- [fill = 0]
                  20009510    0000000c     (__TI_handler_table)
                  2000951c    00000004     --HOLE-- [fill = 0]
                  20009520    00000008     (.cinit..bss.load) [load image, compression = zero_init]
                  20009528    00000010     (__TI_cinit_table)

.sysmem    0    2001d000    00000800     UNINITIALIZED
                  2001d000    00000008     rtsv7M4_T_le_eabi.lib : memory.obj (.sysmem)
                  2001d008    000007f8     --HOLE--

.bss       0    2001d800    00000774     UNINITIALIZED
                  2001d800    00000668     (.common:buffer)
                  2001de68    00000040     (.common:pressedButtons)
                  2001dea8    00000040     (.common:readBuffer)
                  2001dee8    00000040     (.common:receiverBuffer)
                  2001df28    00000020     (.common:power_all)
                  2001df48    00000004     uart_if.obj (.bss)
                  2001df4c    00000004     (.common:_readTime)
                  2001df50    00000004     (.common:_time)
                  2001df54    00000004     (.common:bPressed)
                  2001df58    00000004     (.common:charRead)
                  2001df5c    00000004     (.common:delFlag)
                  2001df60    00000004     (.common:fPressed)
                  2001df64    00000004     (.common:goertzelsFlag)
                  2001df68    00000004     (.common:new_dig)
                  2001df6c    00000004     (.common:receiverLineNumber)
                  2001df70    00000004     (.common:sysTickFlag)

.data      0    2001df74    00000074     UNINITIALIZED
                  2001df74    00000020     main.obj (.data:coeff)
                  2001df94    00000015     Adafruit_GFX.obj (.data)
                  2001dfa9    00000003     --HOLE--
                  2001dfac    0000000c     rtsv7M4_T_le_eabi.lib : exit.obj (.data:$O1$$)
                  2001dfb8    0000000c                           : memory.obj (.data:$O1$$)
                  2001dfc4    0000000c     main.obj (.data)
                  2001dfd0    00000008     rtsv7M4_T_le_eabi.lib : _lock.obj (.data:$O1$$)
                  2001dfd8    00000008     main.obj (.data:adc)
                  2001dfe0    00000004     rtsv7M4_T_le_eabi.lib : errno.obj (.data)
                  2001dfe4    00000004                           : stkdepth_vars.obj (.data)

.stack     0    2003f800    00000800     UNINITIALIZED
                  2003f800    00000800     --HOLE--

MODULE SUMMARY

       Module                     code    ro data   rw data
       ------                     ----    -------   -------
    .\
       main.obj                   2512    16        1956   
       Adafruit_GFX.obj           2688    1275      21     
       Adafruit_OLED.obj          1142    0         0      
       startup_ccs.obj            14      1024      0      
       uart_if.obj                640     0         4      
       pin_mux_config.obj         280     0         0      
    +--+--------------------------+-------+---------+---------+
       Total:                     7276    2315      1981   
                                                           
    C:/ti/CC3200SDK_1.3.0/cc3200-sdk/driverlib/ccs/Release/driverlib.a
       prcm.obj                   800     168       0      
       uart.obj                   544     16        0      
       pin.obj                    300     256       0      
       interrupt.obj              230     128       0      
       spi.obj                    354     0         0      
       systick.obj                116     0         0      
       gpio.obj                   86      0         0      
       timer.obj                  48      0         0      
       cpu.obj                    20      0         0      
       utils.obj                  6       0         0      
    +--+--------------------------+-------+---------+---------+
       Total:                     2504    568       0      
                                                           
    C:\ti\ccsv7\tools\compiler\ti-cgt-arm_16.9.6.LTS\lib\rtsv7M4_T_le_eabi.lib
       _printfi.obj               4386    0         0      
       memory.obj                 976     0         12     
       ull_div_t2.obj             500     0         0      
       fd_add_t2.obj              438     0         0      
       fd_div_t2.obj              310     0         0      
       fd_cmp_t2.obj              268     0         0      
       ctype.obj                  0       257       0      
       fd_mul_t2.obj              252     0         0      
       s_scalbn.obj               208     0         0      
       memcpy_t2.obj              156     0         0      
       vsnprintf.obj              136     0         0      
       memset_t2.obj              122     0         0      
       autoinit.obj               112     0         0      
       copy_decompress_lzss.obj   104     0         0      
       exit.obj                   84      0         12     
       s_frexp.obj                92      0         0      
       ltoa.obj                   84      0         0      
       atoi.obj                   76      0         0      
       cpy_tbl.obj                76      0         0      
       fd_toi_t2.obj              72      0         0      
       boot.obj                   64      0         0      
       i_tofd_t2.obj              46      0         0      
       memmov.obj                 36      0         0      
       _lock.obj                  20      0         8      
       memccpy.obj                28      0         0      
       args_main.obj              24      0         0      
       strchr.obj                 22      0         0      
       strlen.obj                 20      0         0      
       copy_decompress_none.obj   14      0         0      
       copy_zero_init.obj         12      0         0      
       s_copysign.obj             8       0         0      
       errno.obj                  0       0         4      
       pre_init.obj               4       0         0      
       stkdepth_vars.obj          0       0         4      
       mpu_init.obj               2       0         0      
       startup.obj                2       0         0      
    +--+--------------------------+-------+---------+---------+
       Total:                     8754    257       40     
                                                           
       Heap:                      0       0         2048   
       Stack:                     0       0         2048   
       Linker Generated:          0       122       0      
    +--+--------------------------+-------+---------+---------+
       Grand Total:               18534   3262      6117   


LINKER GENERATED COPY TABLES

__TI_cinit_table @ 20009528 records: 2, size/record: 8, table size: 16
	.data: load addr=200094b8, load size=00000056 bytes, run addr=2001df74, run size=00000074 bytes, compression=lzss
	.bss: load addr=20009520, load size=00000008 bytes, run addr=2001d800, run size=00000774 bytes, compression=zero_init


LINKER GENERATED HANDLER TABLE

__TI_handler_table @ 20009510 records: 3, size/record: 4, table size: 12
	index: 0, handler: __TI_decompress_lzss
	index: 1, handler: __TI_decompress_none
	index: 2, handler: __TI_zero_init


GLOBAL SYMBOLS: SORTED ALPHABETICALLY BY Name 

address   name                           
-------   ----                           
200069d5  Adafruit_Init                  
2000848d  C$$EXIT                        
20008b7d  CPUcpsie                       
200071fd  ClearTerm                      
20006b4b  Color565                       
200061cd  DisplayBanner                  
20007207  Error                          
20008715  GPIODirModeSet                 
2000889b  GPIOPinWrite                   
2000723f  GetCmd                         
200071bd  InitTerm                       
20007d7d  IntEnable                      
20008c59  IntMasterEnable                
200088bd  IntRegister                    
20008b91  IntVTableBaseSet               
2001dfc8  MAX_BUFFER_COUNT               
200071db  Message                        
20005ecf  Outstr                         
200077e9  PRCMCC3200MCUInit              
20008af9  PRCMHIBRegRead                 
20008b0f  PRCMHIBRegWrite                
20008809  PRCMPeripheralClkDisable       
200086d9  PRCMPeripheralClkEnable        
20007f61  PRCMPeripheralClockGet         
20008435  PRCMPeripheralReset            
200087dd  PRCMSysResetCauseGet           
20007ff5  PinConfigSet                   
20008659  PinModeSet                     
20007a99  PinMuxConfig                   
2000874b  PinTypeGPIO                    
200089e9  PinTypeSPI                     
20008a03  PinTypeUART                    
2000737d  Report                         
20008c3f  ResetISR                       
UNDEFED   SHT$$INIT_ARRAY$$Base          
UNDEFED   SHT$$INIT_ARRAY$$Limit         
20008a37  SPICSDisable                   
20008a4f  SPICSEnable                    
20007e25  SPIConfigSetExpClk             
200088dd  SPIDataGet                     
200088fd  SPIDataPut                     
20008a67  SPIEnable                      
20008a1d  SPIFIFOEnable                  
20008879  SPIReset                       
20006159  SPI_Init                       
20008bf1  SysTickDisable                 
20008c01  SysTickEnable                  
20008c11  SysTickIntDisable              
20008c21  SysTickIntEnable               
20008995  SysTickIntRegister             
20008a81  SysTickPeriodSet               
20008bcd  TimerIntClear                  
2000891b  TimerIntStatus                 
20005fa5  TimerRefIntHandler             
200072e5  TrimSpace                      
20008b25  UARTCharGet                    
200089b1  UARTCharGetNonBlocking         
20008939  UARTCharPut                    
20008a99  UARTCharsAvail                 
2000828b  UARTConfigSetExpClk            
2000877d  UARTDisable                    
20008831  UARTEnable                     
20008b3b  UARTFIFODisable                
20008b51  UARTFIFOEnable                 
20008bdf  UARTIntClear                   
20008ab1  UARTIntDisable                 
20008ac9  UARTIntEnable                  
20008957  UARTIntRegister                
20008975  UARTIntStatus                  
2000618b  UARTInt_Init                   
20008c6b  UtilsDelay                     
20040000  __STACK_END                    
00000800  __STACK_SIZE                   
00000800  __SYSMEM_SIZE                  
20009528  __TI_CINIT_Base                
20009538  __TI_CINIT_Limit               
20009510  __TI_Handler_Table_Base        
2000951c  __TI_Handler_Table_Limit       
20008301  __TI_auto_init                 
2001dfac  __TI_cleanup_ptr               
20008371  __TI_decompress_lzss           
20008c31  __TI_decompress_none           
2001dfb0  __TI_dtors_ptr                 
2001dfb4  __TI_enable_exit_profile_output
ffffffff  __TI_pprof_out_hndl            
20004c39  __TI_printfi                   
ffffffff  __TI_prof_data_size            
ffffffff  __TI_prof_data_start           
200094b8  __TI_static_base__             
20008c4d  __TI_zero_init                 
20008105  __aeabi_cdcmpeq                
20008105  __aeabi_cdcmple                
2000818b  __aeabi_cdrcmple               
200085cd  __aeabi_d2iz                   
2000763b  __aeabi_dadd                   
20007961  __aeabi_ddiv                   
20007bb1  __aeabi_dmul                   
20007631  __aeabi_dsub                   
200087ad  __aeabi_i2d                    
20008211  __aeabi_memclr                 
20008211  __aeabi_memclr4                
20008211  __aeabi_memclr8                
20007ec5  __aeabi_memcpy                 
20007ec5  __aeabi_memcpy4                
20007ec5  __aeabi_memcpy8                
20008213  __aeabi_memset                 
20008213  __aeabi_memset4                
20008213  __aeabi_memset8                
2000743d  __aeabi_uldivmod               
ffffffff  __binit__                      
ffffffff  __c_args__                     
20005523  __mpu_init                     
2003f800  __stack                        
20008ae1  _args_main                     
20008699  _c_int00                       
2000916f  _ctypes_                       
2001dfd0  _lock                          
20008bb3  _nop                           
2001df4c  _readTime                      
20008bab  _register_lock                 
20008ba5  _register_unlock               
2001d000  _sys_memory                    
20006deb  _system_post_cinit             
20008c71  _system_pre_init               
2001df50  _time                          
2001dfd4  _unlock                        
20008491  abort                          
20008535  atoi                           
2001df54  bPressed                       
ffffffff  binit                          
2001d800  buffer                         
2001dfcc  bufferCount                    
2000718d  calloc                         
2001dfc4  ch                             
2001df58  charRead                       
2001df74  coeff                          
20008581  copy_in                        
20008c63  copysign                       
20008c63  copysignl                      
2001df94  cursor_x                       
2001df98  cursor_y                       
2001df5c  delFlag                        
20005d83  drawChar                       
20005525  drawCircle                     
20005659  drawCircleHelper               
20006cf5  drawFastHLine                  
20006c59  drawFastVLine                  
2000589f  drawLine                       
20006d91  drawPixel                      
2000598b  drawRect                       
200059d9  drawRoundRect                  
20005b41  drawTriangle                   
2001dfe0  errno                          
20008499  exit                           
2001df60  fPressed                       
20005777  fillCircle                     
200057b1  fillCircleHelper               
20006ba3  fillRect                       
20005ac7  fillRoundRect                  
20006b8d  fillScreen                     
20005b83  fillTriangle                   
20006ed7  free                           
200083d9  frexp                          
200083d9  frexpl                         
20004000  g_pfnVectors                   
20006b07  goTo                           
20006201  goertzel                       
2001df64  goertzelsFlag                  
20005f83  height                         
20006019  initializeArr                  
20006dcf  invert                         
20007cad  ldexp                          
20007cad  ldexpl                         
200084e1  ltoa                           
20006439  main                           
2001dfe4  main_func_sp                   
20006e6d  malloc                         
200070a1  memalign                       
200089cd  memccpy                        
20007ec5  memcpy                         
20008855  memmove                        
20008219  memset                         
20006ded  minit                          
2001df68  new_dig                        
200062ad  post_test                      
2001df28  power_all                      
2001de68  pressedButtons                 
20006045  printArr                       
20006079  printBuffer                    
2001dea8  readBuffer                     
20006f97  realloc                        
200060eb  receiveMessage                 
2001dee8  receiverBuffer                 
2001df6c  receiverLineNumber             
20007cad  scalbn                         
20007cad  scalbnl                        
200060ad  sendMessage                    
20005f1b  setCursor                      
20005f53  setTextColor                   
20005f33  setTextSize                    
20005f6b  setTextWrap                    
20008b67  strchr                         
20008bb9  strlen                         
2001df70  sysTickFlag                    
2001dfa4  textbgcolor                    
2001dfa0  textcolor                      
2001df9c  textsize                       
20005ffb  timerInit                      
2000807d  vsnprintf                      
20005f7f  width                          
2001dfa8  wrap                           
20006975  writeCommand                   
200069a5  writeData                      


GLOBAL SYMBOLS: SORTED BY Symbol Address 

address   name                           
-------   ----                           
00000800  __STACK_SIZE                   
00000800  __SYSMEM_SIZE                  
20004000  g_pfnVectors                   
20004c39  __TI_printfi                   
20005523  __mpu_init                     
20005525  drawCircle                     
20005659  drawCircleHelper               
20005777  fillCircle                     
200057b1  fillCircleHelper               
2000589f  drawLine                       
2000598b  drawRect                       
200059d9  drawRoundRect                  
20005ac7  fillRoundRect                  
20005b41  drawTriangle                   
20005b83  fillTriangle                   
20005d83  drawChar                       
20005ecf  Outstr                         
20005f1b  setCursor                      
20005f33  setTextSize                    
20005f53  setTextColor                   
20005f6b  setTextWrap                    
20005f7f  width                          
20005f83  height                         
20005fa5  TimerRefIntHandler             
20005ffb  timerInit                      
20006019  initializeArr                  
20006045  printArr                       
20006079  printBuffer                    
200060ad  sendMessage                    
200060eb  receiveMessage                 
20006159  SPI_Init                       
2000618b  UARTInt_Init                   
200061cd  DisplayBanner                  
20006201  goertzel                       
200062ad  post_test                      
20006439  main                           
20006975  writeCommand                   
200069a5  writeData                      
200069d5  Adafruit_Init                  
20006b07  goTo                           
20006b4b  Color565                       
20006b8d  fillScreen                     
20006ba3  fillRect                       
20006c59  drawFastVLine                  
20006cf5  drawFastHLine                  
20006d91  drawPixel                      
20006dcf  invert                         
20006deb  _system_post_cinit             
20006ded  minit                          
20006e6d  malloc                         
20006ed7  free                           
20006f97  realloc                        
200070a1  memalign                       
2000718d  calloc                         
200071bd  InitTerm                       
200071db  Message                        
200071fd  ClearTerm                      
20007207  Error                          
2000723f  GetCmd                         
200072e5  TrimSpace                      
2000737d  Report                         
2000743d  __aeabi_uldivmod               
20007631  __aeabi_dsub                   
2000763b  __aeabi_dadd                   
200077e9  PRCMCC3200MCUInit              
20007961  __aeabi_ddiv                   
20007a99  PinMuxConfig                   
20007bb1  __aeabi_dmul                   
20007cad  ldexp                          
20007cad  ldexpl                         
20007cad  scalbn                         
20007cad  scalbnl                        
20007d7d  IntEnable                      
20007e25  SPIConfigSetExpClk             
20007ec5  __aeabi_memcpy                 
20007ec5  __aeabi_memcpy4                
20007ec5  __aeabi_memcpy8                
20007ec5  memcpy                         
20007f61  PRCMPeripheralClockGet         
20007ff5  PinConfigSet                   
2000807d  vsnprintf                      
20008105  __aeabi_cdcmpeq                
20008105  __aeabi_cdcmple                
2000818b  __aeabi_cdrcmple               
20008211  __aeabi_memclr                 
20008211  __aeabi_memclr4                
20008211  __aeabi_memclr8                
20008213  __aeabi_memset                 
20008213  __aeabi_memset4                
20008213  __aeabi_memset8                
20008219  memset                         
2000828b  UARTConfigSetExpClk            
20008301  __TI_auto_init                 
20008371  __TI_decompress_lzss           
200083d9  frexp                          
200083d9  frexpl                         
20008435  PRCMPeripheralReset            
2000848d  C$$EXIT                        
20008491  abort                          
20008499  exit                           
200084e1  ltoa                           
20008535  atoi                           
20008581  copy_in                        
200085cd  __aeabi_d2iz                   
20008659  PinModeSet                     
20008699  _c_int00                       
200086d9  PRCMPeripheralClkEnable        
20008715  GPIODirModeSet                 
2000874b  PinTypeGPIO                    
2000877d  UARTDisable                    
200087ad  __aeabi_i2d                    
200087dd  PRCMSysResetCauseGet           
20008809  PRCMPeripheralClkDisable       
20008831  UARTEnable                     
20008855  memmove                        
20008879  SPIReset                       
2000889b  GPIOPinWrite                   
200088bd  IntRegister                    
200088dd  SPIDataGet                     
200088fd  SPIDataPut                     
2000891b  TimerIntStatus                 
20008939  UARTCharPut                    
20008957  UARTIntRegister                
20008975  UARTIntStatus                  
20008995  SysTickIntRegister             
200089b1  UARTCharGetNonBlocking         
200089cd  memccpy                        
200089e9  PinTypeSPI                     
20008a03  PinTypeUART                    
20008a1d  SPIFIFOEnable                  
20008a37  SPICSDisable                   
20008a4f  SPICSEnable                    
20008a67  SPIEnable                      
20008a81  SysTickPeriodSet               
20008a99  UARTCharsAvail                 
20008ab1  UARTIntDisable                 
20008ac9  UARTIntEnable                  
20008ae1  _args_main                     
20008af9  PRCMHIBRegRead                 
20008b0f  PRCMHIBRegWrite                
20008b25  UARTCharGet                    
20008b3b  UARTFIFODisable                
20008b51  UARTFIFOEnable                 
20008b67  strchr                         
20008b7d  CPUcpsie                       
20008b91  IntVTableBaseSet               
20008ba5  _register_unlock               
20008bab  _register_lock                 
20008bb3  _nop                           
20008bb9  strlen                         
20008bcd  TimerIntClear                  
20008bdf  UARTIntClear                   
20008bf1  SysTickDisable                 
20008c01  SysTickEnable                  
20008c11  SysTickIntDisable              
20008c21  SysTickIntEnable               
20008c31  __TI_decompress_none           
20008c3f  ResetISR                       
20008c4d  __TI_zero_init                 
20008c59  IntMasterEnable                
20008c63  copysign                       
20008c63  copysignl                      
20008c6b  UtilsDelay                     
20008c71  _system_pre_init               
2000916f  _ctypes_                       
200094b8  __TI_static_base__             
20009510  __TI_Handler_Table_Base        
2000951c  __TI_Handler_Table_Limit       
20009528  __TI_CINIT_Base                
20009538  __TI_CINIT_Limit               
2001d000  _sys_memory                    
2001d800  buffer                         
2001de68  pressedButtons                 
2001dea8  readBuffer                     
2001dee8  receiverBuffer                 
2001df28  power_all                      
2001df4c  _readTime                      
2001df50  _time                          
2001df54  bPressed                       
2001df58  charRead                       
2001df5c  delFlag                        
2001df60  fPressed                       
2001df64  goertzelsFlag                  
2001df68  new_dig                        
2001df6c  receiverLineNumber             
2001df70  sysTickFlag                    
2001df74  coeff                          
2001df94  cursor_x                       
2001df98  cursor_y                       
2001df9c  textsize                       
2001dfa0  textcolor                      
2001dfa4  textbgcolor                    
2001dfa8  wrap                           
2001dfac  __TI_cleanup_ptr               
2001dfb0  __TI_dtors_ptr                 
2001dfb4  __TI_enable_exit_profile_output
2001dfc4  ch                             
2001dfc8  MAX_BUFFER_COUNT               
2001dfcc  bufferCount                    
2001dfd0  _lock                          
2001dfd4  _unlock                        
2001dfe0  errno                          
2001dfe4  main_func_sp                   
2003f800  __stack                        
20040000  __STACK_END                    
ffffffff  __TI_pprof_out_hndl            
ffffffff  __TI_prof_data_size            
ffffffff  __TI_prof_data_start           
ffffffff  __binit__                      
ffffffff  __c_args__                     
ffffffff  binit                          
UNDEFED   SHT$$INIT_ARRAY$$Base          
UNDEFED   SHT$$INIT_ARRAY$$Limit         

[213 symbols]
