<?xml version="1.0"?>
<link_info>
   <banner>TI ARM Linker PC v16.9.6.LTS</banner>
   <copyright>Copyright (c) 1996-2017 Texas Instruments Incorporated</copyright>
   <link_time>0x5a7b8d26</link_time>
   <link_errors>0x0</link_errors>
   <output_file>int_sw.out</output_file>
   <entry_point>
      <name>_c_int00</name>
      <address>0x20007489</address>
   </entry_point>
   <input_file_list>
      <input_file id="fl-2">
         <path>.\</path>
         <kind>object</kind>
         <file>main.obj</file>
         <name>main.obj</name>
      </input_file>
      <input_file id="fl-3">
         <path>.\</path>
         <kind>object</kind>
         <file>pin_mux_config.obj</file>
         <name>pin_mux_config.obj</name>
      </input_file>
      <input_file id="fl-4">
         <path>.\</path>
         <kind>object</kind>
         <file>startup_ccs.obj</file>
         <name>startup_ccs.obj</name>
      </input_file>
      <input_file id="fl-5">
         <path>.\</path>
         <kind>object</kind>
         <file>timer_if.obj</file>
         <name>timer_if.obj</name>
      </input_file>
      <input_file id="fl-6">
         <path>.\</path>
         <kind>object</kind>
         <file>uart_if.obj</file>
         <name>uart_if.obj</name>
      </input_file>
      <input_file id="fl-b">
         <kind>object</kind>
         <file>&lt;internal&gt;</file>
         <name>&lt;internal&gt;</name>
      </input_file>
      <input_file id="fl-c1">
         <path>C:\ti\ccsv7\tools\compiler\ti-cgt-arm_16.9.6.LTS\lib\</path>
         <kind>archive</kind>
         <file>rtsv7M4_T_le_eabi.lib</file>
         <name>boot.obj</name>
      </input_file>
      <input_file id="fl-c2">
         <path>C:\ti\ccsv7\tools\compiler\ti-cgt-arm_16.9.6.LTS\lib\</path>
         <kind>archive</kind>
         <file>rtsv7M4_T_le_eabi.lib</file>
         <name>copy_decompress_lzss.obj</name>
      </input_file>
      <input_file id="fl-c3">
         <path>C:\ti\ccsv7\tools\compiler\ti-cgt-arm_16.9.6.LTS\lib\</path>
         <kind>archive</kind>
         <file>rtsv7M4_T_le_eabi.lib</file>
         <name>copy_decompress_none.obj</name>
      </input_file>
      <input_file id="fl-c4">
         <path>C:\ti\ccsv7\tools\compiler\ti-cgt-arm_16.9.6.LTS\lib\</path>
         <kind>archive</kind>
         <file>rtsv7M4_T_le_eabi.lib</file>
         <name>copy_zero_init.obj</name>
      </input_file>
      <input_file id="fl-c5">
         <path>C:\ti\ccsv7\tools\compiler\ti-cgt-arm_16.9.6.LTS\lib\</path>
         <kind>archive</kind>
         <file>rtsv7M4_T_le_eabi.lib</file>
         <name>exit.obj</name>
      </input_file>
      <input_file id="fl-c6">
         <path>C:\ti\ccsv7\tools\compiler\ti-cgt-arm_16.9.6.LTS\lib\</path>
         <kind>archive</kind>
         <file>rtsv7M4_T_le_eabi.lib</file>
         <name>memcpy_t2.obj</name>
      </input_file>
      <input_file id="fl-c7">
         <path>C:\ti\ccsv7\tools\compiler\ti-cgt-arm_16.9.6.LTS\lib\</path>
         <kind>archive</kind>
         <file>rtsv7M4_T_le_eabi.lib</file>
         <name>memmov.obj</name>
      </input_file>
      <input_file id="fl-c8">
         <path>C:\ti\ccsv7\tools\compiler\ti-cgt-arm_16.9.6.LTS\lib\</path>
         <kind>archive</kind>
         <file>rtsv7M4_T_le_eabi.lib</file>
         <name>memory.obj</name>
      </input_file>
      <input_file id="fl-c9">
         <path>C:\ti\ccsv7\tools\compiler\ti-cgt-arm_16.9.6.LTS\lib\</path>
         <kind>archive</kind>
         <file>rtsv7M4_T_le_eabi.lib</file>
         <name>memset_t2.obj</name>
      </input_file>
      <input_file id="fl-ca">
         <path>C:\ti\ccsv7\tools\compiler\ti-cgt-arm_16.9.6.LTS\lib\</path>
         <kind>archive</kind>
         <file>rtsv7M4_T_le_eabi.lib</file>
         <name>mpu_init.obj</name>
      </input_file>
      <input_file id="fl-cb">
         <path>C:\ti\ccsv7\tools\compiler\ti-cgt-arm_16.9.6.LTS\lib\</path>
         <kind>archive</kind>
         <file>rtsv7M4_T_le_eabi.lib</file>
         <name>pre_init.obj</name>
      </input_file>
      <input_file id="fl-cc">
         <path>C:\ti\ccsv7\tools\compiler\ti-cgt-arm_16.9.6.LTS\lib\</path>
         <kind>archive</kind>
         <file>rtsv7M4_T_le_eabi.lib</file>
         <name>stkdepth_vars.obj</name>
      </input_file>
      <input_file id="fl-cd">
         <path>C:\ti\ccsv7\tools\compiler\ti-cgt-arm_16.9.6.LTS\lib\</path>
         <kind>archive</kind>
         <file>rtsv7M4_T_le_eabi.lib</file>
         <name>strlen.obj</name>
      </input_file>
      <input_file id="fl-ce">
         <path>C:\ti\ccsv7\tools\compiler\ti-cgt-arm_16.9.6.LTS\lib\</path>
         <kind>archive</kind>
         <file>rtsv7M4_T_le_eabi.lib</file>
         <name>vsnprintf.obj</name>
      </input_file>
      <input_file id="fl-cf">
         <path>C:\ti\ccsv7\tools\compiler\ti-cgt-arm_16.9.6.LTS\lib\</path>
         <kind>archive</kind>
         <file>rtsv7M4_T_le_eabi.lib</file>
         <name>_lock.obj</name>
      </input_file>
      <input_file id="fl-d0">
         <path>C:\ti\ccsv7\tools\compiler\ti-cgt-arm_16.9.6.LTS\lib\</path>
         <kind>archive</kind>
         <file>rtsv7M4_T_le_eabi.lib</file>
         <name>_printfi.obj</name>
      </input_file>
      <input_file id="fl-d1">
         <path>C:\ti\ccsv7\tools\compiler\ti-cgt-arm_16.9.6.LTS\lib\</path>
         <kind>archive</kind>
         <file>rtsv7M4_T_le_eabi.lib</file>
         <name>args_main.obj</name>
      </input_file>
      <input_file id="fl-d2">
         <path>C:\ti\ccsv7\tools\compiler\ti-cgt-arm_16.9.6.LTS\lib\</path>
         <kind>archive</kind>
         <file>rtsv7M4_T_le_eabi.lib</file>
         <name>atoi.obj</name>
      </input_file>
      <input_file id="fl-d3">
         <path>C:\ti\ccsv7\tools\compiler\ti-cgt-arm_16.9.6.LTS\lib\</path>
         <kind>archive</kind>
         <file>rtsv7M4_T_le_eabi.lib</file>
         <name>autoinit.obj</name>
      </input_file>
      <input_file id="fl-d4">
         <path>C:\ti\ccsv7\tools\compiler\ti-cgt-arm_16.9.6.LTS\lib\</path>
         <kind>archive</kind>
         <file>rtsv7M4_T_le_eabi.lib</file>
         <name>cpy_tbl.obj</name>
      </input_file>
      <input_file id="fl-d5">
         <path>C:\ti\ccsv7\tools\compiler\ti-cgt-arm_16.9.6.LTS\lib\</path>
         <kind>archive</kind>
         <file>rtsv7M4_T_le_eabi.lib</file>
         <name>ctype.obj</name>
      </input_file>
      <input_file id="fl-d6">
         <path>C:\ti\ccsv7\tools\compiler\ti-cgt-arm_16.9.6.LTS\lib\</path>
         <kind>archive</kind>
         <file>rtsv7M4_T_le_eabi.lib</file>
         <name>fd_add_t2.obj</name>
      </input_file>
      <input_file id="fl-d7">
         <path>C:\ti\ccsv7\tools\compiler\ti-cgt-arm_16.9.6.LTS\lib\</path>
         <kind>archive</kind>
         <file>rtsv7M4_T_le_eabi.lib</file>
         <name>fd_cmp_t2.obj</name>
      </input_file>
      <input_file id="fl-d8">
         <path>C:\ti\ccsv7\tools\compiler\ti-cgt-arm_16.9.6.LTS\lib\</path>
         <kind>archive</kind>
         <file>rtsv7M4_T_le_eabi.lib</file>
         <name>fd_div_t2.obj</name>
      </input_file>
      <input_file id="fl-d9">
         <path>C:\ti\ccsv7\tools\compiler\ti-cgt-arm_16.9.6.LTS\lib\</path>
         <kind>archive</kind>
         <file>rtsv7M4_T_le_eabi.lib</file>
         <name>fd_mul_t2.obj</name>
      </input_file>
      <input_file id="fl-da">
         <path>C:\ti\ccsv7\tools\compiler\ti-cgt-arm_16.9.6.LTS\lib\</path>
         <kind>archive</kind>
         <file>rtsv7M4_T_le_eabi.lib</file>
         <name>fd_toi_t2.obj</name>
      </input_file>
      <input_file id="fl-db">
         <path>C:\ti\ccsv7\tools\compiler\ti-cgt-arm_16.9.6.LTS\lib\</path>
         <kind>archive</kind>
         <file>rtsv7M4_T_le_eabi.lib</file>
         <name>i_tofd_t2.obj</name>
      </input_file>
      <input_file id="fl-dc">
         <path>C:\ti\ccsv7\tools\compiler\ti-cgt-arm_16.9.6.LTS\lib\</path>
         <kind>archive</kind>
         <file>rtsv7M4_T_le_eabi.lib</file>
         <name>ltoa.obj</name>
      </input_file>
      <input_file id="fl-dd">
         <path>C:\ti\ccsv7\tools\compiler\ti-cgt-arm_16.9.6.LTS\lib\</path>
         <kind>archive</kind>
         <file>rtsv7M4_T_le_eabi.lib</file>
         <name>memccpy.obj</name>
      </input_file>
      <input_file id="fl-de">
         <path>C:\ti\ccsv7\tools\compiler\ti-cgt-arm_16.9.6.LTS\lib\</path>
         <kind>archive</kind>
         <file>rtsv7M4_T_le_eabi.lib</file>
         <name>s_frexp.obj</name>
      </input_file>
      <input_file id="fl-df">
         <path>C:\ti\ccsv7\tools\compiler\ti-cgt-arm_16.9.6.LTS\lib\</path>
         <kind>archive</kind>
         <file>rtsv7M4_T_le_eabi.lib</file>
         <name>s_scalbn.obj</name>
      </input_file>
      <input_file id="fl-e0">
         <path>C:\ti\ccsv7\tools\compiler\ti-cgt-arm_16.9.6.LTS\lib\</path>
         <kind>archive</kind>
         <file>rtsv7M4_T_le_eabi.lib</file>
         <name>startup.obj</name>
      </input_file>
      <input_file id="fl-e1">
         <path>C:\ti\ccsv7\tools\compiler\ti-cgt-arm_16.9.6.LTS\lib\</path>
         <kind>archive</kind>
         <file>rtsv7M4_T_le_eabi.lib</file>
         <name>strchr.obj</name>
      </input_file>
      <input_file id="fl-e2">
         <path>C:\ti\ccsv7\tools\compiler\ti-cgt-arm_16.9.6.LTS\lib\</path>
         <kind>archive</kind>
         <file>rtsv7M4_T_le_eabi.lib</file>
         <name>ull_div_t2.obj</name>
      </input_file>
      <input_file id="fl-e3">
         <path>C:\ti\ccsv7\tools\compiler\ti-cgt-arm_16.9.6.LTS\lib\</path>
         <kind>archive</kind>
         <file>rtsv7M4_T_le_eabi.lib</file>
         <name>errno.obj</name>
      </input_file>
      <input_file id="fl-e4">
         <path>C:\ti\ccsv7\tools\compiler\ti-cgt-arm_16.9.6.LTS\lib\</path>
         <kind>archive</kind>
         <file>rtsv7M4_T_le_eabi.lib</file>
         <name>s_copysign.obj</name>
      </input_file>
      <input_file id="fl-e5">
         <path>C:\ti\CC3200SDK_1.3.0\cc3200-sdk\driverlib\ccs\Release\</path>
         <kind>archive</kind>
         <file>driverlib.a</file>
         <name>gpio.obj</name>
      </input_file>
      <input_file id="fl-e6">
         <path>C:\ti\CC3200SDK_1.3.0\cc3200-sdk\driverlib\ccs\Release\</path>
         <kind>archive</kind>
         <file>driverlib.a</file>
         <name>interrupt.obj</name>
      </input_file>
      <input_file id="fl-e7">
         <path>C:\ti\CC3200SDK_1.3.0\cc3200-sdk\driverlib\ccs\Release\</path>
         <kind>archive</kind>
         <file>driverlib.a</file>
         <name>pin.obj</name>
      </input_file>
      <input_file id="fl-e8">
         <path>C:\ti\CC3200SDK_1.3.0\cc3200-sdk\driverlib\ccs\Release\</path>
         <kind>archive</kind>
         <file>driverlib.a</file>
         <name>prcm.obj</name>
      </input_file>
      <input_file id="fl-e9">
         <path>C:\ti\CC3200SDK_1.3.0\cc3200-sdk\driverlib\ccs\Release\</path>
         <kind>archive</kind>
         <file>driverlib.a</file>
         <name>timer.obj</name>
      </input_file>
      <input_file id="fl-ea">
         <path>C:\ti\CC3200SDK_1.3.0\cc3200-sdk\driverlib\ccs\Release\</path>
         <kind>archive</kind>
         <file>driverlib.a</file>
         <name>uart.obj</name>
      </input_file>
      <input_file id="fl-eb">
         <path>C:\ti\CC3200SDK_1.3.0\cc3200-sdk\driverlib\ccs\Release\</path>
         <kind>archive</kind>
         <file>driverlib.a</file>
         <name>utils.obj</name>
      </input_file>
      <input_file id="fl-ec">
         <path>C:\ti\CC3200SDK_1.3.0\cc3200-sdk\driverlib\ccs\Release\</path>
         <kind>archive</kind>
         <file>driverlib.a</file>
         <name>cpu.obj</name>
      </input_file>
      <input_file id="fl-ed">
         <path>C:\ti\CC3200SDK_1.3.0\cc3200-sdk\driverlib\ccs\Release\</path>
         <kind>archive</kind>
         <file>driverlib.a</file>
         <name>flash.obj</name>
      </input_file>
   </input_file_list>
   <object_component_list>
      <object_component id="oc-f">
         <name>.intvecs</name>
         <load_address>0x20004000</load_address>
         <run_address>0x20004000</run_address>
         <size>0x400</size>
         <input_file_ref idref="fl-4"/>
      </object_component>
      <object_component id="oc-274">
         <name>.text</name>
         <load_address>0x20004400</load_address>
         <run_address>0x20004400</run_address>
         <size>0x1122</size>
         <input_file_ref idref="fl-d0"/>
      </object_component>
      <object_component id="oc-339">
         <name>.text:IntDefaultHandler</name>
         <load_address>0x20005522</load_address>
         <run_address>0x20005522</run_address>
         <size>0x2</size>
         <input_file_ref idref="fl-e6"/>
      </object_component>
      <object_component id="oc-1c1">
         <name>.text</name>
         <load_address>0x20005524</load_address>
         <run_address>0x20005524</run_address>
         <size>0x3d0</size>
         <input_file_ref idref="fl-c8"/>
      </object_component>
      <object_component id="oc-a8">
         <name>.text</name>
         <load_address>0x200058f4</load_address>
         <run_address>0x200058f4</run_address>
         <size>0x358</size>
         <input_file_ref idref="fl-2"/>
      </object_component>
      <object_component id="oc-102">
         <name>.text</name>
         <load_address>0x20005c4c</load_address>
         <run_address>0x20005c4c</run_address>
         <size>0x280</size>
         <input_file_ref idref="fl-6"/>
      </object_component>
      <object_component id="oc-2d0">
         <name>.text</name>
         <load_address>0x20005ecc</load_address>
         <run_address>0x20005ecc</run_address>
         <size>0x1f4</size>
         <input_file_ref idref="fl-e2"/>
      </object_component>
      <object_component id="oc-2f9">
         <name>.text</name>
         <load_address>0x200060c0</load_address>
         <run_address>0x200060c0</run_address>
         <size>0x1b6</size>
         <input_file_ref idref="fl-d6"/>
      </object_component>
      <object_component id="oc-59">
         <name>.text</name>
         <load_address>0x20006276</load_address>
         <run_address>0x20006276</run_address>
         <size>0x2</size>
         <input_file_ref idref="fl-ca"/>
      </object_component>
      <object_component id="oc-10e">
         <name>.text</name>
         <load_address>0x20006278</load_address>
         <run_address>0x20006278</run_address>
         <size>0x198</size>
         <input_file_ref idref="fl-5"/>
      </object_component>
      <object_component id="oc-fc">
         <name>.text:PRCMCC3200MCUInit</name>
         <load_address>0x20006410</load_address>
         <run_address>0x20006410</run_address>
         <size>0x178</size>
         <input_file_ref idref="fl-e8"/>
      </object_component>
      <object_component id="oc-2df">
         <name>.text</name>
         <load_address>0x20006588</load_address>
         <run_address>0x20006588</run_address>
         <size>0x136</size>
         <input_file_ref idref="fl-d8"/>
      </object_component>
      <object_component id="oc-2da">
         <name>.text</name>
         <load_address>0x200066be</load_address>
         <run_address>0x200066be</run_address>
         <size>0xfc</size>
         <input_file_ref idref="fl-d9"/>
      </object_component>
      <object_component id="oc-108">
         <name>.text</name>
         <load_address>0x200067ba</load_address>
         <run_address>0x200067ba</run_address>
         <size>0xe2</size>
         <input_file_ref idref="fl-3"/>
      </object_component>
      <object_component id="oc-304">
         <name>.text</name>
         <load_address>0x2000689c</load_address>
         <run_address>0x2000689c</run_address>
         <size>0xd0</size>
         <input_file_ref idref="fl-df"/>
      </object_component>
      <object_component id="oc-2b0">
         <name>.text:IntDisable</name>
         <load_address>0x2000696c</load_address>
         <run_address>0x2000696c</run_address>
         <size>0xa8</size>
         <input_file_ref idref="fl-e6"/>
      </object_component>
      <object_component id="oc-f6">
         <name>.text:IntEnable</name>
         <load_address>0x20006a14</load_address>
         <run_address>0x20006a14</run_address>
         <size>0xa8</size>
         <input_file_ref idref="fl-e6"/>
      </object_component>
      <object_component id="oc-41">
         <name>.text</name>
         <load_address>0x20006abc</load_address>
         <run_address>0x20006abc</run_address>
         <size>0x9c</size>
         <input_file_ref idref="fl-c6"/>
      </object_component>
      <object_component id="oc-191">
         <name>.text:PRCMPeripheralClockGet</name>
         <load_address>0x20006b58</load_address>
         <run_address>0x20006b58</run_address>
         <size>0x94</size>
         <input_file_ref idref="fl-e8"/>
      </object_component>
      <object_component id="oc-298">
         <name>.text:PinConfigSet</name>
         <load_address>0x20006bec</load_address>
         <run_address>0x20006bec</run_address>
         <size>0x88</size>
         <input_file_ref idref="fl-e7"/>
      </object_component>
      <object_component id="oc-1a3">
         <name>.text</name>
         <load_address>0x20006c74</load_address>
         <run_address>0x20006c74</run_address>
         <size>0x88</size>
         <input_file_ref idref="fl-ce"/>
      </object_component>
      <object_component id="oc-2d5">
         <name>.text:__aeabi_cdcmple</name>
         <load_address>0x20006cfc</load_address>
         <run_address>0x20006cfc</run_address>
         <size>0x86</size>
         <input_file_ref idref="fl-d7"/>
      </object_component>
      <object_component id="oc-2e4">
         <name>.text:__aeabi_cdrcmple</name>
         <load_address>0x20006d82</load_address>
         <run_address>0x20006d82</run_address>
         <size>0x86</size>
         <input_file_ref idref="fl-d7"/>
      </object_component>
      <object_component id="oc-11a">
         <name>.text:GPIOIntTypeSet</name>
         <load_address>0x20006e08</load_address>
         <run_address>0x20006e08</run_address>
         <size>0x82</size>
         <input_file_ref idref="fl-e5"/>
      </object_component>
      <object_component id="oc-4d">
         <name>.text</name>
         <load_address>0x20006e8a</load_address>
         <run_address>0x20006e8a</run_address>
         <size>0x7a</size>
         <input_file_ref idref="fl-c9"/>
      </object_component>
      <object_component id="oc-197">
         <name>.text:UARTConfigSetExpClk</name>
         <load_address>0x20006f04</load_address>
         <run_address>0x20006f04</run_address>
         <size>0x76</size>
         <input_file_ref idref="fl-ea"/>
      </object_component>
      <object_component id="oc-a0">
         <name>.text</name>
         <load_address>0x20006f7a</load_address>
         <run_address>0x20006f7a</run_address>
         <size>0x2</size>
         <input_file_ref idref="fl-e0"/>
      </object_component>
      <object_component id="oc-201">
         <name>.text:TimerIntRegister</name>
         <load_address>0x20006f7c</load_address>
         <run_address>0x20006f7c</run_address>
         <size>0x70</size>
         <input_file_ref idref="fl-e9"/>
      </object_component>
      <object_component id="oc-65">
         <name>.text</name>
         <load_address>0x20006fec</load_address>
         <run_address>0x20006fec</run_address>
         <size>0x70</size>
         <input_file_ref idref="fl-d3"/>
      </object_component>
      <object_component id="oc-231">
         <name>.text:TimerIntUnregister</name>
         <load_address>0x2000705c</load_address>
         <run_address>0x2000705c</run_address>
         <size>0x68</size>
         <input_file_ref idref="fl-e9"/>
      </object_component>
      <object_component id="oc-12">
         <name>.text:decompress:lzss</name>
         <load_address>0x200070c4</load_address>
         <run_address>0x200070c4</run_address>
         <size>0x68</size>
         <input_file_ref idref="fl-c2"/>
      </object_component>
      <object_component id="oc-2fe">
         <name>.text</name>
         <load_address>0x2000712c</load_address>
         <run_address>0x2000712c</run_address>
         <size>0x5c</size>
         <input_file_ref idref="fl-de"/>
      </object_component>
      <object_component id="oc-184">
         <name>.text:PRCMPeripheralReset</name>
         <load_address>0x20007188</load_address>
         <run_address>0x20007188</run_address>
         <size>0x58</size>
         <input_file_ref idref="fl-e8"/>
      </object_component>
      <object_component id="oc-1fb">
         <name>.text:IntPrioritySet</name>
         <load_address>0x200071e0</load_address>
         <run_address>0x200071e0</run_address>
         <size>0x54</size>
         <input_file_ref idref="fl-e6"/>
      </object_component>
      <object_component id="oc-71">
         <name>.text</name>
         <load_address>0x20007234</load_address>
         <run_address>0x20007234</run_address>
         <size>0x54</size>
         <input_file_ref idref="fl-c5"/>
      </object_component>
      <object_component id="oc-2ee">
         <name>.text</name>
         <load_address>0x20007288</load_address>
         <run_address>0x20007288</run_address>
         <size>0x54</size>
         <input_file_ref idref="fl-dc"/>
      </object_component>
      <object_component id="oc-310">
         <name>.text</name>
         <load_address>0x200072dc</load_address>
         <run_address>0x200072dc</run_address>
         <size>0x4c</size>
         <input_file_ref idref="fl-d2"/>
      </object_component>
      <object_component id="oc-9a">
         <name>.text</name>
         <load_address>0x20007328</load_address>
         <run_address>0x20007328</run_address>
         <size>0x4c</size>
         <input_file_ref idref="fl-d4"/>
      </object_component>
      <object_component id="oc-239">
         <name>.text:GPIOGetIntNumber</name>
         <load_address>0x20007374</load_address>
         <run_address>0x20007374</run_address>
         <size>0x48</size>
         <input_file_ref idref="fl-e5"/>
      </object_component>
      <object_component id="oc-2e9">
         <name>.text</name>
         <load_address>0x200073bc</load_address>
         <run_address>0x200073bc</run_address>
         <size>0x48</size>
         <input_file_ref idref="fl-da"/>
      </object_component>
      <object_component id="oc-1ef">
         <name>.text:TimerConfigure</name>
         <load_address>0x20007404</load_address>
         <run_address>0x20007404</run_address>
         <size>0x44</size>
         <input_file_ref idref="fl-e9"/>
      </object_component>
      <object_component id="oc-1d6">
         <name>.text:PinModeSet</name>
         <load_address>0x20007448</load_address>
         <run_address>0x20007448</run_address>
         <size>0x40</size>
         <input_file_ref idref="fl-e7"/>
      </object_component>
      <object_component id="oc-24">
         <name>.text</name>
         <load_address>0x20007488</load_address>
         <run_address>0x20007488</run_address>
         <size>0x40</size>
         <input_file_ref idref="fl-c1"/>
      </object_component>
      <object_component id="oc-17e">
         <name>.text:PRCMPeripheralClkEnable</name>
         <load_address>0x200074c8</load_address>
         <run_address>0x200074c8</run_address>
         <size>0x3c</size>
         <input_file_ref idref="fl-e8"/>
      </object_component>
      <object_component id="oc-1e2">
         <name>.text:GPIODirModeSet</name>
         <load_address>0x20007504</load_address>
         <run_address>0x20007504</run_address>
         <size>0x36</size>
         <input_file_ref idref="fl-e5"/>
      </object_component>
      <object_component id="oc-1dc">
         <name>.text:PinTypeGPIO</name>
         <load_address>0x2000753a</load_address>
         <run_address>0x2000753a</run_address>
         <size>0x30</size>
         <input_file_ref idref="fl-e7"/>
      </object_component>
      <object_component id="oc-266">
         <name>.text:UARTDisable</name>
         <load_address>0x2000756c</load_address>
         <run_address>0x2000756c</run_address>
         <size>0x30</size>
         <input_file_ref idref="fl-ea"/>
      </object_component>
      <object_component id="oc-2f4">
         <name>.text</name>
         <load_address>0x2000759c</load_address>
         <run_address>0x2000759c</run_address>
         <size>0x2e</size>
         <input_file_ref idref="fl-db"/>
      </object_component>
      <object_component id="oc-16c">
         <name>.text:PRCMSysResetCauseGet</name>
         <load_address>0x200075cc</load_address>
         <run_address>0x200075cc</run_address>
         <size>0x2c</size>
         <input_file_ref idref="fl-e8"/>
      </object_component>
      <object_component id="oc-219">
         <name>.text:TimerLoadSet</name>
         <load_address>0x200075f8</load_address>
         <run_address>0x200075f8</run_address>
         <size>0x2a</size>
         <input_file_ref idref="fl-e9"/>
      </object_component>
      <object_component id="oc-1f5">
         <name>.text:TimerPrescaleSet</name>
         <load_address>0x20007622</load_address>
         <run_address>0x20007622</run_address>
         <size>0x2a</size>
         <input_file_ref idref="fl-e9"/>
      </object_component>
      <object_component id="oc-18a">
         <name>.text:PRCMPeripheralClkDisable</name>
         <load_address>0x2000764c</load_address>
         <run_address>0x2000764c</run_address>
         <size>0x28</size>
         <input_file_ref idref="fl-e8"/>
      </object_component>
      <object_component id="oc-2b6">
         <name>.text:IntUnregister</name>
         <load_address>0x20007674</load_address>
         <run_address>0x20007674</run_address>
         <size>0x24</size>
         <input_file_ref idref="fl-e6"/>
      </object_component>
      <object_component id="oc-26c">
         <name>.text:UARTEnable</name>
         <load_address>0x20007698</load_address>
         <run_address>0x20007698</run_address>
         <size>0x24</size>
         <input_file_ref idref="fl-ea"/>
      </object_component>
      <object_component id="oc-1bb">
         <name>.text</name>
         <load_address>0x200076bc</load_address>
         <run_address>0x200076bc</run_address>
         <size>0x24</size>
         <input_file_ref idref="fl-c7"/>
      </object_component>
      <object_component id="oc-d8">
         <name>.text:GPIOIntStatus</name>
         <load_address>0x200076e0</load_address>
         <run_address>0x200076e0</run_address>
         <size>0x22</size>
         <input_file_ref idref="fl-e5"/>
      </object_component>
      <object_component id="oc-126">
         <name>.text:TimerValueSet</name>
         <load_address>0x20007702</load_address>
         <run_address>0x20007702</run_address>
         <size>0x22</size>
         <input_file_ref idref="fl-e9"/>
      </object_component>
      <object_component id="oc-23f">
         <name>.text:IntRegister</name>
         <load_address>0x20007724</load_address>
         <run_address>0x20007724</run_address>
         <size>0x20</size>
         <input_file_ref idref="fl-e6"/>
      </object_component>
      <object_component id="oc-114">
         <name>.text:GPIOIntRegister</name>
         <load_address>0x20007744</load_address>
         <run_address>0x20007744</run_address>
         <size>0x1e</size>
         <input_file_ref idref="fl-e5"/>
      </object_component>
      <object_component id="oc-225">
         <name>.text:TimerDisable</name>
         <load_address>0x20007762</load_address>
         <run_address>0x20007762</run_address>
         <size>0x1e</size>
         <input_file_ref idref="fl-e9"/>
      </object_component>
      <object_component id="oc-21f">
         <name>.text:TimerEnable</name>
         <load_address>0x20007780</load_address>
         <run_address>0x20007780</run_address>
         <size>0x1e</size>
         <input_file_ref idref="fl-e9"/>
      </object_component>
      <object_component id="oc-20d">
         <name>.text:TimerIntStatus</name>
         <load_address>0x2000779e</load_address>
         <run_address>0x2000779e</run_address>
         <size>0x1e</size>
         <input_file_ref idref="fl-e9"/>
      </object_component>
      <object_component id="oc-19d">
         <name>.text:UARTCharPut</name>
         <load_address>0x200077bc</load_address>
         <run_address>0x200077bc</run_address>
         <size>0x1e</size>
         <input_file_ref idref="fl-ea"/>
      </object_component>
      <object_component id="oc-e4">
         <name>.text:TimerValueGet</name>
         <load_address>0x200077da</load_address>
         <run_address>0x200077da</run_address>
         <size>0x1c</size>
         <input_file_ref idref="fl-e9"/>
      </object_component>
      <object_component id="oc-1af">
         <name>.text:UARTCharGetNonBlocking</name>
         <load_address>0x200077f6</load_address>
         <run_address>0x200077f6</run_address>
         <size>0x1c</size>
         <input_file_ref idref="fl-ea"/>
      </object_component>
      <object_component id="oc-316">
         <name>.text</name>
         <load_address>0x20007812</load_address>
         <run_address>0x20007812</run_address>
         <size>0x1c</size>
         <input_file_ref idref="fl-dd"/>
      </object_component>
      <object_component id="oc-120">
         <name>.text:GPIOIntEnable</name>
         <load_address>0x2000782e</load_address>
         <run_address>0x2000782e</run_address>
         <size>0x1a</size>
         <input_file_ref idref="fl-e5"/>
      </object_component>
      <object_component id="oc-1e8">
         <name>.text:PinTypeUART</name>
         <load_address>0x20007848</load_address>
         <run_address>0x20007848</run_address>
         <size>0x1a</size>
         <input_file_ref idref="fl-e7"/>
      </object_component>
      <object_component id="oc-22b">
         <name>.text:TimerIntDisable</name>
         <load_address>0x20007862</load_address>
         <run_address>0x20007862</run_address>
         <size>0x18</size>
         <input_file_ref idref="fl-e9"/>
      </object_component>
      <object_component id="oc-207">
         <name>.text:TimerIntEnable</name>
         <load_address>0x2000787a</load_address>
         <run_address>0x2000787a</run_address>
         <size>0x18</size>
         <input_file_ref idref="fl-e9"/>
      </object_component>
      <object_component id="oc-1a9">
         <name>.text:UARTCharsAvail</name>
         <load_address>0x20007892</load_address>
         <run_address>0x20007892</run_address>
         <size>0x18</size>
         <input_file_ref idref="fl-ea"/>
      </object_component>
      <object_component id="oc-6b">
         <name>.text</name>
         <load_address>0x200078ac</load_address>
         <run_address>0x200078ac</run_address>
         <size>0x18</size>
         <input_file_ref idref="fl-d1"/>
      </object_component>
      <object_component id="oc-172">
         <name>.text:PRCMHIBRegRead</name>
         <load_address>0x200078c4</load_address>
         <run_address>0x200078c4</run_address>
         <size>0x16</size>
         <input_file_ref idref="fl-e8"/>
      </object_component>
      <object_component id="oc-178">
         <name>.text:PRCMHIBRegWrite</name>
         <load_address>0x200078da</load_address>
         <run_address>0x200078da</run_address>
         <size>0x16</size>
         <input_file_ref idref="fl-e8"/>
      </object_component>
      <object_component id="oc-30a">
         <name>.text</name>
         <load_address>0x200078f0</load_address>
         <run_address>0x200078f0</run_address>
         <size>0x16</size>
         <input_file_ref idref="fl-e1"/>
      </object_component>
      <object_component id="oc-161">
         <name>.text:CPUcpsie</name>
         <load_address>0x20007906</load_address>
         <run_address>0x20007906</run_address>
         <size>0x14</size>
         <input_file_ref idref="fl-ec"/>
      </object_component>
      <object_component id="oc-de">
         <name>.text:GPIOIntClear</name>
         <load_address>0x2000791a</load_address>
         <run_address>0x2000791a</run_address>
         <size>0x14</size>
         <input_file_ref idref="fl-e5"/>
      </object_component>
      <object_component id="oc-ea">
         <name>.text:IntVTableBaseSet</name>
         <load_address>0x20007930</load_address>
         <run_address>0x20007930</run_address>
         <size>0x14</size>
         <input_file_ref idref="fl-e6"/>
      </object_component>
      <object_component id="oc-140">
         <name>.text</name>
         <load_address>0x20007944</load_address>
         <run_address>0x20007944</run_address>
         <size>0x14</size>
         <input_file_ref idref="fl-cf"/>
      </object_component>
      <object_component id="oc-1b5">
         <name>.text</name>
         <load_address>0x20007958</load_address>
         <run_address>0x20007958</run_address>
         <size>0x14</size>
         <input_file_ref idref="fl-cd"/>
      </object_component>
      <object_component id="oc-213">
         <name>.text:TimerIntClear</name>
         <load_address>0x2000796c</load_address>
         <run_address>0x2000796c</run_address>
         <size>0x12</size>
         <input_file_ref idref="fl-e9"/>
      </object_component>
      <object_component id="oc-18">
         <name>.text:decompress:none</name>
         <load_address>0x2000797e</load_address>
         <run_address>0x2000797e</run_address>
         <size>0xe</size>
         <input_file_ref idref="fl-c3"/>
      </object_component>
      <object_component id="oc-2d">
         <name>.text</name>
         <load_address>0x2000798c</load_address>
         <run_address>0x2000798c</run_address>
         <size>0xe</size>
         <input_file_ref idref="fl-4"/>
      </object_component>
      <object_component id="oc-1e">
         <name>.text:decompress:ZI</name>
         <load_address>0x2000799a</load_address>
         <run_address>0x2000799a</run_address>
         <size>0xc</size>
         <input_file_ref idref="fl-c4"/>
      </object_component>
      <object_component id="oc-f0">
         <name>.text:IntMasterEnable</name>
         <load_address>0x200079a6</load_address>
         <run_address>0x200079a6</run_address>
         <size>0xa</size>
         <input_file_ref idref="fl-e6"/>
      </object_component>
      <object_component id="oc-351">
         <name>.text</name>
         <load_address>0x200079b0</load_address>
         <run_address>0x200079b0</run_address>
         <size>0x8</size>
         <input_file_ref idref="fl-e4"/>
      </object_component>
      <object_component id="oc-25b">
         <name>.text:UtilsDelay</name>
         <load_address>0x200079b8</load_address>
         <run_address>0x200079b8</run_address>
         <size>0x6</size>
         <input_file_ref idref="fl-eb"/>
      </object_component>
      <object_component id="oc-5f">
         <name>.text</name>
         <load_address>0x200079be</load_address>
         <run_address>0x200079be</run_address>
         <size>0x4</size>
         <input_file_ref idref="fl-cb"/>
      </object_component>
      <object_component id="oc-35e">
         <name>.const:.string:_ctypes_</name>
         <load_address>0x200079c4</load_address>
         <run_address>0x200079c4</run_address>
         <size>0x101</size>
         <input_file_ref idref="fl-d5"/>
      </object_component>
      <object_component id="oc-294">
         <name>.const:g_ulPinToPadMap</name>
         <load_address>0x20007ac8</load_address>
         <run_address>0x20007ac8</run_address>
         <size>0x100</size>
         <input_file_ref idref="fl-e7"/>
      </object_component>
      <object_component id="oc-2a3">
         <name>.const:g_pulRegs</name>
         <load_address>0x20007bc8</load_address>
         <run_address>0x20007bc8</run_address>
         <size>0xd4</size>
         <input_file_ref idref="fl-e6"/>
      </object_component>
      <object_component id="oc-25e">
         <name>.const:PRCM_PeriphRegsList</name>
         <load_address>0x20007c9c</load_address>
         <run_address>0x20007c9c</run_address>
         <size>0xa8</size>
         <input_file_ref idref="fl-e8"/>
      </object_component>
      <object_component id="oc-168">
         <name>.const</name>
         <load_address>0x20007d44</load_address>
         <run_address>0x20007d44</run_address>
         <size>0x80</size>
         <input_file_ref idref="fl-e6"/>
      </object_component>
      <object_component id="oc-3a4">
         <name>.cinit..data.load</name>
         <load_address>0x20007dc8</load_address>
         <run_address>0x20007dc8</run_address>
         <size>0x23</size>
      </object_component>
      <object_component id="oc-3a2">
         <name>__TI_handler_table</name>
         <load_address>0x20007dec</load_address>
         <run_address>0x20007dec</run_address>
         <size>0xc</size>
      </object_component>
      <object_component id="oc-3a5">
         <name>.cinit..bss.load</name>
         <load_address>0x20007df8</load_address>
         <run_address>0x20007df8</run_address>
         <size>0x8</size>
      </object_component>
      <object_component id="oc-3a3">
         <name>__TI_cinit_table</name>
         <load_address>0x20007e00</load_address>
         <run_address>0x20007e00</run_address>
         <size>0x10</size>
      </object_component>
      <object_component id="oc-12f">
         <name>.data:gpioin</name>
         <load_address>0x2001d904</load_address>
         <run_address>0x2001d904</run_address>
         <size>0x8</size>
         <input_file_ref idref="fl-2"/>
      </object_component>
      <object_component id="oc-b0">
         <name>.data:$O1$$</name>
         <load_address>0x2001d8e4</load_address>
         <run_address>0x2001d8e4</run_address>
         <size>0xc</size>
         <input_file_ref idref="fl-c5"/>
      </object_component>
      <object_component id="oc-28c">
         <name>.data:$O1$$</name>
         <load_address>0x2001d8f0</load_address>
         <run_address>0x2001d8f0</run_address>
         <size>0xc</size>
         <input_file_ref idref="fl-c8"/>
      </object_component>
      <object_component id="oc-77">
         <name>.data</name>
         <load_address>0x2001d910</load_address>
         <run_address>0x2001d910</run_address>
         <size>0x4</size>
         <input_file_ref idref="fl-cc"/>
      </object_component>
      <object_component id="oc-b3">
         <name>.data:$O1$$</name>
         <load_address>0x2001d8fc</load_address>
         <run_address>0x2001d8fc</run_address>
         <size>0x8</size>
         <input_file_ref idref="fl-cf"/>
      </object_component>
      <object_component id="oc-357">
         <name>.data</name>
         <load_address>0x2001d90c</load_address>
         <run_address>0x2001d90c</run_address>
         <size>0x4</size>
         <input_file_ref idref="fl-e3"/>
      </object_component>
      <object_component id="oc-1c7">
         <name>.bss</name>
         <uninitialized>true</uninitialized>
         <run_address>0x2001d8d8</run_address>
         <size>0x4</size>
         <input_file_ref idref="fl-6"/>
      </object_component>
      <object_component id="oc-132">
         <name>.common:time</name>
         <uninitialized>true</uninitialized>
         <run_address>0x2001d8e0</run_address>
         <size>0x4</size>
      </object_component>
      <object_component id="oc-12c">
         <name>.common:interruptCounter</name>
         <uninitialized>true</uninitialized>
         <run_address>0x2001d8dc</run_address>
         <size>0x4</size>
      </object_component>
      <object_component id="oc-134">
         <name>.common:timeInterval</name>
         <uninitialized>true</uninitialized>
         <run_address>0x2001d848</run_address>
         <size>0x48</size>
      </object_component>
      <object_component id="oc-133">
         <name>.common:timeOfInterrupt</name>
         <uninitialized>true</uninitialized>
         <run_address>0x2001d890</run_address>
         <size>0x48</size>
      </object_component>
      <object_component id="oc-135">
         <name>.common:bitSequence</name>
         <uninitialized>true</uninitialized>
         <run_address>0x2001d800</run_address>
         <size>0x48</size>
      </object_component>
      <object_component id="oc-2a">
         <name>.sysmem</name>
         <uninitialized>true</uninitialized>
         <run_address>0x2001d000</run_address>
         <size>0x8</size>
         <input_file_ref idref="fl-c8"/>
      </object_component>
      <object_component id="oc-3a7">
         <name>.sysmem</name>
         <uninitialized>true</uninitialized>
         <run_address>0x2001d000</run_address>
         <size>0x0</size>
      </object_component>
      <object_component id="oc-29">
         <name>.stack</name>
         <uninitialized>true</uninitialized>
         <run_address>0x2003f800</run_address>
         <size>0x0</size>
         <input_file_ref idref="fl-c1"/>
      </object_component>
      <object_component id="oc-3a6">
         <name>.stack</name>
         <uninitialized>true</uninitialized>
         <run_address>0x2003f800</run_address>
         <size>0x0</size>
      </object_component>
      <object_component id="oc-12d">
         <name>.debug_info</name>
         <load_address>0x0</load_address>
         <run_address>0x0</run_address>
         <size>0x611</size>
         <input_file_ref idref="fl-2"/>
      </object_component>
      <object_component id="oc-130">
         <name>.debug_info</name>
         <load_address>0x611</load_address>
         <run_address>0x611</run_address>
         <size>0xc5</size>
         <input_file_ref idref="fl-2"/>
      </object_component>
      <object_component id="oc-aa">
         <name>.debug_info</name>
         <load_address>0x6d6</load_address>
         <run_address>0x6d6</run_address>
         <size>0x4bd</size>
         <input_file_ref idref="fl-2"/>
      </object_component>
      <object_component id="oc-24e">
         <name>.debug_info</name>
         <load_address>0xb93</load_address>
         <run_address>0xb93</run_address>
         <size>0x62</size>
         <input_file_ref idref="fl-2"/>
      </object_component>
      <object_component id="oc-2c9">
         <name>.debug_info</name>
         <load_address>0xbf5</load_address>
         <run_address>0xbf5</run_address>
         <size>0x62</size>
         <input_file_ref idref="fl-2"/>
      </object_component>
      <object_component id="oc-3c">
         <name>.debug_info</name>
         <load_address>0xc57</load_address>
         <run_address>0xc57</run_address>
         <size>0x84</size>
         <input_file_ref idref="fl-2"/>
      </object_component>
      <object_component id="oc-159">
         <name>.debug_info</name>
         <load_address>0xcdb</load_address>
         <run_address>0xcdb</run_address>
         <size>0x2c</size>
         <input_file_ref idref="fl-2"/>
      </object_component>
      <object_component id="oc-1cc">
         <name>.debug_info</name>
         <load_address>0xd07</load_address>
         <run_address>0xd07</run_address>
         <size>0x4e</size>
         <input_file_ref idref="fl-2"/>
      </object_component>
      <object_component id="oc-109">
         <name>.debug_info</name>
         <load_address>0xd55</load_address>
         <run_address>0xd55</run_address>
         <size>0x306</size>
         <input_file_ref idref="fl-3"/>
      </object_component>
      <object_component id="oc-35">
         <name>.debug_info</name>
         <load_address>0x105b</load_address>
         <run_address>0x105b</run_address>
         <size>0x187</size>
         <input_file_ref idref="fl-4"/>
      </object_component>
      <object_component id="oc-10">
         <name>.debug_info</name>
         <load_address>0x11e2</load_address>
         <run_address>0x11e2</run_address>
         <size>0x106</size>
         <input_file_ref idref="fl-4"/>
      </object_component>
      <object_component id="oc-2e">
         <name>.debug_info</name>
         <load_address>0x12e8</load_address>
         <run_address>0x12e8</run_address>
         <size>0x427</size>
         <input_file_ref idref="fl-4"/>
      </object_component>
      <object_component id="oc-238">
         <name>.debug_info</name>
         <load_address>0x170f</load_address>
         <run_address>0x170f</run_address>
         <size>0x44c</size>
         <input_file_ref idref="fl-5"/>
      </object_component>
      <object_component id="oc-110">
         <name>.debug_info</name>
         <load_address>0x1b5b</load_address>
         <run_address>0x1b5b</run_address>
         <size>0x9fc</size>
         <input_file_ref idref="fl-5"/>
      </object_component>
      <object_component id="oc-1cb">
         <name>.debug_info</name>
         <load_address>0x2557</load_address>
         <run_address>0x2557</run_address>
         <size>0x3bc</size>
         <input_file_ref idref="fl-6"/>
      </object_component>
      <object_component id="oc-1c8">
         <name>.debug_info</name>
         <load_address>0x2913</load_address>
         <run_address>0x2913</run_address>
         <size>0xd0</size>
         <input_file_ref idref="fl-6"/>
      </object_component>
      <object_component id="oc-104">
         <name>.debug_info</name>
         <load_address>0x29e3</load_address>
         <run_address>0x29e3</run_address>
         <size>0x636</size>
         <input_file_ref idref="fl-6"/>
      </object_component>
      <object_component id="oc-1d1">
         <name>.debug_info</name>
         <load_address>0x3019</load_address>
         <run_address>0x3019</run_address>
         <size>0x110</size>
         <input_file_ref idref="fl-6"/>
      </object_component>
      <object_component id="oc-26">
         <name>.debug_info</name>
         <load_address>0x3129</load_address>
         <run_address>0x3129</run_address>
         <size>0x160</size>
         <input_file_ref idref="fl-c1"/>
      </object_component>
      <object_component id="oc-87">
         <name>.debug_info</name>
         <load_address>0x3289</load_address>
         <run_address>0x3289</run_address>
         <size>0x165</size>
         <input_file_ref idref="fl-c2"/>
      </object_component>
      <object_component id="oc-16">
         <name>.debug_info</name>
         <load_address>0x33ee</load_address>
         <run_address>0x33ee</run_address>
         <size>0x245</size>
         <input_file_ref idref="fl-c2"/>
      </object_component>
      <object_component id="oc-37">
         <name>.debug_info</name>
         <load_address>0x3633</load_address>
         <run_address>0x3633</run_address>
         <size>0x60</size>
         <input_file_ref idref="fl-c2"/>
      </object_component>
      <object_component id="oc-82">
         <name>.debug_info</name>
         <load_address>0x3693</load_address>
         <run_address>0x3693</run_address>
         <size>0x46</size>
         <input_file_ref idref="fl-c2"/>
      </object_component>
      <object_component id="oc-4c">
         <name>.debug_info</name>
         <load_address>0x36d9</load_address>
         <run_address>0x36d9</run_address>
         <size>0x1ac</size>
         <input_file_ref idref="fl-c3"/>
      </object_component>
      <object_component id="oc-1b">
         <name>.debug_info</name>
         <load_address>0x3885</load_address>
         <run_address>0x3885</run_address>
         <size>0x1df</size>
         <input_file_ref idref="fl-c3"/>
      </object_component>
      <object_component id="oc-47">
         <name>.debug_info</name>
         <load_address>0x3a64</load_address>
         <run_address>0x3a64</run_address>
         <size>0x46</size>
         <input_file_ref idref="fl-c3"/>
      </object_component>
      <object_component id="oc-89">
         <name>.debug_info</name>
         <load_address>0x3aaa</load_address>
         <run_address>0x3aaa</run_address>
         <size>0x2c</size>
         <input_file_ref idref="fl-c3"/>
      </object_component>
      <object_component id="oc-58">
         <name>.debug_info</name>
         <load_address>0x3ad6</load_address>
         <run_address>0x3ad6</run_address>
         <size>0x19b</size>
         <input_file_ref idref="fl-c4"/>
      </object_component>
      <object_component id="oc-1f">
         <name>.debug_info</name>
         <load_address>0x3c71</load_address>
         <run_address>0x3c71</run_address>
         <size>0x1aa</size>
         <input_file_ref idref="fl-c4"/>
      </object_component>
      <object_component id="oc-53">
         <name>.debug_info</name>
         <load_address>0x3e1b</load_address>
         <run_address>0x3e1b</run_address>
         <size>0x46</size>
         <input_file_ref idref="fl-c4"/>
      </object_component>
      <object_component id="oc-91">
         <name>.debug_info</name>
         <load_address>0x3e61</load_address>
         <run_address>0x3e61</run_address>
         <size>0x2c</size>
         <input_file_ref idref="fl-c4"/>
      </object_component>
      <object_component id="oc-b7">
         <name>.debug_info</name>
         <load_address>0x3e8d</load_address>
         <run_address>0x3e8d</run_address>
         <size>0x2a0</size>
         <input_file_ref idref="fl-c5"/>
      </object_component>
      <object_component id="oc-b1">
         <name>.debug_info</name>
         <load_address>0x412d</load_address>
         <run_address>0x412d</run_address>
         <size>0x185</size>
         <input_file_ref idref="fl-c5"/>
      </object_component>
      <object_component id="oc-75">
         <name>.debug_info</name>
         <load_address>0x42b2</load_address>
         <run_address>0x42b2</run_address>
         <size>0x214</size>
         <input_file_ref idref="fl-c5"/>
      </object_component>
      <object_component id="oc-44">
         <name>.debug_info</name>
         <load_address>0x44c6</load_address>
         <run_address>0x44c6</run_address>
         <size>0x111</size>
         <input_file_ref idref="fl-c6"/>
      </object_component>
      <object_component id="oc-28b">
         <name>.debug_info</name>
         <load_address>0x45d7</load_address>
         <run_address>0x45d7</run_address>
         <size>0x198</size>
         <input_file_ref idref="fl-c7"/>
      </object_component>
      <object_component id="oc-1bd">
         <name>.debug_info</name>
         <load_address>0x476f</load_address>
         <run_address>0x476f</run_address>
         <size>0x1ab</size>
         <input_file_ref idref="fl-c7"/>
      </object_component>
      <object_component id="oc-7d">
         <name>.debug_info</name>
         <load_address>0x491a</load_address>
         <run_address>0x491a</run_address>
         <size>0x28e</size>
         <input_file_ref idref="fl-c8"/>
      </object_component>
      <object_component id="oc-2b">
         <name>.debug_info</name>
         <load_address>0x4ba8</load_address>
         <run_address>0x4ba8</run_address>
         <size>0x101</size>
         <input_file_ref idref="fl-c8"/>
      </object_component>
      <object_component id="oc-28d">
         <name>.debug_info</name>
         <load_address>0x4ca9</load_address>
         <run_address>0x4ca9</run_address>
         <size>0x14c</size>
         <input_file_ref idref="fl-c8"/>
      </object_component>
      <object_component id="oc-1c3">
         <name>.debug_info</name>
         <load_address>0x4df5</load_address>
         <run_address>0x4df5</run_address>
         <size>0x885</size>
         <input_file_ref idref="fl-c8"/>
      </object_component>
      <object_component id="oc-bd">
         <name>.debug_info</name>
         <load_address>0x567a</load_address>
         <run_address>0x567a</run_address>
         <size>0x2c</size>
         <input_file_ref idref="fl-c8"/>
      </object_component>
      <object_component id="oc-c2">
         <name>.debug_info</name>
         <load_address>0x56a6</load_address>
         <run_address>0x56a6</run_address>
         <size>0x62</size>
         <input_file_ref idref="fl-c8"/>
      </object_component>
      <object_component id="oc-50">
         <name>.debug_info</name>
         <load_address>0x5708</load_address>
         <run_address>0x5708</run_address>
         <size>0x13f</size>
         <input_file_ref idref="fl-c9"/>
      </object_component>
      <object_component id="oc-5c">
         <name>.debug_info</name>
         <load_address>0x5847</load_address>
         <run_address>0x5847</run_address>
         <size>0x138</size>
         <input_file_ref idref="fl-ca"/>
      </object_component>
      <object_component id="oc-62">
         <name>.debug_info</name>
         <load_address>0x597f</load_address>
         <run_address>0x597f</run_address>
         <size>0x148</size>
         <input_file_ref idref="fl-cb"/>
      </object_component>
      <object_component id="oc-78">
         <name>.debug_info</name>
         <load_address>0x5ac7</load_address>
         <run_address>0x5ac7</run_address>
         <size>0x109</size>
         <input_file_ref idref="fl-cc"/>
      </object_component>
      <object_component id="oc-289">
         <name>.debug_info</name>
         <load_address>0x5bd0</load_address>
         <run_address>0x5bd0</run_address>
         <size>0x156</size>
         <input_file_ref idref="fl-cd"/>
      </object_component>
      <object_component id="oc-1b8">
         <name>.debug_info</name>
         <load_address>0x5d26</load_address>
         <run_address>0x5d26</run_address>
         <size>0x22a</size>
         <input_file_ref idref="fl-cd"/>
      </object_component>
      <object_component id="oc-27b">
         <name>.debug_info</name>
         <load_address>0x5f50</load_address>
         <run_address>0x5f50</run_address>
         <size>0x234</size>
         <input_file_ref idref="fl-ce"/>
      </object_component>
      <object_component id="oc-1a7">
         <name>.debug_info</name>
         <load_address>0x6184</load_address>
         <run_address>0x6184</run_address>
         <size>0x35c</size>
         <input_file_ref idref="fl-ce"/>
      </object_component>
      <object_component id="oc-27c">
         <name>.debug_info</name>
         <load_address>0x64e0</load_address>
         <run_address>0x64e0</run_address>
         <size>0x2c</size>
         <input_file_ref idref="fl-ce"/>
      </object_component>
      <object_component id="oc-281">
         <name>.debug_info</name>
         <load_address>0x650c</load_address>
         <run_address>0x650c</run_address>
         <size>0x69</size>
         <input_file_ref idref="fl-ce"/>
      </object_component>
      <object_component id="oc-148">
         <name>.debug_info</name>
         <load_address>0x6575</load_address>
         <run_address>0x6575</run_address>
         <size>0x190</size>
         <input_file_ref idref="fl-cf"/>
      </object_component>
      <object_component id="oc-b4">
         <name>.debug_info</name>
         <load_address>0x6705</load_address>
         <run_address>0x6705</run_address>
         <size>0x113</size>
         <input_file_ref idref="fl-cf"/>
      </object_component>
      <object_component id="oc-143">
         <name>.debug_info</name>
         <load_address>0x6818</load_address>
         <run_address>0x6818</run_address>
         <size>0x21f</size>
         <input_file_ref idref="fl-cf"/>
      </object_component>
      <object_component id="oc-31d">
         <name>.debug_info</name>
         <load_address>0x6a37</load_address>
         <run_address>0x6a37</run_address>
         <size>0x3f1</size>
         <input_file_ref idref="fl-d0"/>
      </object_component>
      <object_component id="oc-275">
         <name>.debug_info</name>
         <load_address>0x6e28</load_address>
         <run_address>0x6e28</run_address>
         <size>0x1554</size>
         <input_file_ref idref="fl-d0"/>
      </object_component>
      <object_component id="oc-31e">
         <name>.debug_info</name>
         <load_address>0x837c</load_address>
         <run_address>0x837c</run_address>
         <size>0x86</size>
         <input_file_ref idref="fl-d0"/>
      </object_component>
      <object_component id="oc-367">
         <name>.debug_info</name>
         <load_address>0x8402</load_address>
         <run_address>0x8402</run_address>
         <size>0x46</size>
         <input_file_ref idref="fl-d0"/>
      </object_component>
      <object_component id="oc-323">
         <name>.debug_info</name>
         <load_address>0x8448</load_address>
         <run_address>0x8448</run_address>
         <size>0x39</size>
         <input_file_ref idref="fl-d0"/>
      </object_component>
      <object_component id="oc-af">
         <name>.debug_info</name>
         <load_address>0x8481</load_address>
         <run_address>0x8481</run_address>
         <size>0x1d2</size>
         <input_file_ref idref="fl-d1"/>
      </object_component>
      <object_component id="oc-6e">
         <name>.debug_info</name>
         <load_address>0x8653</load_address>
         <run_address>0x8653</run_address>
         <size>0x167</size>
         <input_file_ref idref="fl-d1"/>
      </object_component>
      <object_component id="oc-139">
         <name>.debug_info</name>
         <load_address>0x87ba</load_address>
         <run_address>0x87ba</run_address>
         <size>0x5e</size>
         <input_file_ref idref="fl-d1"/>
      </object_component>
      <object_component id="oc-362">
         <name>.debug_info</name>
         <load_address>0x8818</load_address>
         <run_address>0x8818</run_address>
         <size>0x180</size>
         <input_file_ref idref="fl-d2"/>
      </object_component>
      <object_component id="oc-312">
         <name>.debug_info</name>
         <load_address>0x8998</load_address>
         <run_address>0x8998</run_address>
         <size>0x171</size>
         <input_file_ref idref="fl-d2"/>
      </object_component>
      <object_component id="oc-a7">
         <name>.debug_info</name>
         <load_address>0x8b09</load_address>
         <run_address>0x8b09</run_address>
         <size>0x355</size>
         <input_file_ref idref="fl-d3"/>
      </object_component>
      <object_component id="oc-68">
         <name>.debug_info</name>
         <load_address>0x8e5e</load_address>
         <run_address>0x8e5e</run_address>
         <size>0x190</size>
         <input_file_ref idref="fl-d3"/>
      </object_component>
      <object_component id="oc-ce">
         <name>.debug_info</name>
         <load_address>0x8fee</load_address>
         <run_address>0x8fee</run_address>
         <size>0x39</size>
         <input_file_ref idref="fl-d3"/>
      </object_component>
      <object_component id="oc-153">
         <name>.debug_info</name>
         <load_address>0x9027</load_address>
         <run_address>0x9027</run_address>
         <size>0x39</size>
         <input_file_ref idref="fl-d3"/>
      </object_component>
      <object_component id="oc-d3">
         <name>.debug_info</name>
         <load_address>0x9060</load_address>
         <run_address>0x9060</run_address>
         <size>0xcd</size>
         <input_file_ref idref="fl-d3"/>
      </object_component>
      <object_component id="oc-ca">
         <name>.debug_info</name>
         <load_address>0x912d</load_address>
         <run_address>0x912d</run_address>
         <size>0x24c</size>
         <input_file_ref idref="fl-d4"/>
      </object_component>
      <object_component id="oc-9e">
         <name>.debug_info</name>
         <load_address>0x9379</load_address>
         <run_address>0x9379</run_address>
         <size>0x183</size>
         <input_file_ref idref="fl-d4"/>
      </object_component>
      <object_component id="oc-14e">
         <name>.debug_info</name>
         <load_address>0x94fc</load_address>
         <run_address>0x94fc</run_address>
         <size>0x2c</size>
         <input_file_ref idref="fl-d4"/>
      </object_component>
      <object_component id="oc-37c">
         <name>.debug_info</name>
         <load_address>0x9528</load_address>
         <run_address>0x9528</run_address>
         <size>0xee</size>
         <input_file_ref idref="fl-d5"/>
      </object_component>
      <object_component id="oc-35f">
         <name>.debug_info</name>
         <load_address>0x9616</load_address>
         <run_address>0x9616</run_address>
         <size>0xfa</size>
         <input_file_ref idref="fl-d5"/>
      </object_component>
      <object_component id="oc-2fa">
         <name>.debug_info</name>
         <load_address>0x9710</load_address>
         <run_address>0x9710</run_address>
         <size>0x144</size>
         <input_file_ref idref="fl-d6"/>
      </object_component>
      <object_component id="oc-2d7">
         <name>.debug_info</name>
         <load_address>0x9854</load_address>
         <run_address>0x9854</run_address>
         <size>0x120</size>
         <input_file_ref idref="fl-d7"/>
      </object_component>
      <object_component id="oc-2e7">
         <name>.debug_info</name>
         <load_address>0x9974</load_address>
         <run_address>0x9974</run_address>
         <size>0x122</size>
         <input_file_ref idref="fl-d7"/>
      </object_component>
      <object_component id="oc-2e2">
         <name>.debug_info</name>
         <load_address>0x9a96</load_address>
         <run_address>0x9a96</run_address>
         <size>0x132</size>
         <input_file_ref idref="fl-d8"/>
      </object_component>
      <object_component id="oc-2db">
         <name>.debug_info</name>
         <load_address>0x9bc8</load_address>
         <run_address>0x9bc8</run_address>
         <size>0x132</size>
         <input_file_ref idref="fl-d9"/>
      </object_component>
      <object_component id="oc-2eb">
         <name>.debug_info</name>
         <load_address>0x9cfa</load_address>
         <run_address>0x9cfa</run_address>
         <size>0x126</size>
         <input_file_ref idref="fl-da"/>
      </object_component>
      <object_component id="oc-2f7">
         <name>.debug_info</name>
         <load_address>0x9e20</load_address>
         <run_address>0x9e20</run_address>
         <size>0x124</size>
         <input_file_ref idref="fl-db"/>
      </object_component>
      <object_component id="oc-347">
         <name>.debug_info</name>
         <load_address>0x9f44</load_address>
         <run_address>0x9f44</run_address>
         <size>0x1b8</size>
         <input_file_ref idref="fl-dc"/>
      </object_component>
      <object_component id="oc-2ef">
         <name>.debug_info</name>
         <load_address>0xa0fc</load_address>
         <run_address>0xa0fc</run_address>
         <size>0x1c2</size>
         <input_file_ref idref="fl-dc"/>
      </object_component>
      <object_component id="oc-364">
         <name>.debug_info</name>
         <load_address>0xa2be</load_address>
         <run_address>0xa2be</run_address>
         <size>0x15d</size>
         <input_file_ref idref="fl-dd"/>
      </object_component>
      <object_component id="oc-319">
         <name>.debug_info</name>
         <load_address>0xa41b</load_address>
         <run_address>0xa41b</run_address>
         <size>0x1ab</size>
         <input_file_ref idref="fl-dd"/>
      </object_component>
      <object_component id="oc-34b">
         <name>.debug_info</name>
         <load_address>0xa5c6</load_address>
         <run_address>0xa5c6</run_address>
         <size>0x1ab</size>
         <input_file_ref idref="fl-de"/>
      </object_component>
      <object_component id="oc-301">
         <name>.debug_info</name>
         <load_address>0xa771</load_address>
         <run_address>0xa771</run_address>
         <size>0x189</size>
         <input_file_ref idref="fl-de"/>
      </object_component>
      <object_component id="oc-34c">
         <name>.debug_info</name>
         <load_address>0xa8fa</load_address>
         <run_address>0xa8fa</run_address>
         <size>0x2c</size>
         <input_file_ref idref="fl-de"/>
      </object_component>
      <object_component id="oc-35b">
         <name>.debug_info</name>
         <load_address>0xa926</load_address>
         <run_address>0xa926</run_address>
         <size>0x1e8</size>
         <input_file_ref idref="fl-df"/>
      </object_component>
      <object_component id="oc-305">
         <name>.debug_info</name>
         <load_address>0xab0e</load_address>
         <run_address>0xab0e</run_address>
         <size>0x1e6</size>
         <input_file_ref idref="fl-df"/>
      </object_component>
      <object_component id="oc-a1">
         <name>.debug_info</name>
         <load_address>0xacf4</load_address>
         <run_address>0xacf4</run_address>
         <size>0x145</size>
         <input_file_ref idref="fl-e0"/>
      </object_component>
      <object_component id="oc-35d">
         <name>.debug_info</name>
         <load_address>0xae39</load_address>
         <run_address>0xae39</run_address>
         <size>0x161</size>
         <input_file_ref idref="fl-e1"/>
      </object_component>
      <object_component id="oc-30d">
         <name>.debug_info</name>
         <load_address>0xaf9a</load_address>
         <run_address>0xaf9a</run_address>
         <size>0x244</size>
         <input_file_ref idref="fl-e1"/>
      </object_component>
      <object_component id="oc-2d3">
         <name>.debug_info</name>
         <load_address>0xb1de</load_address>
         <run_address>0xb1de</run_address>
         <size>0x17d</size>
         <input_file_ref idref="fl-e2"/>
      </object_component>
      <object_component id="oc-358">
         <name>.debug_info</name>
         <load_address>0xb35b</load_address>
         <run_address>0xb35b</run_address>
         <size>0xf3</size>
         <input_file_ref idref="fl-e3"/>
      </object_component>
      <object_component id="oc-352">
         <name>.debug_info</name>
         <load_address>0xb44e</load_address>
         <run_address>0xb44e</run_address>
         <size>0x154</size>
         <input_file_ref idref="fl-e4"/>
      </object_component>
      <object_component id="oc-246">
         <name>.debug_info</name>
         <load_address>0xb5a2</load_address>
         <run_address>0xb5a2</run_address>
         <size>0x17a</size>
         <input_file_ref idref="fl-e5"/>
      </object_component>
      <object_component id="oc-23d">
         <name>.debug_info</name>
         <load_address>0xb71c</load_address>
         <run_address>0xb71c</run_address>
         <size>0x1aa</size>
         <input_file_ref idref="fl-e5"/>
      </object_component>
      <object_component id="oc-1e6">
         <name>.debug_info</name>
         <load_address>0xb8c6</load_address>
         <run_address>0xb8c6</run_address>
         <size>0x1e9</size>
         <input_file_ref idref="fl-e5"/>
      </object_component>
      <object_component id="oc-11e">
         <name>.debug_info</name>
         <load_address>0xbaaf</load_address>
         <run_address>0xbaaf</run_address>
         <size>0x1f4</size>
         <input_file_ref idref="fl-e5"/>
      </object_component>
      <object_component id="oc-124">
         <name>.debug_info</name>
         <load_address>0xbca3</load_address>
         <run_address>0xbca3</run_address>
         <size>0x1cb</size>
         <input_file_ref idref="fl-e5"/>
      </object_component>
      <object_component id="oc-dc">
         <name>.debug_info</name>
         <load_address>0xbe6e</load_address>
         <run_address>0xbe6e</run_address>
         <size>0x1c3</size>
         <input_file_ref idref="fl-e5"/>
      </object_component>
      <object_component id="oc-e2">
         <name>.debug_info</name>
         <load_address>0xc031</load_address>
         <run_address>0xc031</run_address>
         <size>0x1c9</size>
         <input_file_ref idref="fl-e5"/>
      </object_component>
      <object_component id="oc-118">
         <name>.debug_info</name>
         <load_address>0xc1fa</load_address>
         <run_address>0xc1fa</run_address>
         <size>0x214</size>
         <input_file_ref idref="fl-e5"/>
      </object_component>
      <object_component id="oc-259">
         <name>.debug_info</name>
         <load_address>0xc40e</load_address>
         <run_address>0xc40e</run_address>
         <size>0x19b</size>
         <input_file_ref idref="fl-e6"/>
      </object_component>
      <object_component id="oc-169">
         <name>.debug_info</name>
         <load_address>0xc5a9</load_address>
         <run_address>0xc5a9</run_address>
         <size>0x19e</size>
         <input_file_ref idref="fl-e6"/>
      </object_component>
      <object_component id="oc-2a4">
         <name>.debug_info</name>
         <load_address>0xc747</load_address>
         <run_address>0xc747</run_address>
         <size>0xf0</size>
         <input_file_ref idref="fl-e6"/>
      </object_component>
      <object_component id="oc-33b">
         <name>.debug_info</name>
         <load_address>0xc837</load_address>
         <run_address>0xc837</run_address>
         <size>0x16d</size>
         <input_file_ref idref="fl-e6"/>
      </object_component>
      <object_component id="oc-f2">
         <name>.debug_info</name>
         <load_address>0xc9a4</load_address>
         <run_address>0xc9a4</run_address>
         <size>0x188</size>
         <input_file_ref idref="fl-e6"/>
      </object_component>
      <object_component id="oc-ec">
         <name>.debug_info</name>
         <load_address>0xcb2c</load_address>
         <run_address>0xcb2c</run_address>
         <size>0x1ba</size>
         <input_file_ref idref="fl-e6"/>
      </object_component>
      <object_component id="oc-241">
         <name>.debug_info</name>
         <load_address>0xcce6</load_address>
         <run_address>0xcce6</run_address>
         <size>0x204</size>
         <input_file_ref idref="fl-e6"/>
      </object_component>
      <object_component id="oc-2b8">
         <name>.debug_info</name>
         <load_address>0xceea</load_address>
         <run_address>0xceea</run_address>
         <size>0x1cf</size>
         <input_file_ref idref="fl-e6"/>
      </object_component>
      <object_component id="oc-1fe">
         <name>.debug_info</name>
         <load_address>0xd0b9</load_address>
         <run_address>0xd0b9</run_address>
         <size>0x206</size>
         <input_file_ref idref="fl-e6"/>
      </object_component>
      <object_component id="oc-f9">
         <name>.debug_info</name>
         <load_address>0xd2bf</load_address>
         <run_address>0xd2bf</run_address>
         <size>0x1ab</size>
         <input_file_ref idref="fl-e6"/>
      </object_component>
      <object_component id="oc-2b3">
         <name>.debug_info</name>
         <load_address>0xd46a</load_address>
         <run_address>0xd46a</run_address>
         <size>0x1ad</size>
         <input_file_ref idref="fl-e6"/>
      </object_component>
      <object_component id="oc-332">
         <name>.debug_info</name>
         <load_address>0xd617</load_address>
         <run_address>0xd617</run_address>
         <size>0xe8</size>
         <input_file_ref idref="fl-e7"/>
      </object_component>
      <object_component id="oc-295">
         <name>.debug_info</name>
         <load_address>0xd6ff</load_address>
         <run_address>0xd6ff</run_address>
         <size>0xf6</size>
         <input_file_ref idref="fl-e7"/>
      </object_component>
      <object_component id="oc-1da">
         <name>.debug_info</name>
         <load_address>0xd7f5</load_address>
         <run_address>0xd7f5</run_address>
         <size>0x1cb</size>
         <input_file_ref idref="fl-e7"/>
      </object_component>
      <object_component id="oc-29a">
         <name>.debug_info</name>
         <load_address>0xd9c0</load_address>
         <run_address>0xd9c0</run_address>
         <size>0x219</size>
         <input_file_ref idref="fl-e7"/>
      </object_component>
      <object_component id="oc-1ea">
         <name>.debug_info</name>
         <load_address>0xdbd9</load_address>
         <run_address>0xdbd9</run_address>
         <size>0x1e0</size>
         <input_file_ref idref="fl-e7"/>
      </object_component>
      <object_component id="oc-1dd">
         <name>.debug_info</name>
         <load_address>0xddb9</load_address>
         <run_address>0xddb9</run_address>
         <size>0x22e</size>
         <input_file_ref idref="fl-e7"/>
      </object_component>
      <object_component id="oc-263">
         <name>.debug_info</name>
         <load_address>0xdfe7</load_address>
         <run_address>0xdfe7</run_address>
         <size>0x1f8</size>
         <input_file_ref idref="fl-e8"/>
      </object_component>
      <object_component id="oc-25f">
         <name>.debug_info</name>
         <load_address>0xe1df</load_address>
         <run_address>0xe1df</run_address>
         <size>0xff</size>
         <input_file_ref idref="fl-e8"/>
      </object_component>
      <object_component id="oc-16d">
         <name>.debug_info</name>
         <load_address>0xe2de</load_address>
         <run_address>0xe2de</run_address>
         <size>0x1b2</size>
         <input_file_ref idref="fl-e8"/>
      </object_component>
      <object_component id="oc-17f">
         <name>.debug_info</name>
         <load_address>0xe490</load_address>
         <run_address>0xe490</run_address>
         <size>0x1f7</size>
         <input_file_ref idref="fl-e8"/>
      </object_component>
      <object_component id="oc-18b">
         <name>.debug_info</name>
         <load_address>0xe687</load_address>
         <run_address>0xe687</run_address>
         <size>0x1f9</size>
         <input_file_ref idref="fl-e8"/>
      </object_component>
      <object_component id="oc-192">
         <name>.debug_info</name>
         <load_address>0xe880</load_address>
         <run_address>0xe880</run_address>
         <size>0x222</size>
         <input_file_ref idref="fl-e8"/>
      </object_component>
      <object_component id="oc-185">
         <name>.debug_info</name>
         <load_address>0xeaa2</load_address>
         <run_address>0xeaa2</run_address>
         <size>0x1cc</size>
         <input_file_ref idref="fl-e8"/>
      </object_component>
      <object_component id="oc-fe">
         <name>.debug_info</name>
         <load_address>0xec6e</load_address>
         <run_address>0xec6e</run_address>
         <size>0x28f</size>
         <input_file_ref idref="fl-e8"/>
      </object_component>
      <object_component id="oc-174">
         <name>.debug_info</name>
         <load_address>0xeefd</load_address>
         <run_address>0xeefd</run_address>
         <size>0x1cb</size>
         <input_file_ref idref="fl-e8"/>
      </object_component>
      <object_component id="oc-17a">
         <name>.debug_info</name>
         <load_address>0xf0c8</load_address>
         <run_address>0xf0c8</run_address>
         <size>0x1e0</size>
         <input_file_ref idref="fl-e8"/>
      </object_component>
      <object_component id="oc-2a8">
         <name>.debug_info</name>
         <load_address>0xf2a8</load_address>
         <run_address>0xf2a8</run_address>
         <size>0x17b</size>
         <input_file_ref idref="fl-e9"/>
      </object_component>
      <object_component id="oc-221">
         <name>.debug_info</name>
         <load_address>0xf423</load_address>
         <run_address>0xf423</run_address>
         <size>0x1bb</size>
         <input_file_ref idref="fl-e9"/>
      </object_component>
      <object_component id="oc-227">
         <name>.debug_info</name>
         <load_address>0xf5de</load_address>
         <run_address>0xf5de</run_address>
         <size>0x1bd</size>
         <input_file_ref idref="fl-e9"/>
      </object_component>
      <object_component id="oc-1f1">
         <name>.debug_info</name>
         <load_address>0xf79b</load_address>
         <run_address>0xf79b</run_address>
         <size>0x1c5</size>
         <input_file_ref idref="fl-e9"/>
      </object_component>
      <object_component id="oc-1f7">
         <name>.debug_info</name>
         <load_address>0xf960</load_address>
         <run_address>0xf960</run_address>
         <size>0x1f7</size>
         <input_file_ref idref="fl-e9"/>
      </object_component>
      <object_component id="oc-21c">
         <name>.debug_info</name>
         <load_address>0xfb57</load_address>
         <run_address>0xfb57</run_address>
         <size>0x1ef</size>
         <input_file_ref idref="fl-e9"/>
      </object_component>
      <object_component id="oc-e7">
         <name>.debug_info</name>
         <load_address>0xfd46</load_address>
         <run_address>0xfd46</run_address>
         <size>0x1c6</size>
         <input_file_ref idref="fl-e9"/>
      </object_component>
      <object_component id="oc-129">
         <name>.debug_info</name>
         <load_address>0xff0c</load_address>
         <run_address>0xff0c</run_address>
         <size>0x1f1</size>
         <input_file_ref idref="fl-e9"/>
      </object_component>
      <object_component id="oc-204">
         <name>.debug_info</name>
         <load_address>0x100fd</load_address>
         <run_address>0x100fd</run_address>
         <size>0x247</size>
         <input_file_ref idref="fl-e9"/>
      </object_component>
      <object_component id="oc-234">
         <name>.debug_info</name>
         <load_address>0x10344</load_address>
         <run_address>0x10344</run_address>
         <size>0x216</size>
         <input_file_ref idref="fl-e9"/>
      </object_component>
      <object_component id="oc-20a">
         <name>.debug_info</name>
         <load_address>0x1055a</load_address>
         <run_address>0x1055a</run_address>
         <size>0x1d0</size>
         <input_file_ref idref="fl-e9"/>
      </object_component>
      <object_component id="oc-22e">
         <name>.debug_info</name>
         <load_address>0x1072a</load_address>
         <run_address>0x1072a</run_address>
         <size>0x1d2</size>
         <input_file_ref idref="fl-e9"/>
      </object_component>
      <object_component id="oc-210">
         <name>.debug_info</name>
         <load_address>0x108fc</load_address>
         <run_address>0x108fc</run_address>
         <size>0x1c8</size>
         <input_file_ref idref="fl-e9"/>
      </object_component>
      <object_component id="oc-216">
         <name>.debug_info</name>
         <load_address>0x10ac4</load_address>
         <run_address>0x10ac4</run_address>
         <size>0x1ce</size>
         <input_file_ref idref="fl-e9"/>
      </object_component>
      <object_component id="oc-198">
         <name>.debug_info</name>
         <load_address>0x10c92</load_address>
         <run_address>0x10c92</run_address>
         <size>0x268</size>
         <input_file_ref idref="fl-ea"/>
      </object_component>
      <object_component id="oc-26d">
         <name>.debug_info</name>
         <load_address>0x10efa</load_address>
         <run_address>0x10efa</run_address>
         <size>0x18a</size>
         <input_file_ref idref="fl-ea"/>
      </object_component>
      <object_component id="oc-267">
         <name>.debug_info</name>
         <load_address>0x11084</load_address>
         <run_address>0x11084</run_address>
         <size>0x18c</size>
         <input_file_ref idref="fl-ea"/>
      </object_component>
      <object_component id="oc-1aa">
         <name>.debug_info</name>
         <load_address>0x11210</load_address>
         <run_address>0x11210</run_address>
         <size>0x196</size>
         <input_file_ref idref="fl-ea"/>
      </object_component>
      <object_component id="oc-1b0">
         <name>.debug_info</name>
         <load_address>0x113a6</load_address>
         <run_address>0x113a6</run_address>
         <size>0x1a6</size>
         <input_file_ref idref="fl-ea"/>
      </object_component>
      <object_component id="oc-19e">
         <name>.debug_info</name>
         <load_address>0x1154c</load_address>
         <run_address>0x1154c</run_address>
         <size>0x1b7</size>
[...]
      </symbol>
      <symbol id="sm-11e">
         <name>GetCmd</name>
         <value>0x20005ccf</value>
         <object_component_ref idref="oc-102"/>
      </symbol>
      <symbol id="sm-11f">
         <name>Message</name>
         <value>0x20005c6b</value>
         <object_component_ref idref="oc-102"/>
      </symbol>
      <symbol id="sm-120">
         <name>Report</name>
         <value>0x20005e0d</value>
         <object_component_ref idref="oc-102"/>
      </symbol>
      <symbol id="sm-121">
         <name>Error</name>
         <value>0x20005c97</value>
         <object_component_ref idref="oc-102"/>
      </symbol>
      <symbol id="sm-122">
         <name>InitTerm</name>
         <value>0x20005c4d</value>
         <object_component_ref idref="oc-102"/>
      </symbol>
      <symbol id="sm-123">
         <name>ClearTerm</name>
         <value>0x20005c8d</value>
         <object_component_ref idref="oc-102"/>
      </symbol>
      <symbol id="sm-124">
         <name>TrimSpace</name>
         <value>0x20005d75</value>
         <object_component_ref idref="oc-102"/>
      </symbol>
      <symbol id="sm-134">
         <name>_c_int00</name>
         <value>0x20007489</value>
         <object_component_ref idref="oc-24"/>
      </symbol>
      <symbol id="sm-135">
         <name>__stack</name>
         <value>0x2003f800</value>
         <object_component_ref idref="oc-29"/>
      </symbol>
      <symbol id="sm-153">
         <name>__TI_decompress_lzss</name>
         <value>0x200070c5</value>
         <object_component_ref idref="oc-12"/>
      </symbol>
      <symbol id="sm-16a">
         <name>__TI_decompress_none</name>
         <value>0x2000797f</value>
         <object_component_ref idref="oc-18"/>
      </symbol>
      <symbol id="sm-181">
         <name>__TI_zero_init</name>
         <value>0x2000799b</value>
         <object_component_ref idref="oc-1e"/>
      </symbol>
      <symbol id="sm-1a2">
         <name>C$$EXIT</name>
         <value>0x20007235</value>
         <object_component_ref idref="oc-71"/>
      </symbol>
      <symbol id="sm-1a3">
         <name>abort</name>
         <value>0x20007239</value>
         <object_component_ref idref="oc-71"/>
      </symbol>
      <symbol id="sm-1a4">
         <name>exit</name>
         <value>0x20007241</value>
         <object_component_ref idref="oc-71"/>
      </symbol>
      <symbol id="sm-1a5">
         <name>__TI_dtors_ptr</name>
         <value>0x2001d8e8</value>
         <object_component_ref idref="oc-b0"/>
      </symbol>
      <symbol id="sm-1a6">
         <name>__TI_cleanup_ptr</name>
         <value>0x2001d8e4</value>
         <object_component_ref idref="oc-b0"/>
      </symbol>
      <symbol id="sm-1a7">
         <name>__TI_enable_exit_profile_output</name>
         <value>0x2001d8ec</value>
         <object_component_ref idref="oc-b0"/>
      </symbol>
      <symbol id="sm-1c2">
         <name>memcpy</name>
         <value>0x20006abd</value>
         <object_component_ref idref="oc-41"/>
      </symbol>
      <symbol id="sm-1c3">
         <name>__aeabi_memcpy</name>
         <value>0x20006abd</value>
         <object_component_ref idref="oc-41"/>
      </symbol>
      <symbol id="sm-1c4">
         <name>__aeabi_memcpy8</name>
         <value>0x20006abd</value>
         <object_component_ref idref="oc-41"/>
      </symbol>
      <symbol id="sm-1c5">
         <name>__aeabi_memcpy4</name>
         <value>0x20006abd</value>
         <object_component_ref idref="oc-41"/>
      </symbol>
      <symbol id="sm-1d5">
         <name>memmove</name>
         <value>0x200076bd</value>
         <object_component_ref idref="oc-1bb"/>
      </symbol>
      <symbol id="sm-24c">
         <name>_sys_memory</name>
         <value>0x2001d000</value>
         <object_component_ref idref="oc-2a"/>
      </symbol>
      <symbol id="sm-24d">
         <name>free</name>
         <value>0x2000560f</value>
         <object_component_ref idref="oc-1c1"/>
      </symbol>
      <symbol id="sm-24e">
         <name>realloc</name>
         <value>0x200056cf</value>
         <object_component_ref idref="oc-1c1"/>
      </symbol>
      <symbol id="sm-24f">
         <name>memalign</name>
         <value>0x200057d9</value>
         <object_component_ref idref="oc-1c1"/>
      </symbol>
      <symbol id="sm-250">
         <name>calloc</name>
         <value>0x200058c5</value>
         <object_component_ref idref="oc-1c1"/>
      </symbol>
      <symbol id="sm-251">
         <name>malloc</name>
         <value>0x200055a5</value>
         <object_component_ref idref="oc-1c1"/>
      </symbol>
      <symbol id="sm-252">
         <name>minit</name>
         <value>0x20005525</value>
         <object_component_ref idref="oc-1c1"/>
      </symbol>
      <symbol id="sm-261">
         <name>__aeabi_memset</name>
         <value>0x20006e8d</value>
         <object_component_ref idref="oc-4d"/>
      </symbol>
      <symbol id="sm-262">
         <name>memset</name>
         <value>0x20006e93</value>
         <object_component_ref idref="oc-4d"/>
      </symbol>
      <symbol id="sm-263">
         <name>__aeabi_memset8</name>
         <value>0x20006e8d</value>
         <object_component_ref idref="oc-4d"/>
      </symbol>
      <symbol id="sm-264">
         <name>__aeabi_memset4</name>
         <value>0x20006e8d</value>
         <object_component_ref idref="oc-4d"/>
      </symbol>
      <symbol id="sm-265">
         <name>__aeabi_memclr8</name>
         <value>0x20006e8b</value>
         <object_component_ref idref="oc-4d"/>
      </symbol>
      <symbol id="sm-266">
         <name>__aeabi_memclr4</name>
         <value>0x20006e8b</value>
         <object_component_ref idref="oc-4d"/>
      </symbol>
      <symbol id="sm-267">
         <name>__aeabi_memclr</name>
         <value>0x20006e8b</value>
         <object_component_ref idref="oc-4d"/>
      </symbol>
      <symbol id="sm-271">
         <name>__mpu_init</name>
         <value>0x20006277</value>
         <object_component_ref idref="oc-59"/>
      </symbol>
      <symbol id="sm-27b">
         <name>_system_pre_init</name>
         <value>0x200079bf</value>
         <object_component_ref idref="oc-5f"/>
      </symbol>
      <symbol id="sm-283">
         <name>main_func_sp</name>
         <value>0x2001d910</value>
         <object_component_ref idref="oc-77"/>
      </symbol>
      <symbol id="sm-291">
         <name>strlen</name>
         <value>0x20007959</value>
         <object_component_ref idref="oc-1b5"/>
      </symbol>
      <symbol id="sm-2b2">
         <name>vsnprintf</name>
         <value>0x20006c75</value>
         <object_component_ref idref="oc-1a3"/>
      </symbol>
      <symbol id="sm-2cb">
         <name>_nop</name>
         <value>0x20007953</value>
         <object_component_ref idref="oc-140"/>
      </symbol>
      <symbol id="sm-2cc">
         <name>_lock</name>
         <value>0x2001d8fc</value>
         <object_component_ref idref="oc-b3"/>
      </symbol>
      <symbol id="sm-2cd">
         <name>_unlock</name>
         <value>0x2001d900</value>
         <object_component_ref idref="oc-b3"/>
      </symbol>
      <symbol id="sm-2ce">
         <name>_register_lock</name>
         <value>0x2000794b</value>
         <object_component_ref idref="oc-140"/>
      </symbol>
      <symbol id="sm-2cf">
         <name>_register_unlock</name>
         <value>0x20007945</value>
         <object_component_ref idref="oc-140"/>
      </symbol>
      <symbol id="sm-3d0">
         <name>__TI_printfi</name>
         <value>0x20004c39</value>
         <object_component_ref idref="oc-274"/>
      </symbol>
      <symbol id="sm-3e4">
         <name>_args_main</name>
         <value>0x200078ad</value>
         <object_component_ref idref="oc-6b"/>
      </symbol>
      <symbol id="sm-3fa">
         <name>atoi</name>
         <value>0x200072dd</value>
         <object_component_ref idref="oc-310"/>
      </symbol>
      <symbol id="sm-424">
         <name>__TI_auto_init</name>
         <value>0x20006fed</value>
         <object_component_ref idref="oc-65"/>
      </symbol>
      <symbol id="sm-43e">
         <name>copy_in</name>
         <value>0x20007329</value>
         <object_component_ref idref="oc-9a"/>
      </symbol>
      <symbol id="sm-449">
         <name>_ctypes_</name>
         <value>0x200079c4</value>
         <object_component_ref idref="oc-35e"/>
      </symbol>
      <symbol id="sm-460">
         <name>__aeabi_dsub</name>
         <value>0x200060c1</value>
         <object_component_ref idref="oc-2f9"/>
      </symbol>
      <symbol id="sm-461">
         <name>__aeabi_dadd</name>
         <value>0x200060cb</value>
         <object_component_ref idref="oc-2f9"/>
      </symbol>
      <symbol id="sm-483">
         <name>__aeabi_cdcmpeq</name>
         <value>0x20006cfd</value>
         <object_component_ref idref="oc-2d5"/>
      </symbol>
      <symbol id="sm-484">
         <name>__aeabi_cdcmple</name>
         <value>0x20006cfd</value>
         <object_component_ref idref="oc-2d5"/>
      </symbol>
      <symbol id="sm-485">
         <name>__aeabi_cdrcmple</name>
         <value>0x20006d83</value>
         <object_component_ref idref="oc-2e4"/>
      </symbol>
      <symbol id="sm-499">
         <name>__aeabi_ddiv</name>
         <value>0x20006589</value>
         <object_component_ref idref="oc-2df"/>
      </symbol>
      <symbol id="sm-4a4">
         <name>__aeabi_dmul</name>
         <value>0x200066bf</value>
         <object_component_ref idref="oc-2da"/>
      </symbol>
      <symbol id="sm-4ae">
         <name>__aeabi_d2iz</name>
         <value>0x200073bd</value>
         <object_component_ref idref="oc-2e9"/>
      </symbol>
      <symbol id="sm-4b8">
         <name>__aeabi_i2d</name>
         <value>0x2000759d</value>
         <object_component_ref idref="oc-2f4"/>
      </symbol>
      <symbol id="sm-4c7">
         <name>ltoa</name>
         <value>0x20007289</value>
         <object_component_ref idref="oc-2ee"/>
      </symbol>
      <symbol id="sm-4d7">
         <name>memccpy</name>
         <value>0x20007813</value>
         <object_component_ref idref="oc-316"/>
      </symbol>
      <symbol id="sm-4f2">
         <name>frexpl</name>
         <value>0x2000712d</value>
         <object_component_ref idref="oc-2fe"/>
      </symbol>
      <symbol id="sm-4f3">
         <name>frexp</name>
         <value>0x2000712d</value>
         <object_component_ref idref="oc-2fe"/>
      </symbol>
      <symbol id="sm-511">
         <name>scalbn</name>
         <value>0x2000689d</value>
         <object_component_ref idref="oc-304"/>
      </symbol>
      <symbol id="sm-512">
         <name>scalbnl</name>
         <value>0x2000689d</value>
         <object_component_ref idref="oc-304"/>
      </symbol>
      <symbol id="sm-513">
         <name>ldexpl</name>
         <value>0x2000689d</value>
         <object_component_ref idref="oc-304"/>
      </symbol>
      <symbol id="sm-514">
         <name>ldexp</name>
         <value>0x2000689d</value>
         <object_component_ref idref="oc-304"/>
      </symbol>
      <symbol id="sm-51e">
         <name>_system_post_cinit</name>
         <value>0x20006f7b</value>
         <object_component_ref idref="oc-a0"/>
      </symbol>
      <symbol id="sm-52e">
         <name>strchr</name>
         <value>0x200078f1</value>
         <object_component_ref idref="oc-30a"/>
      </symbol>
      <symbol id="sm-54a">
         <name>__aeabi_uldivmod</name>
         <value>0x20005ecd</value>
         <object_component_ref idref="oc-2d0"/>
      </symbol>
      <symbol id="sm-552">
         <name>errno</name>
         <value>0x2001d90c</value>
         <object_component_ref idref="oc-357"/>
      </symbol>
      <symbol id="sm-55c">
         <name>copysign</name>
         <value>0x200079b1</value>
         <object_component_ref idref="oc-351"/>
      </symbol>
      <symbol id="sm-55d">
         <name>copysignl</name>
         <value>0x200079b1</value>
         <object_component_ref idref="oc-351"/>
      </symbol>
      <symbol id="sm-5ad">
         <name>GPIOIntRegister</name>
         <value>0x20007745</value>
         <object_component_ref idref="oc-114"/>
      </symbol>
      <symbol id="sm-5ae">
         <name>GPIOIntEnable</name>
         <value>0x2000782f</value>
         <object_component_ref idref="oc-120"/>
      </symbol>
      <symbol id="sm-5af">
         <name>GPIOIntTypeSet</name>
         <value>0x20006e09</value>
         <object_component_ref idref="oc-11a"/>
      </symbol>
      <symbol id="sm-5b0">
         <name>GPIOIntClear</name>
         <value>0x2000791b</value>
         <object_component_ref idref="oc-de"/>
      </symbol>
      <symbol id="sm-5b1">
         <name>GPIOIntStatus</name>
         <value>0x200076e1</value>
         <object_component_ref idref="oc-d8"/>
      </symbol>
      <symbol id="sm-5b2">
         <name>GPIODirModeSet</name>
         <value>0x20007505</value>
         <object_component_ref idref="oc-1e2"/>
      </symbol>
      <symbol id="sm-62a">
         <name>IntPrioritySet</name>
         <value>0x200071e1</value>
         <object_component_ref idref="oc-1fb"/>
      </symbol>
      <symbol id="sm-62b">
         <name>IntVTableBaseSet</name>
         <value>0x20007931</value>
         <object_component_ref idref="oc-ea"/>
      </symbol>
      <symbol id="sm-62c">
         <name>IntEnable</name>
         <value>0x20006a15</value>
         <object_component_ref idref="oc-f6"/>
      </symbol>
      <symbol id="sm-62d">
         <name>IntDisable</name>
         <value>0x2000696d</value>
         <object_component_ref idref="oc-2b0"/>
      </symbol>
      <symbol id="sm-62e">
         <name>IntRegister</name>
         <value>0x20007725</value>
         <object_component_ref idref="oc-23f"/>
      </symbol>
      <symbol id="sm-62f">
         <name>IntUnregister</name>
         <value>0x20007675</value>
         <object_component_ref idref="oc-2b6"/>
      </symbol>
      <symbol id="sm-630">
         <name>IntMasterEnable</name>
         <value>0x200079a7</value>
         <object_component_ref idref="oc-f0"/>
      </symbol>
      <symbol id="sm-667">
         <name>PinTypeUART</name>
         <value>0x20007849</value>
         <object_component_ref idref="oc-1e8"/>
      </symbol>
      <symbol id="sm-668">
         <name>PinTypeGPIO</name>
         <value>0x2000753b</value>
         <object_component_ref idref="oc-1dc"/>
      </symbol>
      <symbol id="sm-669">
         <name>PinConfigSet</name>
         <value>0x20006bed</value>
         <object_component_ref idref="oc-298"/>
      </symbol>
      <symbol id="sm-66a">
         <name>PinModeSet</name>
         <value>0x20007449</value>
         <object_component_ref idref="oc-1d6"/>
      </symbol>
      <symbol id="sm-6f0">
         <name>PRCMPeripheralReset</name>
         <value>0x20007189</value>
         <object_component_ref idref="oc-184"/>
      </symbol>
      <symbol id="sm-6f1">
         <name>PRCMPeripheralClkEnable</name>
         <value>0x200074c9</value>
         <object_component_ref idref="oc-17e"/>
      </symbol>
      <symbol id="sm-6f2">
         <name>PRCMPeripheralClockGet</name>
         <value>0x20006b59</value>
         <object_component_ref idref="oc-191"/>
      </symbol>
      <symbol id="sm-6f3">
         <name>PRCMCC3200MCUInit</name>
         <value>0x20006411</value>
         <object_component_ref idref="oc-fc"/>
      </symbol>
      <symbol id="sm-6f4">
         <name>PRCMHIBRegWrite</name>
         <value>0x200078db</value>
         <object_component_ref idref="oc-178"/>
      </symbol>
      <symbol id="sm-6f5">
         <name>PRCMSysResetCauseGet</name>
         <value>0x200075cd</value>
         <object_component_ref idref="oc-16c"/>
      </symbol>
      <symbol id="sm-6f6">
         <name>PRCMPeripheralClkDisable</name>
         <value>0x2000764d</value>
         <object_component_ref idref="oc-18a"/>
      </symbol>
      <symbol id="sm-6f7">
         <name>PRCMHIBRegRead</name>
         <value>0x200078c5</value>
         <object_component_ref idref="oc-172"/>
      </symbol>
      <symbol id="sm-785">
         <name>TimerLoadSet</name>
         <value>0x200075f9</value>
         <object_component_ref idref="oc-219"/>
      </symbol>
      <symbol id="sm-786">
         <name>TimerDisable</name>
         <value>0x20007763</value>
         <object_component_ref idref="oc-225"/>
      </symbol>
      <symbol id="sm-787">
         <name>TimerValueSet</name>
         <value>0x20007703</value>
         <object_component_ref idref="oc-126"/>
      </symbol>
      <symbol id="sm-788">
         <name>TimerIntRegister</name>
         <value>0x20006f7d</value>
         <object_component_ref idref="oc-201"/>
      </symbol>
      <symbol id="sm-789">
         <name>TimerEnable</name>
         <value>0x20007781</value>
         <object_component_ref idref="oc-21f"/>
      </symbol>
      <symbol id="sm-78a">
         <name>TimerIntUnregister</name>
         <value>0x2000705d</value>
         <object_component_ref idref="oc-231"/>
      </symbol>
      <symbol id="sm-78b">
         <name>TimerIntStatus</name>
         <value>0x2000779f</value>
         <object_component_ref idref="oc-20d"/>
      </symbol>
      <symbol id="sm-78c">
         <name>TimerIntDisable</name>
         <value>0x20007863</value>
         <object_component_ref idref="oc-22b"/>
      </symbol>
      <symbol id="sm-78d">
         <name>TimerValueGet</name>
         <value>0x200077db</value>
         <object_component_ref idref="oc-e4"/>
      </symbol>
      <symbol id="sm-78e">
         <name>TimerPrescaleSet</name>
         <value>0x20007623</value>
         <object_component_ref idref="oc-1f5"/>
      </symbol>
      <symbol id="sm-78f">
         <name>TimerIntEnable</name>
         <value>0x2000787b</value>
         <object_component_ref idref="oc-207"/>
      </symbol>
      <symbol id="sm-790">
         <name>TimerConfigure</name>
         <value>0x20007405</value>
         <object_component_ref idref="oc-1ef"/>
      </symbol>
      <symbol id="sm-791">
         <name>TimerIntClear</name>
         <value>0x2000796d</value>
         <object_component_ref idref="oc-213"/>
      </symbol>
      <symbol id="sm-7cd">
         <name>UARTConfigSetExpClk</name>
         <value>0x20006f05</value>
         <object_component_ref idref="oc-197"/>
      </symbol>
      <symbol id="sm-7ce">
         <name>UARTDisable</name>
         <value>0x2000756d</value>
         <object_component_ref idref="oc-266"/>
      </symbol>
      <symbol id="sm-7cf">
         <name>UARTCharsAvail</name>
         <value>0x20007893</value>
         <object_component_ref idref="oc-1a9"/>
      </symbol>
      <symbol id="sm-7d0">
         <name>UARTCharGetNonBlocking</name>
         <value>0x200077f7</value>
         <object_component_ref idref="oc-1af"/>
      </symbol>
      <symbol id="sm-7d1">
         <name>UARTCharPut</name>
         <value>0x200077bd</value>
         <object_component_ref idref="oc-19d"/>
      </symbol>
      <symbol id="sm-7d2">
         <name>UARTEnable</name>
         <value>0x20007699</value>
         <object_component_ref idref="oc-26c"/>
      </symbol>
      <symbol id="sm-7d6">
         <name>UtilsDelay</name>
         <value>0x200079b9</value>
         <object_component_ref idref="oc-25b"/>
      </symbol>
      <symbol id="sm-7e0">
         <name>CPUcpsie</name>
         <value>0x20007907</value>
         <object_component_ref idref="oc-161"/>
      </symbol>
      <symbol id="sm-7e2">
         <name>__TI_static_base__</name>
         <value>0x20007dc8</value>
      </symbol>
      <symbol id="sm-7e5">
         <name>SHT$$INIT_ARRAY$$Limit</name>
         <value>0x0</value>
      </symbol>
      <symbol id="sm-7e6">
         <name>SHT$$INIT_ARRAY$$Base</name>
         <value>0x0</value>
      </symbol>
   </symbol_table>
   <title>Link successful</title>
</link_info>
